<html>
<body>
<pre>
<h1>µVision Build Log</h1>
<h2>Project:</h2>
E:\github\YH\template.uvproj
Project File Date:  11/25/2017

<h2>Output:</h2>
Build target 'template'
linking...
Program Size: Code=82580 RO-data=1520 RW-data=388 ZI-data=1009588  
".\output\obj\template.axf" - 0 Errors, 0 Warning(s).
Load "E:\\github\\YH\\output\\obj\\template.axf" 
Set JLink Project File to "E:\github\YH\JLinkSettings.ini"
* JLink Info: Device "STM32F103ZE" selected (512 KB flash, 64 KB RAM).
 
JLink info:
------------
DLL: V4.56 , compiled Oct 22 2012 19:40:04
Firmware: J-Link ARM V8 compiled Sep 20 2012 13:27:01
Hardware: V8.00
S/N : 17935099 
Feature(s) : RDI,FlashDL,FlashBP,JFlash 
 
* JLink Info: TotalIRLen = 9, IRPrint = 0x0011
* JLink Info: TotalIRLen = 9, IRPrint = 0x0011
* JLink Info: Found Cortex-M3 r1p1, Little endian.
* JLink Info: TPIU fitted.
* JLink Info: ETM fitted.
* JLink Info: FPUnit: 6 code (BP) slots and 2 literal slots
ROMTableAddr = 0xE00FF003
* JLink Info: Found Cortex-M3 r1p1, Little endian.
* JLink Info: TPIU fitted.
* JLink Info: ETM fitted.
* JLink Info: FPUnit: 6 code (BP) slots and 2 literal slots
 
Target info:
------------
Device: STM32F103ZE
VTarget = 2.827V
State of Pins: 
TCK: 1, TDI: 0, TDO: 1, TMS: 0, TRES: 1, TRST: 1
Hardware-Breakpoints: 6
Software-Breakpoints: 8192
Watchpoints:          4
JTAG speed: 2000 kHz
 
Erase Done.
Programming Done.
Verify OK.
Build target 'template'
compiling enc28j60.c...
src\HARDWARE\ENC28J60\enc28j60.c(68): warning:  #177-D: variable "EXTI_InitStructure" was declared but never referenced
src\HARDWARE\ENC28J60\enc28j60.c(69): warning:  #177-D: variable "NVIC_InitStructure" was declared but never referenced
src\HARDWARE\ENC28J60\enc28j60.c(133): warning:  #177-D: variable "reg" was declared but never referenced
linking...
Program Size: Code=82568 RO-data=1520 RW-data=388 ZI-data=1009588  
".\output\obj\template.axf" - 0 Errors, 3 Warning(s).
Load "E:\\github\\YH\\output\\obj\\template.axf" 
Set JLink Project File to "E:\github\YH\JLinkSettings.ini"
* JLink Info: Device "STM32F103ZE" selected (512 KB flash, 64 KB RAM).
 
JLink info:
------------
DLL: V4.56 , compiled Oct 22 2012 19:40:04
Firmware: J-Link ARM V8 compiled Sep 20 2012 13:27:01
Hardware: V8.00
S/N : 17935099 
Feature(s) : RDI,FlashDL,FlashBP,JFlash 
 
* JLink Info: TotalIRLen = 9, IRPrint = 0x0011
* JLink Info: TotalIRLen = 9, IRPrint = 0x0011
* JLink Info: Found Cortex-M3 r1p1, Little endian.
* JLink Info: TPIU fitted.
* JLink Info: ETM fitted.
* JLink Info: FPUnit: 6 code (BP) slots and 2 literal slots
ROMTableAddr = 0xE00FF003
* JLink Info: Found Cortex-M3 r1p1, Little endian.
* JLink Info: TPIU fitted.
* JLink Info: ETM fitted.
* JLink Info: FPUnit: 6 code (BP) slots and 2 literal slots
 
Target info:
------------
Device: STM32F103ZE
VTarget = 2.814V
State of Pins: 
TCK: 1, TDI: 0, TDO: 1, TMS: 0, TRES: 1, TRST: 1
Hardware-Breakpoints: 6
Software-Breakpoints: 8192
Watchpoints:          4
JTAG speed: 2000 kHz
 
Erase Done.
Programming Done.
Verify OK.
Build target 'template'
compiling enc28j60.c...
src\HARDWARE\ENC28J60\enc28j60.c(66): warning:  #177-D: variable "EXTI_InitStructure" was declared but never referenced
src\HARDWARE\ENC28J60\enc28j60.c(67): warning:  #177-D: variable "NVIC_InitStructure" was declared but never referenced
src\HARDWARE\ENC28J60\enc28j60.c(131): warning:  #177-D: variable "reg" was declared but never referenced
linking...
Program Size: Code=82396 RO-data=1520 RW-data=388 ZI-data=1009588  
".\output\obj\template.axf" - 0 Errors, 3 Warning(s).
Load "E:\\github\\YH\\output\\obj\\template.axf" 
Set JLink Project File to "E:\github\YH\JLinkSettings.ini"
* JLink Info: Device "STM32F103ZE" selected (512 KB flash, 64 KB RAM).
 
JLink info:
------------
DLL: V4.56 , compiled Oct 22 2012 19:40:04
Firmware: J-Link ARM V8 compiled Sep 20 2012 13:27:01
Hardware: V8.00
S/N : 17935099 
Feature(s) : RDI,FlashDL,FlashBP,JFlash 
 
* JLink Info: TotalIRLen = 9, IRPrint = 0x0011
* JLink Info: TotalIRLen = 9, IRPrint = 0x0011
* JLink Info: Found Cortex-M3 r1p1, Little endian.
* JLink Info: TPIU fitted.
* JLink Info: ETM fitted.
* JLink Info: FPUnit: 6 code (BP) slots and 2 literal slots
ROMTableAddr = 0xE00FF003
* JLink Info: Found Cortex-M3 r1p1, Little endian.
* JLink Info: TPIU fitted.
* JLink Info: ETM fitted.
* JLink Info: FPUnit: 6 code (BP) slots and 2 literal slots
 
Target info:
------------
Device: STM32F103ZE
VTarget = 2.834V
State of Pins: 
TCK: 1, TDI: 0, TDO: 1, TMS: 0, TRES: 1, TRST: 1
Hardware-Breakpoints: 6
Software-Breakpoints: 8192
Watchpoints:          4
JTAG speed: 2000 kHz
 
Erase Done.
Programming Done.
Verify OK.
Build target 'template'
compiling enc28j60.c...
src\HARDWARE\ENC28J60\enc28j60.c(66): warning:  #177-D: variable "EXTI_InitStructure" was declared but never referenced
src\HARDWARE\ENC28J60\enc28j60.c(67): warning:  #177-D: variable "NVIC_InitStructure" was declared but never referenced
src\HARDWARE\ENC28J60\enc28j60.c(131): warning:  #177-D: variable "reg" was declared but never referenced
linking...
Program Size: Code=82440 RO-data=1520 RW-data=388 ZI-data=1009588  
".\output\obj\template.axf" - 0 Errors, 3 Warning(s).
Load "E:\\github\\YH\\output\\obj\\template.axf" 
Set JLink Project File to "E:\github\YH\JLinkSettings.ini"
* JLink Info: Device "STM32F103ZE" selected (512 KB flash, 64 KB RAM).
 
JLink info:
------------
DLL: V4.56 , compiled Oct 22 2012 19:40:04
Firmware: J-Link ARM V8 compiled Sep 20 2012 13:27:01
Hardware: V8.00
S/N : 17935099 
Feature(s) : RDI,FlashDL,FlashBP,JFlash 
 
* JLink Info: TotalIRLen = 9, IRPrint = 0x0011
* JLink Info: TotalIRLen = 9, IRPrint = 0x0011
* JLink Info: Found Cortex-M3 r1p1, Little endian.
* JLink Info: TPIU fitted.
* JLink Info: ETM fitted.
* JLink Info: FPUnit: 6 code (BP) slots and 2 literal slots
ROMTableAddr = 0xE00FF003
* JLink Info: Found Cortex-M3 r1p1, Little endian.
* JLink Info: TPIU fitted.
* JLink Info: ETM fitted.
* JLink Info: FPUnit: 6 code (BP) slots and 2 literal slots
 
Target info:
------------
Device: STM32F103ZE
VTarget = 2.821V
State of Pins: 
TCK: 1, TDI: 0, TDO: 1, TMS: 0, TRES: 1, TRST: 1
Hardware-Breakpoints: 6
Software-Breakpoints: 8192
Watchpoints:          4
JTAG speed: 2000 kHz
 
Erase Done.
Programming Done.
Verify OK.
