ARM Linker, 5.03 [Build 76] [MDK-ARM Professional]

==============================================================================

Section Cross References

    stm32f10x_wwdg.o(.text) refers to stm32f10x_rcc.o(.text) for RCC_APB1PeriphResetCmd
    stm32f10x_adc.o(.text) refers to stm32f10x_rcc.o(.text) for RCC_APB2PeriphResetCmd
    stm32f10x_bkp.o(.text) refers to stm32f10x_rcc.o(.text) for RCC_BackupResetCmd
    stm32f10x_can.o(.text) refers to stm32f10x_rcc.o(.text) for RCC_APB1PeriphResetCmd
    stm32f10x_cec.o(.text) refers to stm32f10x_rcc.o(.text) for RCC_APB1PeriphResetCmd
    stm32f10x_dac.o(.text) refers to stm32f10x_rcc.o(.text) for RCC_APB1PeriphResetCmd
    stm32f10x_gpio.o(.text) refers to stm32f10x_rcc.o(.text) for RCC_APB2PeriphResetCmd
    stm32f10x_i2c.o(.text) refers to stm32f10x_rcc.o(.text) for RCC_APB1PeriphResetCmd
    stm32f10x_pwr.o(.text) refers to stm32f10x_rcc.o(.text) for RCC_APB1PeriphResetCmd
    stm32f10x_rcc.o(.text) refers to stm32f10x_rcc.o(.data) for APBAHBPrescTable
    stm32f10x_spi.o(.text) refers to stm32f10x_rcc.o(.text) for RCC_APB2PeriphResetCmd
    stm32f10x_tim.o(.text) refers to stm32f10x_rcc.o(.text) for RCC_APB2PeriphResetCmd
    stm32f10x_usart.o(.text) refers to stm32f10x_rcc.o(.text) for RCC_APB2PeriphResetCmd
    system_stm32f10x.o(.text) refers to system_stm32f10x.o(.data) for SystemCoreClock
    startup_stm32f10x_hd.o(STACK) refers (Special) to heapauxi.o(.text) for __use_two_region_memory
    startup_stm32f10x_hd.o(HEAP) refers (Special) to heapauxi.o(.text) for __use_two_region_memory
    startup_stm32f10x_hd.o(RESET) refers (Special) to heapauxi.o(.text) for __use_two_region_memory
    startup_stm32f10x_hd.o(RESET) refers to startup_stm32f10x_hd.o(STACK) for __initial_sp
    startup_stm32f10x_hd.o(RESET) refers to startup_stm32f10x_hd.o(.text) for Reset_Handler
    startup_stm32f10x_hd.o(RESET) refers to stm32f10x_it.o(.text) for NMI_Handler
    startup_stm32f10x_hd.o(RESET) refers to os_cpu_a.o(.text) for OS_CPU_PendSVHandler
    startup_stm32f10x_hd.o(RESET) refers to enc28j60.o(.text) for EXTI9_5_IRQHandler
    startup_stm32f10x_hd.o(RESET) refers to timerx.o(.text) for TIM6_IRQHandler
    startup_stm32f10x_hd.o(.text) refers (Special) to heapauxi.o(.text) for __use_two_region_memory
    startup_stm32f10x_hd.o(.text) refers to system_stm32f10x.o(.text) for SystemInit
    startup_stm32f10x_hd.o(.text) refers to __main.o(!!!main) for __main
    startup_stm32f10x_hd.o(.text) refers to startup_stm32f10x_hd.o(HEAP) for Heap_Mem
    startup_stm32f10x_hd.o(.text) refers to startup_stm32f10x_hd.o(STACK) for Stack_Mem
    main.o(.text) refers (Special) to use_no_semi_2.o(.text) for __use_no_semihosting
    main.o(.text) refers to mysys.o(.text) for NVIC_Configuration
    main.o(.text) refers to delay.o(.text) for delay_init
    main.o(.text) refers to sram.o(.text) for FSMC_SRAM_Init
    main.o(.text) refers to rt_memcpy_w.o(.text) for __aeabi_memcpy4
    main.o(.text) refers to array.o(.text) for array_new
    main.o(.text) refers to os_core.o(.text) for OSInit
    main.o(.text) refers to lwip_comm.o(.text) for lwip_comm_init
    main.o(.text) refers to os_task.o(.text) for OSTaskCreate
    main.o(.text) refers to main.o(.constdata) for .constdata
    main.o(.text) refers to main.o(.bss) for startup_task_stk
    main.o(.text) refers to task_startup.o(.text) for startup_task
    main.o(.bss) refers (Special) to use_no_semi_2.o(.text) for __use_no_semihosting
    main.o(.constdata) refers (Special) to use_no_semi_2.o(.text) for __use_no_semihosting
    main.o(.data) refers (Special) to use_no_semi_2.o(.text) for __use_no_semihosting
    stm32f10x_it.o(.text) refers to os_core.o(.text) for OSIntEnter
    sram.o(.text) refers to stm32f10x_rcc.o(.text) for RCC_APB2PeriphClockCmd
    sram.o(.text) refers to stm32f10x_gpio.o(.text) for GPIO_Init
    sram.o(.text) refers to stm32f10x_fsmc.o(.text) for FSMC_NORSRAMInit
    enc28j60.o(.text) refers to stm32f10x_spi.o(.text) for SPI_Cmd
    enc28j60.o(.text) refers to stm32f10x_rcc.o(.text) for RCC_APB1PeriphClockCmd
    enc28j60.o(.text) refers to stm32f10x_gpio.o(.text) for GPIO_Init
    enc28j60.o(.text) refers to os_cpu_a.o(.text) for OS_CPU_SR_Save
    enc28j60.o(.text) refers to os_core.o(.text) for OSIntEnter
    enc28j60.o(.text) refers to stm32f10x_exti.o(.text) for EXTI_GetITStatus
    enc28j60.o(.text) refers to os_sem.o(.text) for OSSemPost
    enc28j60.o(.text) refers to delay.o(.text) for delay_ms
    enc28j60.o(.text) refers to lwip_comm.o(.data) for sem_enc28j60input
    enc28j60.o(.text) refers to enc28j60.o(.data) for ENC28J60BANK
    timerx.o(.text) refers to stm32f10x_tim.o(.text) for TIM_GetITStatus
    timerx.o(.text) refers to stm32f10x_rcc.o(.text) for RCC_APB1PeriphClockCmd
    timerx.o(.text) refers to misc.o(.text) for NVIC_Init
    timerx.o(.text) refers to timerx.o(.data) for lwip_timer
    os_core.o(.text) refers to os_cpu_a.o(.text) for OS_CPU_SR_Save
[...]
    SPI_BiDirectionalLineConfig              0x080013bb   Thumb Code    28  stm32f10x_spi.o(.text)
    SPI_I2S_GetFlagStatus                    0x080013d7   Thumb Code    18  stm32f10x_spi.o(.text)
    SPI_I2S_ClearFlag                        0x080013e9   Thumb Code     6  stm32f10x_spi.o(.text)
    SPI_I2S_GetITStatus                      0x080013ef   Thumb Code    52  stm32f10x_spi.o(.text)
    SPI_I2S_ClearITPendingBit                0x08001423   Thumb Code    20  stm32f10x_spi.o(.text)
    TIM_DeInit                               0x08001445   Thumb Code   424  stm32f10x_tim.o(.text)
    TIM_TimeBaseInit                         0x080015ed   Thumb Code   122  stm32f10x_tim.o(.text)
    TIM_OC1Init                              0x08001667   Thumb Code   132  stm32f10x_tim.o(.text)
    TIM_OC2Init                              0x080016eb   Thumb Code   154  stm32f10x_tim.o(.text)
    TIM_OC3Init                              0x08001785   Thumb Code   150  stm32f10x_tim.o(.text)
    TIM_OC4Init                              0x0800181b   Thumb Code   182  stm32f10x_tim.o(.text)
    TIM_SetIC4Prescaler                      0x080018d1   Thumb Code    26  stm32f10x_tim.o(.text)
    TIM_SetIC3Prescaler                      0x0800196d   Thumb Code    18  stm32f10x_tim.o(.text)
    TIM_SetIC2Prescaler                      0x080019f9   Thumb Code    26  stm32f10x_tim.o(.text)
    TIM_SetIC1Prescaler                      0x08001a95   Thumb Code    18  stm32f10x_tim.o(.text)
    TIM_ICInit                               0x08001b13   Thumb Code   150  stm32f10x_tim.o(.text)
    TIM_PWMIConfig                           0x08001ba9   Thumb Code   124  stm32f10x_tim.o(.text)
    TIM_BDTRConfig                           0x08001c25   Thumb Code    32  stm32f10x_tim.o(.text)
    TIM_TimeBaseStructInit                   0x08001c45   Thumb Code    18  stm32f10x_tim.o(.text)
    TIM_OCStructInit                         0x08001c57   Thumb Code    20  stm32f10x_tim.o(.text)
    TIM_ICStructInit                         0x08001c6b   Thumb Code    18  stm32f10x_tim.o(.text)
    TIM_BDTRStructInit                       0x08001c7d   Thumb Code    40  stm32f10x_tim.o(.text)
    TIM_Cmd                                  0x08001ca5   Thumb Code    24  stm32f10x_tim.o(.text)
    TIM_CtrlPWMOutputs                       0x08001cbd   Thumb Code    30  stm32f10x_tim.o(.text)
    TIM_ITConfig                             0x08001cdb   Thumb Code    18  stm32f10x_tim.o(.text)
    TIM_GenerateEvent                        0x08001ced   Thumb Code     4  stm32f10x_tim.o(.text)
    TIM_DMAConfig                            0x08001cf1   Thumb Code    10  stm32f10x_tim.o(.text)
    TIM_DMACmd                               0x08001cfb   Thumb Code    18  stm32f10x_tim.o(.text)
    TIM_InternalClockConfig                  0x08001d0d   Thumb Code    12  stm32f10x_tim.o(.text)
    TIM_SelectInputTrigger                   0x08001d19   Thumb Code    18  stm32f10x_tim.o(.text)
    TIM_ITRxExternalClockConfig              0x08001d2b   Thumb Code    24  stm32f10x_tim.o(.text)
    TIM_TIxExternalClockConfig               0x08001d43   Thumb Code    62  stm32f10x_tim.o(.text)
    TIM_ETRConfig                            0x08001d81   Thumb Code    28  stm32f10x_tim.o(.text)
    TIM_ETRClockMode1Config                  0x08001d9d   Thumb Code    54  stm32f10x_tim.o(.text)
    TIM_ETRClockMode2Config                  0x08001dd3   Thumb Code    32  stm32f10x_tim.o(.text)
    TIM_PrescalerConfig                      0x08001df3   Thumb Code     6  stm32f10x_tim.o(.text)
    TIM_CounterModeConfig                    0x08001df9   Thumb Code    18  stm32f10x_tim.o(.text)
    TIM_EncoderInterfaceConfig               0x08001e0b   Thumb Code    66  stm32f10x_tim.o(.text)
    TIM_ForcedOC1Config                      0x08001e4d   Thumb Code    18  stm32f10x_tim.o(.text)
    TIM_ForcedOC2Config                      0x08001e5f   Thumb Code    26  stm32f10x_tim.o(.text)
    TIM_ForcedOC3Config                      0x08001e79   Thumb Code    18  stm32f10x_tim.o(.text)
    TIM_ForcedOC4Config                      0x08001e8b   Thumb Code    26  stm32f10x_tim.o(.text)
    TIM_ARRPreloadConfig                     0x08001ea5   Thumb Code    24  stm32f10x_tim.o(.text)
    TIM_SelectCOM                            0x08001ebd   Thumb Code    24  stm32f10x_tim.o(.text)
    TIM_SelectCCDMA                          0x08001ed5   Thumb Code    24  stm32f10x_tim.o(.text)
    TIM_CCPreloadControl                     0x08001eed   Thumb Code    24  stm32f10x_tim.o(.text)
    TIM_OC1PreloadConfig                     0x08001f05   Thumb Code    18  stm32f10x_tim.o(.text)
    TIM_OC2PreloadConfig                     0x08001f17   Thumb Code    26  stm32f10x_tim.o(.text)
    TIM_OC3PreloadConfig                     0x08001f31   Thumb Code    18  stm32f10x_tim.o(.text)
    TIM_OC4PreloadConfig                     0x08001f43   Thumb Code    26  stm32f10x_tim.o(.text)
    TIM_OC1FastConfig                        0x08001f5d   Thumb Code    18  stm32f10x_tim.o(.text)
    TIM_OC2FastConfig                        0x08001f6f   Thumb Code    26  stm32f10x_tim.o(.text)
    TIM_OC3FastConfig                        0x08001f89   Thumb Code    18  stm32f10x_tim.o(.text)
    TIM_OC4FastConfig                        0x08001f9b   Thumb Code    26  stm32f10x_tim.o(.text)
    TIM_ClearOC1Ref                          0x08001fb5   Thumb Code    18  stm32f10x_tim.o(.text)
    TIM_ClearOC2Ref                          0x08001fc7   Thumb Code    24  stm32f10x_tim.o(.text)
    TIM_ClearOC3Ref                          0x08001fdf   Thumb Code    18  stm32f10x_tim.o(.text)
    TIM_ClearOC4Ref                          0x08001ff1   Thumb Code    24  stm32f10x_tim.o(.text)
    TIM_OC1PolarityConfig                    0x08002009   Thumb Code    18  stm32f10x_tim.o(.text)
    TIM_OC1NPolarityConfig                   0x0800201b   Thumb Code    18  stm32f10x_tim.o(.text)
    TIM_OC2PolarityConfig                    0x0800202d   Thumb Code    26  stm32f10x_tim.o(.text)
    TIM_OC2NPolarityConfig                   0x08002047   Thumb Code    26  stm32f10x_tim.o(.text)
    TIM_OC3PolarityConfig                    0x08002061   Thumb Code    26  stm32f10x_tim.o(.text)
    TIM_OC3NPolarityConfig                   0x0800207b   Thumb Code    26  stm32f10x_tim.o(.text)
    TIM_OC4PolarityConfig                    0x08002095   Thumb Code    26  stm32f10x_tim.o(.text)
    TIM_CCxCmd                               0x080020af   Thumb Code    30  stm32f10x_tim.o(.text)
    TIM_CCxNCmd                              0x080020cd   Thumb Code    30  stm32f10x_tim.o(.text)
    TIM_SelectOCxM                           0x080020eb   Thumb Code    82  stm32f10x_tim.o(.text)
    TIM_UpdateDisableConfig                  0x0800213d   Thumb Code    24  stm32f10x_tim.o(.text)
    TIM_UpdateRequestConfig                  0x08002155   Thumb Code    24  stm32f10x_tim.o(.text)
    TIM_SelectHallSensor                     0x0800216d   Thumb Code    24  stm32f10x_tim.o(.text)
    TIM_SelectOnePulseMode                   0x08002185   Thumb Code    18  stm32f10x_tim.o(.text)
    TIM_SelectOutputTrigger                  0x08002197   Thumb Code    18  stm32f10x_tim.o(.text)
    TIM_SelectSlaveMode                      0x080021a9   Thumb Code    18  stm32f10x_tim.o(.text)
    TIM_SelectMasterSlaveMode                0x080021bb   Thumb Code    18  stm32f10x_tim.o(.text)
    TIM_SetCounter                           0x080021cd   Thumb Code     4  stm32f10x_tim.o(.text)
    TIM_SetAutoreload                        0x080021d1   Thumb Code     4  stm32f10x_tim.o(.text)
    TIM_SetCompare1                          0x080021d5   Thumb Code     4  stm32f10x_tim.o(.text)
    TIM_SetCompare2                          0x080021d9   Thumb Code     4  stm32f10x_tim.o(.text)
    TIM_SetCompare3                          0x080021dd   Thumb Code     4  stm32f10x_tim.o(.text)
    TIM_SetCompare4                          0x080021e1   Thumb Code     6  stm32f10x_tim.o(.text)
    TIM_SetClockDivision                     0x080021e7   Thumb Code    18  stm32f10x_tim.o(.text)
    TIM_GetCapture1                          0x080021f9   Thumb Code     6  stm32f10x_tim.o(.text)
    TIM_GetCapture2                          0x080021ff   Thumb Code     6  stm32f10x_tim.o(.text)
    TIM_GetCapture3                          0x08002205   Thumb Code     6  stm32f10x_tim.o(.text)
    TIM_GetCapture4                          0x0800220b   Thumb Code     8  stm32f10x_tim.o(.text)
    TIM_GetCounter                           0x08002213   Thumb Code     6  stm32f10x_tim.o(.text)
    TIM_GetPrescaler                         0x08002219   Thumb Code     6  stm32f10x_tim.o(.text)
    TIM_GetFlagStatus                        0x0800221f   Thumb Code    18  stm32f10x_tim.o(.text)
    TIM_ClearFlag                            0x08002231   Thumb Code     6  stm32f10x_tim.o(.text)
    TIM_GetITStatus                          0x08002237   Thumb Code    34  stm32f10x_tim.o(.text)
    TIM_ClearITPendingBit                    0x08002259   Thumb Code     6  stm32f10x_tim.o(.text)
    SystemInit                               0x0800233d   Thumb Code    78  system_stm32f10x.o(.text)
    SystemCoreClockUpdate                    0x0800238b   Thumb Code   142  system_stm32f10x.o(.text)
    Reset_Handler                            0x0800243d   Thumb Code     8  startup_stm32f10x_hd.o(.text)
    ADC1_2_IRQHandler                        0x08002457   Thumb Code     0  startup_stm32f10x_hd.o(.text)
    ADC3_IRQHandler                          0x08002457   Thumb Code     0  startup_stm32f10x_hd.o(.text)
    CAN1_RX1_IRQHandler                      0x08002457   Thumb Code     0  startup_stm32f10x_hd.o(.text)
    CAN1_SCE_IRQHandler                      0x08002457   Thumb Code     0  startup_stm32f10x_hd.o(.text)
    DMA1_Channel1_IRQHandler                 0x08002457   Thumb Code     0  startup_stm32f10x_hd.o(.text)
    DMA1_Channel2_IRQHandler                 0x08002457   Thumb Code     0  startup_stm32f10x_hd.o(.text)
    DMA1_Channel3_IRQHandler                 0x08002457   Thumb Code     0  startup_stm32f10x_hd.o(.text)
    DMA1_Channel4_IRQHandler                 0x08002457   Thumb Code     0  startup_stm32f10x_hd.o(.text)
    DMA1_Channel5_IRQHandler                 0x08002457   Thumb Code     0  startup_stm32f10x_hd.o(.text)
    DMA1_Channel6_IRQHandler                 0x08002457   Thumb Code     0  startup_stm32f10x_hd.o(.text)
    DMA1_Channel7_IRQHandler                 0x08002457   Thumb Code     0  startup_stm32f10x_hd.o(.text)
    DMA2_Channel1_IRQHandler                 0x08002457   Thumb Code     0  startup_stm32f10x_hd.o(.text)
    DMA2_Channel2_IRQHandler                 0x08002457   Thumb Code     0  startup_stm32f10x_hd.o(.text)
    DMA2_Channel3_IRQHandler                 0x08002457   Thumb Code     0  startup_stm32f10x_hd.o(.text)
    DMA2_Channel4_5_IRQHandler               0x08002457   Thumb Code     0  startup_stm32f10x_hd.o(.text)
    EXTI0_IRQHandler                         0x08002457   Thumb Code     0  startup_stm32f10x_hd.o(.text)
    EXTI15_10_IRQHandler                     0x08002457   Thumb Code     0  startup_stm32f10x_hd.o(.text)
    EXTI1_IRQHandler                         0x08002457   Thumb Code     0  startup_stm32f10x_hd.o(.text)
    EXTI2_IRQHandler                         0x08002457   Thumb Code     0  startup_stm32f10x_hd.o(.text)
    EXTI3_IRQHandler                         0x08002457   Thumb Code     0  startup_stm32f10x_hd.o(.text)
    EXTI4_IRQHandler                         0x08002457   Thumb Code     0  startup_stm32f10x_hd.o(.text)
    FLASH_IRQHandler                         0x08002457   Thumb Code     0  startup_stm32f10x_hd.o(.text)
    FSMC_IRQHandler                          0x08002457   Thumb Code     0  startup_stm32f10x_hd.o(.text)
    I2C1_ER_IRQHandler                       0x08002457   Thumb Code     0  startup_stm32f10x_hd.o(.text)
    I2C1_EV_IRQHandler                       0x08002457   Thumb Code     0  startup_stm32f10x_hd.o(.text)
    I2C2_ER_IRQHandler                       0x08002457   Thumb Code     0  startup_stm32f10x_hd.o(.text)
    I2C2_EV_IRQHandler                       0x08002457   Thumb Code     0  startup_stm32f10x_hd.o(.text)
    PVD_IRQHandler                           0x08002457   Thumb Code     0  startup_stm32f10x_hd.o(.text)
    RCC_IRQHandler                           0x08002457   Thumb Code     0  startup_stm32f10x_hd.o(.text)
    RTCAlarm_IRQHandler                      0x08002457   Thumb Code     0  startup_stm32f10x_hd.o(.text)
    RTC_IRQHandler                           0x08002457   Thumb Code     0  startup_stm32f10x_hd.o(.text)
    SDIO_IRQHandler                          0x08002457   Thumb Code     0  startup_stm32f10x_hd.o(.text)
    SPI1_IRQHandler                          0x08002457   Thumb Code     0  startup_stm32f10x_hd.o(.text)
    SPI2_IRQHandler                          0x08002457   Thumb Code     0  startup_stm32f10x_hd.o(.text)
    SPI3_IRQHandler                          0x08002457   Thumb Code     0  startup_stm32f10x_hd.o(.text)
    TAMPER_IRQHandler                        0x08002457   Thumb Code     0  startup_stm32f10x_hd.o(.text)
    TIM1_BRK_IRQHandler                      0x08002457   Thumb Code     0  startup_stm32f10x_hd.o(.text)
    TIM1_CC_IRQHandler                       0x08002457   Thumb Code     0  startup_stm32f10x_hd.o(.text)
    TIM1_TRG_COM_IRQHandler                  0x08002457   Thumb Code     0  startup_stm32f10x_hd.o(.text)
    TIM1_UP_IRQHandler                       0x08002457   Thumb Code     0  startup_stm32f10x_hd.o(.text)
    TIM2_IRQHandler                          0x08002457   Thumb Code     0  startup_stm32f10x_hd.o(.text)
    TIM3_IRQHandler                          0x08002457   Thumb Code     0  startup_stm32f10x_hd.o(.text)
    TIM4_IRQHandler                          0x08002457   Thumb Code     0  startup_stm32f10x_hd.o(.text)
    TIM5_IRQHandler                          0x08002457   Thumb Code     0  startup_stm32f10x_hd.o(.text)
    TIM7_IRQHandler                          0x08002457   Thumb Code     0  startup_stm32f10x_hd.o(.text)
    TIM8_BRK_IRQHandler                      0x08002457   Thumb Code     0  startup_stm32f10x_hd.o(.text)
    TIM8_CC_IRQHandler                       0x08002457   Thumb Code     0  startup_stm32f10x_hd.o(.text)
    TIM8_TRG_COM_IRQHandler                  0x08002457   Thumb Code     0  startup_stm32f10x_hd.o(.text)
    TIM8_UP_IRQHandler                       0x08002457   Thumb Code     0  startup_stm32f10x_hd.o(.text)
    UART4_IRQHandler                         0x08002457   Thumb Code     0  startup_stm32f10x_hd.o(.text)
    UART5_IRQHandler                         0x08002457   Thumb Code     0  startup_stm32f10x_hd.o(.text)
    USART1_IRQHandler                        0x08002457   Thumb Code     0  startup_stm32f10x_hd.o(.text)
    USART2_IRQHandler                        0x08002457   Thumb Code     0  startup_stm32f10x_hd.o(.text)
    USART3_IRQHandler                        0x08002457   Thumb Code     0  startup_stm32f10x_hd.o(.text)
    USBWakeUp_IRQHandler                     0x08002457   Thumb Code     0  startup_stm32f10x_hd.o(.text)
    USB_HP_CAN1_TX_IRQHandler                0x08002457   Thumb Code     0  startup_stm32f10x_hd.o(.text)
    USB_LP_CAN1_RX0_IRQHandler               0x08002457   Thumb Code     0  startup_stm32f10x_hd.o(.text)
    WWDG_IRQHandler                          0x08002457   Thumb Code     0  startup_stm32f10x_hd.o(.text)
    __user_initial_stackheap                 0x08002459   Thumb Code     0  startup_stm32f10x_hd.o(.text)
    _sys_exit                                0x0800247d   Thumb Code     6  main.o(.text)
    fputc                                    0x08002483   Thumb Code     2  main.o(.text)
    bsp_init                                 0x08002485   Thumb Code    16  main.o(.text)
    array_test                               0x08002495   Thumb Code    82  main.o(.text)
    main                                     0x080024e7   Thumb Code    34  main.o(.text)
    NMI_Handler                              0x08002515   Thumb Code     2  stm32f10x_it.o(.text)
    HardFault_Handler                        0x08002517   Thumb Code     4  stm32f10x_it.o(.text)
    MemManage_Handler                        0x0800251b   Thumb Code     4  stm32f10x_it.o(.text)
    BusFault_Handler                         0x0800251f   Thumb Code     4  stm32f10x_it.o(.text)
    UsageFault_Handler                       0x08002523   Thumb Code     4  stm32f10x_it.o(.text)
    SVC_Handler                              0x08002527   Thumb Code     2  stm32f10x_it.o(.text)
    DebugMon_Handler                         0x08002529   Thumb Code     2  stm32f10x_it.o(.text)
    PendSV_Handler                           0x0800252b   Thumb Code     2  stm32f10x_it.o(.text)
    SysTick_Handler                          0x0800252d   Thumb Code    16  stm32f10x_it.o(.text)
    FSMC_SRAM_Init                           0x0800253d   Thumb Code   182  sram.o(.text)
    FSMC_SRAM_WriteBuffer                    0x080025f3   Thumb Code    24  sram.o(.text)
    FSMC_SRAM_ReadBuffer                     0x0800260b   Thumb Code    22  sram.o(.text)
    fsmc_sram_test_write                     0x08002621   Thumb Code    16  sram.o(.text)
    fsmc_sram_test_read                      0x08002631   Thumb Code    20  sram.o(.text)
    SPI2_SetSpeed                            0x08002655   Thumb Code    36  enc28j60.o(.text)
    SPI2_ReadWriteByte                       0x08002679   Thumb Code    78  enc28j60.o(.text)
    ENC28J60_SPI2_Init                       0x080026c7   Thumb Code   220  enc28j60.o(.text)
    ENC28J60_Write_Op                        0x080027a3   Thumb Code    50  enc28j60.o(.text)
    EXTI9_5_IRQHandler                       0x080027d5   Thumb Code    60  enc28j60.o(.text)
    ENC28J60_Reset                           0x08002811   Thumb Code    42  enc28j60.o(.text)
    ENC28J60_Read_Op                         0x0800283b   Thumb Code    60  enc28j60.o(.text)
    ENC28J60_Read_Buf                        0x08002877   Thumb Code    50  enc28j60.o(.text)
    ENC28J60_Write_Buf                       0x080028a9   Thumb Code    44  enc28j60.o(.text)
    ENC28J60_Set_Bank                        0x080028d5   Thumb Code    48  enc28j60.o(.text)
    ENC28J60_Read                            0x08002905   Thumb Code    20  enc28j60.o(.text)
    ENC28J60_Write                           0x08002919   Thumb Code    24  enc28j60.o(.text)
    ENC28J60_PHY_Write                       0x08002931   Thumb Code    62  enc28j60.o(.text)
    ENC28J60_Init                            0x0800296f   Thumb Code   404  enc28j60.o(.text)
    ENC28J60_Get_EREVID                      0x08002b03   Thumb Code    10  enc28j60.o(.text)
    ENC28J60_Packet_Send                     0x08002b0d   Thumb Code   242  enc28j60.o(.text)
    ENC28J60_Packet_Receive                  0x08002bff   Thumb Code   300  enc28j60.o(.text)
    TIM6_IRQHandler                          0x08002d41   Thumb Code    32  timerx.o(.text)
    TIM6_Int_Init                            0x08002d61   Thumb Code    90  timerx.o(.text)
    OS_StrCopy                               0x08002dc5   Thumb Code    28  os_core.o(.text)
    OSEventNameGet                           0x08002de1   Thumb Code   100  os_core.o(.text)
    OS_StrLen                                0x08002e45   Thumb Code    20  os_core.o(.text)
    OSEventNameSet                           0x08002e59   Thumb Code   120  os_core.o(.text)
    OS_TaskIdle                              0x08002ed1   Thumb Code    32  os_core.o(.text)
    OS_MemClr                                0x08002f25   Thumb Code    18  os_core.o(.text)
    OSInit                                   0x08003021   Thumb Code    36  os_core.o(.text)
    OSIntEnter                               0x08003045   Thumb Code    28  os_core.o(.text)
    OSIntExit                                0x0800307b   Thumb Code   112  os_core.o(.text)
    OSSchedLock                              0x080030eb   Thumb Code    50  os_core.o(.text)
    OS_Sched                                 0x0800311d   Thumb Code    86  os_core.o(.text)
    OSSchedUnlock                            0x08003173   Thumb Code    84  os_core.o(.text)
    OSStart                                  0x080031c7   Thumb Code   156  os_core.o(.text)
    OSTimeTick                               0x08003263   Thumb Code   164  os_core.o(.text)
    OSVersion                                0x08003307   Thumb Code     6  os_core.o(.text)
    OS_Dummy                                 0x0800330d   Thumb Code     2  os_core.o(.text)
    OS_EventTaskRemove                       0x0800330f   Thumb Code    42  os_core.o(.text)
    OS_EventTaskRdy                          0x08003339   Thumb Code   118  os_core.o(.text)
    OS_EventTaskWait                         0x080033af   Thumb Code   112  os_core.o(.text)
    OS_EventWaitListInit                     0x0800341f   Thumb Code    28  os_core.o(.text)
    OS_MemCopy                               0x0800343b   Thumb Code    20  os_core.o(.text)
    OS_TCBInit                               0x0800344f   Thumb Code   274  os_core.o(.text)
    OSQAccept                                0x0800358d   Thumb Code    90  os_q.o(.text)
    OSQCreate                                0x080035e7   Thumb Code   150  os_q.o(.text)
    OSQDel                                   0x0800367d   Thumb Code   254  os_q.o(.text)
    OSQFlush                                 0x0800377b   Thumb Code    36  os_q.o(.text)
    OSQPend                                  0x0800379f   Thumb Code   278  os_q.o(.text)
    OSQPendAbort                             0x080038b5   Thumb Code   128  os_q.o(.text)
    OSQPost                                  0x08003935   Thumb Code   114  os_q.o(.text)
    OSQPostFront                             0x080039a7   Thumb Code   136  os_q.o(.text)
    OSQPostOpt                               0x08003a2f   Thumb Code   182  os_q.o(.text)
    OSQQuery                                 0x08003ae5   Thumb Code   100  os_q.o(.text)
    OS_QInit                                 0x08003b49   Thumb Code    46  os_q.o(.text)
    OSSemAccept                              0x08003b81   Thumb Code    44  os_sem.o(.text)
    OSSemCreate                              0x08003bad   Thumb Code    78  os_sem.o(.text)
    OSSemDel                                 0x08003bfb   Thumb Code   220  os_sem.o(.text)
    OSSemPend                                0x08003cd7   Thumb Code   228  os_sem.o(.text)
    OSSemPendAbort                           0x08003dbb   Thumb Code   128  os_sem.o(.text)
    OSSemPost                                0x08003e3b   Thumb Code    88  os_sem.o(.text)
    OSSemQuery                               0x08003e93   Thumb Code    82  os_sem.o(.text)
    OSSemSet                                 0x08003ee5   Thumb Code    68  os_sem.o(.text)
    OSTaskCreate                             0x08003f39   Thumb Code   150  os_task.o(.text)
    OSTaskCreateExt                          0x08003fcf   Thumb Code   162  os_task.o(.text)
    OSTaskDel                                0x08004071   Thumb Code   292  os_task.o(.text)
    OSTaskDelReq                             0x08004195   Thumb Code   100  os_task.o(.text)
    OSTaskNameGet                            0x080041f9   Thumb Code   116  os_task.o(.text)
    OSTaskNameSet                            0x0800426d   Thumb Code   132  os_task.o(.text)
    OSTimeDly                                0x08004319   Thumb Code    96  os_time.o(.text)
    OSTimeGet                                0x08004379   Thumb Code    24  os_time.o(.text)
    OSTimeSet                                0x08004391   Thumb Code    24  os_time.o(.text)
    OSInitHookBegin                          0x080043bd   Thumb Code     2  os_cpu_c.o(.text)
    OSInitHookEnd                            0x080043bf   Thumb Code     2  os_cpu_c.o(.text)
    OSTaskCreateHook                         0x080043c1   Thumb Code     2  os_cpu_c.o(.text)
    OSTaskDelHook                            0x080043c3   Thumb Code     2  os_cpu_c.o(.text)
    OSTaskIdleHook                           0x080043c5   Thumb Code     2  os_cpu_c.o(.text)
    OSTaskStatHook                           0x080043c7   Thumb Code     2  os_cpu_c.o(.text)
    OSTaskStkInit                            0x080043c9   Thumb Code   154  os_cpu_c.o(.text)
    OSTaskSwHook                             0x08004463   Thumb Code     2  os_cpu_c.o(.text)
    OSTCBInitHook                            0x08004465   Thumb Code     2  os_cpu_c.o(.text)
    OS_CPU_SR_Save                           0x08004469   Thumb Code     0  os_cpu_a.o(.text)
    OS_CPU_SR_Restore                        0x08004471   Thumb Code     0  os_cpu_a.o(.text)
    OSStartHighRdy                           0x08004477   Thumb Code     0  os_cpu_a.o(.text)
    OSCtxSw                                  0x08004497   Thumb Code     0  os_cpu_a.o(.text)
    OSIntCtxSw                               0x080044a1   Thumb Code     0  os_cpu_a.o(.text)
    OS_CPU_PendSVHandler                     0x080044ab   Thumb Code     0  os_cpu_a.o(.text)
    startup_task                             0x08004569   Thumb Code    36  task_startup.o(.text)
    task_udpserver                           0x0800459d   Thumb Code   186  task_udpserver.o(.text)
    pvPortMemDeinit                          0x08004665   Thumb Code    28  lib_mem.o(.text)
    pvPortMalloc                             0x08004741   Thumb Code   156  lib_mem.o(.text)
    pvPortCalloc                             0x080047dd   Thumb Code    32  lib_mem.o(.text)
    vPortFree                                0x080047fd   Thumb Code    56  lib_mem.o(.text)
    xPortGetFreeHeapSize                     0x08004835   Thumb Code     6  lib_mem.o(.text)
    vPortInitialiseBlocks                    0x0800483b   Thumb Code     2  lib_mem.o(.text)
    array_new_conf                           0x08004855   Thumb Code   138  array.o(.text)
    array_conf_init                          0x080048df   Thumb Code    24  array.o(.text)
    array_new                                0x080048f7   Thumb Code    24  array.o(.text)
    array_destroy                            0x0800490f   Thumb Code    18  array.o(.text)
    array_destroy_free                       0x08004921   Thumb Code    34  array.o(.text)
    array_add                                0x080049a3   Thumb Code    48  array.o(.text)
    array_add_at                             0x080049d3   Thumb Code   116  array.o(.text)
    array_replace_at                         0x08004a47   Thumb Code    34  array.o(.text)
    array_index_of                           0x08004a69   Thumb Code    38  array.o(.text)
    array_remove                             0x08004a8f   Thumb Code    92  array.o(.text)
    array_remove_at                          0x08004aeb   Thumb Code    76  array.o(.text)
    array_remove_last                        0x08004b37   Thumb Code    20  array.o(.text)
    array_remove_all                         0x08004b4b   Thumb Code     6  array.o(.text)
    array_remove_all_free                    0x08004b51   Thumb Code    34  array.o(.text)
    array_get_at                             0x08004b73   Thumb Code    24  array.o(.text)
    array_get_last                           0x08004b8b   Thumb Code    28  array.o(.text)
    array_get_buffer                         0x08004ba7   Thumb Code     6  array.o(.text)
    array_subarray                           0x08004bad   Thumb Code   114  array.o(.text)
    array_copy_shallow                       0x08004c1f   Thumb Code    86  array.o(.text)
    array_copy_deep                          0x08004c75   Thumb Code   120  array.o(.text)
    array_filter_mut                         0x08004ced   Thumb Code   122  array.o(.text)
    array_filter                             0x08004d67   Thumb Code   142  array.o(.text)
    array_reverse                            0x08004df5   Thumb Code    50  array.o(.text)
    array_trim_capacity                      0x08004e27   Thumb Code    74  array.o(.text)
    array_contains_value                     0x08004e71   Thumb Code    48  array.o(.text)
    array_contains                           0x08004ea1   Thumb Code    18  array.o(.text)
    array_size                               0x08004eb3   Thumb Code     6  array.o(.text)
    array_capacity                           0x08004eb9   Thumb Code     6  array.o(.text)
    array_sort                               0x08004ebf   Thumb Code    20  array.o(.text)
    array_map                                0x08004ed3   Thumb Code    28  array.o(.text)
    array_reduce                             0x08004eef   Thumb Code    74  array.o(.text)
    array_iter_init                          0x08004f39   Thumb Code    10  array.o(.text)
    array_iter_next                          0x08004f43   Thumb Code    42  array.o(.text)
    array_iter_remove                        0x08004f6d   Thumb Code    36  array.o(.text)
    array_iter_add                           0x08004f91   Thumb Code    24  array.o(.text)
    array_iter_replace                       0x08004fa9   Thumb Code    24  array.o(.text)
    array_iter_index                         0x08004fc1   Thumb Code     8  array.o(.text)
    array_zip_iter_init                      0x08004fc9   Thumb Code    12  array.o(.text)
    array_zip_iter_next                      0x08004fd5   Thumb Code    66  array.o(.text)
    array_zip_iter_remove                    0x08005017   Thumb Code    76  array.o(.text)
    array_zip_iter_add                       0x08005063   Thumb Code    86  array.o(.text)
    array_zip_iter_replace                   0x080050b9   Thumb Code    78  array.o(.text)
    array_zip_iter_index                     0x08005107   Thumb Code     8  array.o(.text)
    cc_common_cmp_str                        0x08005115   Thumb Code    16  common.o(.text)
    cc_common_cmp_ptr                        0x08005125   Thumb Code    24  common.o(.text)
    cc_common_cmp_ref                        0x0800513d   Thumb Code    30  common.o(.text)
    NVIC_Configuration                       0x0800515b   Thumb Code    12  mysys.o(.text)
    delay_osschedlock                        0x08005169   Thumb Code     8  delay.o(.text)
    delay_osschedunlock                      0x08005171   Thumb Code     8  delay.o(.text)
    delay_ostimedly                          0x08005179   Thumb Code    12  delay.o(.text)
    delay_init                               0x08005185   Thumb Code    76  delay.o(.text)
    delay_us                                 0x080051d1   Thumb Code    86  delay.o(.text)
    delay_ms                                 0x08005227   Thumb Code    66  delay.o(.text)
    lwip_netcard_input_task                  0x08005281   Thumb Code    12  lwip_comm.o(.text)
    lwip_comm_mem_free                       0x0800528d   Thumb Code    36  lwip_comm.o(.text)
    lwip_comm_mem_malloc                     0x080052b1   Thumb Code    92  lwip_comm.o(.text)
    lwip_comm_default_ip_set                 0x0800530d   Thumb Code    90  lwip_comm.o(.text)
    lwip_comm_init                           0x08005367   Thumb Code   228  lwip_comm.o(.text)
    etharp_tmr                               0x080054e9   Thumb Code   144  etharp.o(.text)
    etharp_cleanup_netif                     0x080059c7   Thumb Code    52  etharp.o(.text)
    etharp_find_addr                         0x080059fb   Thumb Code   110  etharp.o(.text)
    etharp_request                           0x08005cd3   Thumb Code    40  etharp.o(.text)
    etharp_query                             0x08005d89   Thumb Code   646  etharp.o(.text)
    etharp_output                            0x0800600f   Thumb Code   392  etharp.o(.text)
    ethernet_input                           0x08006197   Thumb Code   204  etharp.o(.text)
    ethernetif_input                         0x080063bb   Thumb Code    64  ethernetif.o(.text)
    ethernetif_init                          0x080063fb   Thumb Code    56  ethernetif.o(.text)
    lwip_htons                               0x080064ad   Thumb Code    12  def.o(.text)
    lwip_ntohs                               0x080064b9   Thumb Code    12  def.o(.text)
    lwip_htonl                               0x080064c5   Thumb Code    26  def.o(.text)
    lwip_ntohl                               0x080064df   Thumb Code    12  def.o(.text)
    lwip_init                                0x080064eb   Thumb Code    36  init.o(.text)
    mem_init                                 0x080065ed   Thumb Code   114  mem.o(.text)
    mem_free                                 0x0800665f   Thumb Code   182  mem.o(.text)
    mem_trim                                 0x08006715   Thumb Code   338  mem.o(.text)
    mem_malloc                               0x08006867   Thumb Code   796  mem.o(.text)
    mem_calloc                               0x08006b83   Thumb Code    34  mem.o(.text)
    memp_get_memorysize                      0x08006c55   Thumb Code     8  memp.o(.text)
    memp_init                                0x08006c5d   Thumb Code    86  memp.o(.text)
    memp_malloc                              0x08006cb3   Thumb Code   102  memp.o(.text)
    memp_free                                0x08006d19   Thumb Code    74  memp.o(.text)
    netif_init                               0x08006e29   Thumb Code     2  netif.o(.text)
    netif_set_gw                             0x08006e2b   Thumb Code    16  netif.o(.text)
    netif_set_netmask                        0x08006e3b   Thumb Code    16  netif.o(.text)
    netif_set_ipaddr                         0x08006e4b   Thumb Code   124  netif.o(.text)
    netif_set_addr                           0x08006ec7   Thumb Code    40  netif.o(.text)
    netif_add                                0x08006eef   Thumb Code   148  netif.o(.text)
    netif_set_default                        0x08006f83   Thumb Code    10  netif.o(.text)
    netif_set_down                           0x08006f8d   Thumb Code    42  netif.o(.text)
    netif_remove                             0x08006fb7   Thumb Code    94  netif.o(.text)
    netif_find                               0x08007015   Thumb Code    72  netif.o(.text)
    netif_set_up                             0x0800705d   Thumb Code    54  netif.o(.text)
    netif_set_link_up                        0x08007093   Thumb Code    54  netif.o(.text)
    netif_set_link_down                      0x080070c9   Thumb Code    24  netif.o(.text)
    pbuf_free                                0x080071e1   Thumb Code   274  pbuf.o(.text)
    pbuf_alloc                               0x080072f3   Thumb Code  1146  pbuf.o(.text)
    pbuf_alloced_custom                      0x0800776d   Thumb Code   152  pbuf.o(.text)
    pbuf_realloc                             0x08007805   Thumb Code   272  pbuf.o(.text)
    pbuf_header                              0x08007915   Thumb Code   214  pbuf.o(.text)
    pbuf_clen                                0x080079eb   Thumb Code    18  pbuf.o(.text)
    pbuf_ref                                 0x080079fd   Thumb Code    26  pbuf.o(.text)
    pbuf_cat                                 0x08007a17   Thumb Code   138  pbuf.o(.text)
    pbuf_chain                               0x08007aa1   Thumb Code    26  pbuf.o(.text)
    pbuf_dechain                             0x08007abb   Thumb Code   550  pbuf.o(.text)
    pbuf_copy                                0x08007ce1   Thumb Code   350  pbuf.o(.text)
    pbuf_copy_partial                        0x08007e3f   Thumb Code   190  pbuf.o(.text)
    pbuf_take                                0x08007efd   Thumb Code   214  pbuf.o(.text)
    pbuf_coalesce                            0x08007fd3   Thumb Code    84  pbuf.o(.text)
    pbuf_get_at                              0x08008027   Thumb Code    46  pbuf.o(.text)
    pbuf_memcmp                              0x08008055   Thumb Code    96  pbuf.o(.text)
    pbuf_memfind                             0x080080b5   Thumb Code   434  pbuf.o(.text)
    pbuf_strstr                              0x08008267   Thumb Code    60  pbuf.o(.text)
    raw_input                                0x080082a5   Thumb Code   102  raw.o(.text)
    raw_bind                                 0x0800830b   Thumb Code    16  raw.o(.text)
    raw_connect                              0x0800831b   Thumb Code    16  raw.o(.text)
    raw_recv                                 0x0800832b   Thumb Code     6  raw.o(.text)
    raw_sendto                               0x08008331   Thumb Code   190  raw.o(.text)
    raw_send                                 0x080083ef   Thumb Code    18  raw.o(.text)
    raw_remove                               0x08008401   Thumb Code    60  raw.o(.text)
    raw_new                                  0x0800843d   Thumb Code    46  raw.o(.text)
    tcp_init                                 0x080084f1   Thumb Code     2  tcp.o(.text)
    tcp_seg_free                             0x080084f3   Thumb Code    26  tcp.o(.text)
    tcp_segs_free                            0x0800850d   Thumb Code    24  tcp.o(.text)
    tcp_pcb_purge                            0x08008525   Thumb Code   106  tcp.o(.text)
    tcp_slowtmr                              0x0800858f   Thumb Code  1434  tcp.o(.text)
    tcp_pcb_remove                           0x08008b29   Thumb Code   222  tcp.o(.text)
    tcp_close                                0x08008dd3   Thumb Code    28  tcp.o(.text)
    tcp_update_rcv_ann_wnd                   0x08008def   Thumb Code   394  tcp.o(.text)
    tcp_recved                               0x08008f79   Thumb Code   136  tcp.o(.text)
    tcp_recv_null                            0x08009001   Thumb Code    46  tcp.o(.text)
    tcp_process_refused_data                 0x0800902f   Thumb Code   152  tcp.o(.text)
    tcp_fasttmr                              0x080090c7   Thumb Code   114  tcp.o(.text)
    tcp_tmr                                  0x08009139   Thumb Code    30  tcp.o(.text)
    tcp_shutdown                             0x08009157   Thumb Code    98  tcp.o(.text)
    tcp_abandon                              0x080091b9   Thumb Code   178  tcp.o(.text)
    tcp_abort                                0x0800926b   Thumb Code    14  tcp.o(.text)
    tcp_bind                                 0x080092d9   Thumb Code   372  tcp.o(.text)
    tcp_listen_with_backlog                  0x08009455   Thumb Code   222  tcp.o(.text)
    tcp_eff_send_mss                         0x08009533   Thumb Code    46  tcp.o(.text)
    tcp_next_iss                             0x08009561   Thumb Code    20  tcp.o(.text)
    tcp_connect                              0x08009575   Thumb Code   356  tcp.o(.text)
    tcp_setprio                              0x080096d9   Thumb Code     4  tcp.o(.text)
    tcp_seg_copy                             0x080096dd   Thumb Code    38  tcp.o(.text)
    tcp_alloc                                0x08009789   Thumb Code   332  tcp.o(.text)
    tcp_new                                  0x080098d5   Thumb Code    10  tcp.o(.text)
    tcp_arg                                  0x080098df   Thumb Code     4  tcp.o(.text)
    tcp_recv                                 0x080098e3   Thumb Code    44  tcp.o(.text)
    tcp_sent                                 0x0800990f   Thumb Code    42  tcp.o(.text)
    tcp_err                                  0x08009939   Thumb Code    42  tcp.o(.text)
    tcp_accept                               0x08009963   Thumb Code     4  tcp.o(.text)
    tcp_poll                                 0x08009967   Thumb Code    48  tcp.o(.text)
    tcp_debug_state_str                      0x08009997   Thumb Code    10  tcp.o(.text)
    tcp_input                                0x0800b179   Thumb Code  1618  tcp_in.o(.text)
    tcp_enqueue_flags                        0x0800b961   Thumb Code   418  tcp_out.o(.text)
    tcp_send_fin                             0x0800bb03   Thumb Code    74  tcp_out.o(.text)
    tcp_write                                0x0800bde7   Thumb Code  1746  tcp_out.o(.text)
    tcp_send_empty_ack                       0x0800c4b9   Thumb Code   104  tcp_out.o(.text)
    tcp_output                               0x0800c607   Thumb Code   708  tcp_out.o(.text)
    tcp_rst                                  0x0800c8cb   Thumb Code   180  tcp_out.o(.text)
    tcp_rexmit_rto                           0x0800c97f   Thumb Code    58  tcp_out.o(.text)
    tcp_rexmit                               0x0800c9b9   Thumb Code    90  tcp_out.o(.text)
    tcp_rexmit_fast                          0x0800ca13   Thumb Code   120  tcp_out.o(.text)
    tcp_keepalive                            0x0800ca8b   Thumb Code   102  tcp_out.o(.text)
    tcp_zero_window_probe                    0x0800caf1   Thumb Code   198  tcp_out.o(.text)
    sys_timeout                              0x0800cbb9   Thumb Code   174  timers.o(.text)
    tcp_timer_needed                         0x0800cc8f   Thumb Code    38  timers.o(.text)
    sys_timeouts_init                        0x0800cce9   Thumb Code    28  timers.o(.text)
    sys_untimeout                            0x0800cd05   Thumb Code    90  timers.o(.text)
    sys_timeouts_mbox_fetch                  0x0800cd5f   Thumb Code   132  timers.o(.text)
    udp_init                                 0x0800ce95   Thumb Code     2  udp.o(.text)
    udp_input                                0x0800cee7   Thumb Code   490  udp.o(.text)
    udp_bind                                 0x0800d0d1   Thumb Code   170  udp.o(.text)
    udp_sendto_if                            0x0800d17b   Thumb Code   504  udp.o(.text)
    udp_sendto                               0x0800d373   Thumb Code    54  udp.o(.text)
    udp_send                                 0x0800d3a9   Thumb Code    20  udp.o(.text)
    udp_connect                              0x0800d3bd   Thumb Code    98  udp.o(.text)
    udp_disconnect                           0x0800d41f   Thumb Code    16  udp.o(.text)
    udp_recv                                 0x0800d42f   Thumb Code     6  udp.o(.text)
    udp_remove                               0x0800d435   Thumb Code    60  udp.o(.text)
    udp_new                                  0x0800d471   Thumb Code    28  udp.o(.text)
    icmp_input                               0x0800d491   Thumb Code   524  icmp.o(.text)
    icmp_dest_unreach                        0x0800d73d   Thumb Code    18  icmp.o(.text)
    icmp_time_exceeded                       0x0800d74f   Thumb Code    18  icmp.o(.text)
    inet_chksum_pseudo                       0x0800d937   Thumb Code   170  inet_chksum.o(.text)
    inet_chksum_pseudo_partial               0x0800d9e1   Thumb Code   218  inet_chksum.o(.text)
    inet_chksum                              0x0800dabb   Thumb Code    20  inet_chksum.o(.text)
    inet_chksum_pbuf                         0x0800dacf   Thumb Code    86  inet_chksum.o(.text)
    ip_route                                 0x0800db8d   Thumb Code    80  ip.o(.text)
    ip_input                                 0x0800dbdd   Thumb Code   458  ip.o(.text)
    ip_output_if                             0x0800dda7   Thumb Code   318  ip.o(.text)
    ip_output                                0x0800dee5   Thumb Code    84  ip.o(.text)
    ip4_addr_isbroadcast                     0x0800dfe5   Thumb Code    78  ip_addr.o(.text)
    ip4_addr_netmask_valid                   0x0800e033   Thumb Code    52  ip_addr.o(.text)
    ipaddr_aton                              0x0800e067   Thumb Code   364  ip_addr.o(.text)
    ipaddr_addr                              0x0800e1d3   Thumb Code    24  ip_addr.o(.text)
    ipaddr_ntoa_r                            0x0800e1eb   Thumb Code   168  ip_addr.o(.text)
    ipaddr_ntoa                              0x0800e293   Thumb Code    16  ip_addr.o(.text)
    ip_reass_tmr                             0x0800e45d   Thumb Code    56  ip_frag.o(.text)
    ip_reass                                 0x0800e899   Thumb Code   410  ip_frag.o(.text)
    ip_frag                                  0x0800eab9   Thumb Code   630  ip_frag.o(.text)
    sys_mbox_new                             0x0800ed35   Thumb Code   102  sys_arch.o(.text)
    sys_mbox_free                            0x0800ed9b   Thumb Code    54  sys_arch.o(.text)
    sys_mbox_post                            0x0800edd1   Thumb Code    28  sys_arch.o(.text)
    sys_mbox_trypost                         0x0800eded   Thumb Code    32  sys_arch.o(.text)
    sys_arch_mbox_fetch                      0x0800ee0d   Thumb Code   158  sys_arch.o(.text)
    sys_arch_mbox_tryfetch                   0x0800eeab   Thumb Code    18  sys_arch.o(.text)
    sys_mbox_valid                           0x0800eebd   Thumb Code    60  sys_arch.o(.text)
    sys_mbox_set_invalid                     0x0800eef9   Thumb Code     6  sys_arch.o(.text)
    sys_sem_new                              0x0800eeff   Thumb Code    62  sys_arch.o(.text)
    sys_arch_sem_wait                        0x0800ef3d   Thumb Code   100  sys_arch.o(.text)
    sys_sem_signal                           0x0800efa1   Thumb Code    12  sys_arch.o(.text)
    sys_sem_free                             0x0800efad   Thumb Code    52  sys_arch.o(.text)
    sys_sem_valid                            0x0800efe1   Thumb Code    22  sys_arch.o(.text)
    sys_sem_set_invalid                      0x0800eff7   Thumb Code     6  sys_arch.o(.text)
    sys_init                                 0x0800effd   Thumb Code     2  sys_arch.o(.text)
    sys_thread_new                           0x0800efff   Thumb Code    66  sys_arch.o(.text)
    sys_msleep                               0x0800f041   Thumb Code    12  sys_arch.o(.text)
    sys_now                                  0x0800f04d   Thumb Code    28  sys_arch.o(.text)
    netconn_new_with_proto_and_callback      0x0800f111   Thumb Code   196  api_lib.o(.text)
    netconn_delete                           0x0800f1d5   Thumb Code    36  api_lib.o(.text)
    netconn_getaddr                          0x0800f1f9   Thumb Code   162  api_lib.o(.text)
    netconn_bind                             0x0800f29b   Thumb Code    98  api_lib.o(.text)
    netconn_connect                          0x0800f2fd   Thumb Code    98  api_lib.o(.text)
    netconn_disconnect                       0x0800f35f   Thumb Code    84  api_lib.o(.text)
    netconn_listen_with_backlog              0x0800f3b3   Thumb Code    86  api_lib.o(.text)
    netconn_accept                           0x0800f409   Thumb Code   808  api_lib.o(.text)
    netconn_recv_tcp_pbuf                    0x0800f8a7   Thumb Code    56  api_lib.o(.text)
    netconn_recv                             0x0800f8df   Thumb Code   270  api_lib.o(.text)
    netconn_recved                           0x0800f9ed   Thumb Code    46  api_lib.o(.text)
    netconn_send                             0x0800fa1b   Thumb Code    98  api_lib.o(.text)
    netconn_sendto                           0x0800fa7d   Thumb Code    44  api_lib.o(.text)
    netconn_write_partly                     0x0800faa9   Thumb Code   434  api_lib.o(.text)
    netconn_close                            0x0800fcbb   Thumb Code    14  api_lib.o(.text)
    netconn_shutdown                         0x0800fcc9   Thumb Code    36  api_lib.o(.text)
    netconn_free                             0x080106eb   Thumb Code   330  api_msg.o(.text)
    netconn_alloc                            0x08010835   Thumb Code   174  api_msg.o(.text)
    do_newconn                               0x08010a45   Thumb Code    32  api_msg.o(.text)
    do_delconn                               0x08010b2d   Thumb Code   636  api_msg.o(.text)
    do_bind                                  0x08010da9   Thumb Code   116  api_msg.o(.text)
    do_connect                               0x08010eef   Thumb Code   230  api_msg.o(.text)
    do_disconnect                            0x08010fd5   Thumb Code    46  api_msg.o(.text)
    do_listen                                0x08011003   Thumb Code   390  api_msg.o(.text)
    do_send                                  0x08011189   Thumb Code   166  api_msg.o(.text)
    do_recv                                  0x0801122f   Thumb Code    72  api_msg.o(.text)
    do_write                                 0x08011277   Thumb Code   166  api_msg.o(.text)
    do_getaddr                               0x0801131d   Thumb Code   198  api_msg.o(.text)
    do_close                                 0x080113e3   Thumb Code   184  api_msg.o(.text)
    netbuf_new                               0x080114cd   Thumb Code    30  netbuf.o(.text)
    netbuf_delete                            0x080114eb   Thumb Code    32  netbuf.o(.text)
    netbuf_alloc                             0x0801150b   Thumb Code   102  netbuf.o(.text)
    netbuf_free                              0x08011571   Thumb Code    50  netbuf.o(.text)
    netbuf_ref                               0x080115a3   Thumb Code    92  netbuf.o(.text)
    netbuf_chain                             0x080115ff   Thumb Code    82  netbuf.o(.text)
    netbuf_data                              0x08011651   Thumb Code   124  netbuf.o(.text)
    netbuf_next                              0x080116cd   Thumb Code    64  netbuf.o(.text)
    netbuf_first                             0x0801170d   Thumb Code    38  netbuf.o(.text)
    lwip_socket_init                         0x0801188d   Thumb Code     2  sockets.o(.text)
    lwip_accept                              0x08011b39   Thumb Code   666  sockets.o(.text)
    lwip_bind                                0x08011dd3   Thumb Code   184  sockets.o(.text)
    lwip_close                               0x08011e8b   Thumb Code    94  sockets.o(.text)
    lwip_connect                             0x08011ee9   Thumb Code   204  sockets.o(.text)
    lwip_listen                              0x08011fb5   Thumb Code   136  sockets.o(.text)
    lwip_recvfrom                            0x0801203d   Thumb Code   812  sockets.o(.text)
    lwip_read                                0x08012369   Thumb Code    28  sockets.o(.text)
    lwip_recv                                0x08012385   Thumb Code    34  sockets.o(.text)
    lwip_sendto                              0x080123a7   Thumb Code   276  sockets.o(.text)
    lwip_send                                0x080124bb   Thumb Code   156  sockets.o(.text)
    lwip_socket                              0x08012557   Thumb Code   296  sockets.o(.text)
    lwip_write                               0x0801267f   Thumb Code    22  sockets.o(.text)
    lwip_select                              0x08012811   Thumb Code   864  sockets.o(.text)
    lwip_shutdown                            0x08012b71   Thumb Code   296  sockets.o(.text)
    lwip_getpeername                         0x08012d1b   Thumb Code    22  sockets.o(.text)
    lwip_getsockname                         0x08012d31   Thumb Code    22  sockets.o(.text)
    lwip_getsockopt                          0x08012f43   Thumb Code   408  sockets.o(.text)
    lwip_setsockopt                          0x08013291   Thumb Code   318  sockets.o(.text)
    lwip_ioctl                               0x080133cf   Thumb Code   116  sockets.o(.text)
    lwip_fcntl                               0x08013443   Thumb Code   142  sockets.o(.text)
    tcpip_input                              0x080135b7   Thumb Code    72  tcpip.o(.text)
    tcpip_callback_with_block                0x080135ff   Thumb Code    90  tcpip.o(.text)
    tcpip_timeout                            0x08013659   Thumb Code    64  tcpip.o(.text)
    tcpip_untimeout                          0x08013699   Thumb Code    56  tcpip.o(.text)
    tcpip_apimsg                             0x080136d1   Thumb Code    60  tcpip.o(.text)
    tcpip_callbackmsg_new                    0x0801370d   Thumb Code    32  tcpip.o(.text)
    tcpip_callbackmsg_delete                 0x0801372d   Thumb Code    14  tcpip.o(.text)
    tcpip_trycallback                        0x0801373b   Thumb Code    28  tcpip.o(.text)
    tcpip_init                               0x08013757   Thumb Code    72  tcpip.o(.text)
    pbuf_free_callback                       0x080137ad   Thumb Code    16  tcpip.o(.text)
    mem_free_callback                        0x080137bd   Thumb Code    16  tcpip.o(.text)
    __use_no_semihosting                     0x08013889   Thumb Code     2  use_no_semi_2.o(.text)
    __rt_ctype_table                         0x0801388d   Thumb Code    16  rt_ctype_table.o(.text)
    __2printf                                0x0801389d   Thumb Code    20  noretval__2printf.o(.text)
    __printf                                 0x080138b5   Thumb Code   104  __printf.o(.text)
    _printf_str                              0x0801391d   Thumb Code    82  _printf_str.o(.text)
    _printf_int_dec                          0x08013971   Thumb Code   102  _printf_dec.o(.text)
    qsort                                    0x08013bc7   Thumb Code   134  qsortnoex.o(.text)
    memcmp                                   0x08013c4d   Thumb Code    88  memcmp.o(.text)
    strlen                                   0x08013ca5   Thumb Code    62  strlen.o(.text)
    __aeabi_memcpy                           0x08013ce3   Thumb Code     0  rt_memcpy_v6.o(.text)
    __rt_memcpy                              0x08013ce3   Thumb Code   138  rt_memcpy_v6.o(.text)
    _memcpy_lastbytes                        0x08013d49   Thumb Code     0  rt_memcpy_v6.o(.text)
    __aeabi_memcpy4                          0x08013d6d   Thumb Code     0  rt_memcpy_w.o(.text)
    __aeabi_memcpy8                          0x08013d6d   Thumb Code     0  rt_memcpy_w.o(.text)
    __rt_memcpy_w                            0x08013d6d   Thumb Code   100  rt_memcpy_w.o(.text)
    _memcpy_lastbytes_aligned                0x08013db5   Thumb Code     0  rt_memcpy_w.o(.text)
    __aeabi_memmove4                         0x08013dd1   Thumb Code     0  rt_memmove_w.o(.text)
    __aeabi_memmove8                         0x08013dd1   Thumb Code     0  rt_memmove_w.o(.text)
    __rt_memmove_w                           0x08013dd1   Thumb Code   122  rt_memmove_w.o(.text)
    __memmove_aligned                        0x08013df7   Thumb Code     0  rt_memmove_w.o(.text)
    __memmove_lastfew_aligned                0x08013e2f   Thumb Code     0  rt_memmove_w.o(.text)
    __aeabi_memset                           0x08013e4b   Thumb Code    16  aeabi_memset.o(.text)
    __aeabi_memclr                           0x08013e5b   Thumb Code     0  rt_memclr.o(.text)
    __rt_memclr                              0x08013e5b   Thumb Code    68  rt_memclr.o(.text)
    _memset                                  0x08013e5f   Thumb Code     0  rt_memclr.o(.text)
    __aeabi_memclr4                          0x08013e9f   Thumb Code     0  rt_memclr_w.o(.text)
    __aeabi_memclr8                          0x08013e9f   Thumb Code     0  rt_memclr_w.o(.text)
    __rt_memclr_w                            0x08013e9f   Thumb Code    78  rt_memclr_w.o(.text)
    _memset_w                                0x08013ea3   Thumb Code     0  rt_memclr_w.o(.text)
    strcmp                                   0x08013eed   Thumb Code   128  strcmpv7m.o(.text)
    __use_two_region_memory                  0x08013f6d   Thumb Code     2  heapauxi.o(.text)
    __rt_heap_escrow$2region                 0x08013f6f   Thumb Code     2  heapauxi.o(.text)
    __rt_heap_expand$2region                 0x08013f71   Thumb Code     2  heapauxi.o(.text)
    __I$use$semihosting                      0x08013f73   Thumb Code     0  use_no_semi.o(.text)
    __use_no_semihosting_swi                 0x08013f73   Thumb Code     2  use_no_semi.o(.text)
    __rt_locale                              0x08013f75   Thumb Code     8  rt_locale_intlibspace.o(.text)
    _printf_int_common                       0x08013f7d   Thumb Code   184  _printf_intcommon.o(.text)
    _printf_cs_common                        0x08014035   Thumb Code    20  _printf_char.o(.text)
    _printf_char                             0x08014049   Thumb Code    16  _printf_char.o(.text)
    _printf_string                           0x08014059   Thumb Code     8  _printf_char.o(.text)
    _printf_char_file                        0x08014061   Thumb Code    32  _printf_char_file.o(.text)
    __user_libspace                          0x08014085   Thumb Code     8  libspace.o(.text)
    __user_perproc_libspace                  0x08014085   Thumb Code     0  libspace.o(.text)
    __user_perthread_libspace                0x08014085   Thumb Code     0  libspace.o(.text)
    _printf_char_common                      0x08014097   Thumb Code    32  _printf_char_common.o(.text)
    ferror                                   0x080140bd   Thumb Code     8  ferror.o(.text)
    __user_setup_stackheap                   0x080140c5   Thumb Code    74  sys_stackheap_outer.o(.text)
    exit                                     0x0801410f   Thumb Code    12  exit.o(.text)
    _get_lc_ctype                            0x0801411d   Thumb Code    44  lc_ctype_c.o(locale$$code)
    __fpl_fcmp_Inf                           0x08014149   Thumb Code    24  fcmpi.o(x$fpl$fcmpinf)
    __aeabi_f2uiz                            0x08014161   Thumb Code     0  ffixu.o(x$fpl$ffixu)
    _ffixu                                   0x08014161   Thumb Code    62  ffixu.o(x$fpl$ffixu)
    __aeabi_ui2f                             0x080141a1   Thumb Code     0  fflt_clz.o(x$fpl$ffltu)
    _ffltu                                   0x080141a1   Thumb Code    38  fflt_clz.o(x$fpl$ffltu)
    __aeabi_cfcmple                          0x080141c9   Thumb Code     0  fleqf.o(x$fpl$fleqf)
    _fcmple                                  0x080141c9   Thumb Code   104  fleqf.o(x$fpl$fleqf)
    __fpl_fcmple_InfNaN                      0x0801421b   Thumb Code     0  fleqf.o(x$fpl$fleqf)
    __aeabi_fmul                             0x08014231   Thumb Code     0  fmul.o(x$fpl$fmul)
    _fmul                                    0x08014231   Thumb Code   258  fmul.o(x$fpl$fmul)
    __fpl_fnaninf                            0x08014333   Thumb Code   140  fnaninf.o(x$fpl$fnaninf)
    __fpl_fretinf                            0x080143bf   Thumb Code    10  fretinf.o(x$fpl$fretinf)
    __I$use$fp                               0x080143c8   Number         0  usenofp.o(x$fpl$usenofp)
    OSUnMapTbl                               0x080143f0   Data         256  os_core.o(.constdata)
    ethbroadcast                             0x080144f0   Data           6  etharp.o(.constdata)
    ethzero                                  0x080144f6   Data           6  etharp.o(.constdata)
    tcp_state_str                            0x08014578   Data          44  tcp.o(.constdata)
    tcp_backoff                              0x080145a4   Data          13  tcp.o(.constdata)
    tcp_persist_backoff                      0x080145b1   Data           7  tcp.o(.constdata)
    tcp_pcb_lists                            0x080145b8   Data          16  tcp.o(.constdata)
    pvNullPointer                            0x08014620   Data           4  sys_arch.o(.constdata)
    Region$$Table$$Base                      0x08014758   Number         0  anon$$obj.o(Region$$Table)
    Region$$Table$$Limit                     0x08014778   Number         0  anon$$obj.o(Region$$Table)
    __ctype                                  0x08014785   Data           0  lc_ctype_c.o(locale$$data)
    SystemCoreClock                          0x20000014   Data           4  system_stm32f10x.o(.data)
    AHBPrescTable                            0x20000018   Data          16  system_stm32f10x.o(.data)
    __stdout                                 0x20000028   Data           4  main.o(.data)
    lwip_timer                               0x20000034   Data           4  timerx.o(.data)
    OSCtxSwCtr                               0x20000038   Data           4  os_core.o(.data)
    OSEventFreeList                          0x2000003c   Data           4  os_core.o(.data)
    OSIntNesting                             0x20000040   Data           1  os_core.o(.data)
    OSLockNesting                            0x20000041   Data           1  os_core.o(.data)
    OSPrioCur                                0x20000042   Data           1  os_core.o(.data)
    OSPrioHighRdy                            0x20000043   Data           1  os_core.o(.data)
    OSRdyGrp                                 0x20000044   Data           1  os_core.o(.data)
    OSRdyTbl                                 0x20000045   Data           4  os_core.o(.data)
    OSRunning                                0x20000049   Data           1  os_core.o(.data)
    OSTaskCtr                                0x2000004a   Data           1  os_core.o(.data)
    OSIdleCtr                                0x2000004c   Data           4  os_core.o(.data)
    OSTCBCur                                 0x20000050   Data           4  os_core.o(.data)
    OSTCBFreeList                            0x20000054   Data           4  os_core.o(.data)
    OSTCBHighRdy                             0x20000058   Data           4  os_core.o(.data)
    OSTCBList                                0x2000005c   Data           4  os_core.o(.data)
    OSQFreeList                              0x20000060   Data           4  os_core.o(.data)
    OSTime                                   0x20000064   Data           4  os_core.o(.data)
    LWIP_DHCP_TASK_STK                       0x20000088   Data           4  lwip_comm.o(.data)
    LWIP_ENC28J60_INPUT_TASK_STK             0x2000008c   Data           4  lwip_comm.o(.data)
    TCPIP_THREAD_TASK_STK                    0x20000090   Data           4  lwip_comm.o(.data)
    sem_enc28j60input                        0x20000094   Data           4  lwip_comm.o(.data)
    sem_enc28j60lock                         0x20000098   Data           4  lwip_comm.o(.data)
    ram_heap                                 0x200000a0   Data           4  mem.o(.data)
    memp_memory                              0x200000ec   Data           4  memp.o(.data)
    netif_list                               0x200000f0   Data           4  netif.o(.data)
    netif_default                            0x200000f4   Data           4  netif.o(.data)
    pbuf_free_ooseq_pending                  0x200000f9   Data           1  pbuf.o(.data)
    tcp_ticks                                0x20000108   Data           4  tcp.o(.data)
    tcp_bound_pcbs                           0x2000010c   Data           4  tcp.o(.data)
    tcp_listen_pcbs                          0x20000110   Data           4  tcp.o(.data)
    tcp_active_pcbs                          0x20000114   Data           4  tcp.o(.data)
    tcp_tw_pcbs                              0x20000118   Data           4  tcp.o(.data)
    tcp_tmp_pcb                              0x2000011c   Data           4  tcp.o(.data)
    tcp_active_pcbs_changed                  0x20000120   Data           1  tcp.o(.data)
    tcp_input_pcb                            0x20000140   Data           4  tcp_in.o(.data)
    udp_pcbs                                 0x20000150   Data           4  udp.o(.data)
    current_netif                            0x20000154   Data           4  ip.o(.data)
    current_header                           0x20000158   Data           4  ip.o(.data)
    current_iphdr_src                        0x2000015c   Data           4  ip.o(.data)
    current_iphdr_dest                       0x20000160   Data           4  ip.o(.data)
    OSEventTbl                               0x200002c4   Data         320  os_core.o(.bss)
    OSTaskIdleStk                            0x20000404   Data         512  os_core.o(.bss)
    OSTCBPrioTbl                             0x20000604   Data         128  os_core.o(.bss)
    OSTCBTbl                                 0x20000684   Data        1764  os_core.o(.bss)
    OSQTbl                                   0x20000d68   Data          96  os_core.o(.bss)
    lwipdev                                  0x200016c8   Data          23  lwip_comm.o(.bss)
    lwip_netif                               0x200016e0   Data          48  lwip_comm.o(.bss)
    __libspace_start                         0x20002094   Data          96  libspace.o(.bss)
    __temporary_stack_top$libspace           0x200020f4   Data           0  libspace.o(.bss)



==============================================================================

Memory Map of the image

  Image Entry point : 0x08000131

  Load Region LR_IROM1 (Base: 0x08000000, Size: 0x00014a0c, Max: 0x00080000, ABSOLUTE, COMPRESSED[0x000148e0])

    Execution Region ER_IROM1 (Base: 0x08000000, Size: 0x00014888, Max: 0x00080000, ABSOLUTE)

    Base Addr    Size         Type   Attr      Idx    E Section Name        Object

    0x08000000   0x00000130   Data   RO          417    RESET               startup_stm32f10x_hd.o
    0x08000130   0x00000008   Code   RO         1854  * !!!main             c_w.l(__main.o)
    0x08000138   0x00000034   Code   RO         2068    !!!scatter          c_w.l(__scatter.o)
    0x0800016c   0x0000005a   Code   RO         2066    !!dczerorl2         c_w.l(__dczerorl2.o)
    0x080001c6   0x00000002   PAD
    0x080001c8   0x0000001c   Code   RO         2070    !!handler_zi        c_w.l(__scatter_zi.o)
    0x080001e4   0x00000000   Code   RO         1825    .ARM.Collect$$_printf_percent$$00000000  c_w.l(_printf_percent.o)
    0x080001e4   0x00000006   Code   RO         1824    .ARM.Collect$$_printf_percent$$00000009  c_w.l(_printf_d.o)
    0x080001ea   0x00000006   Code   RO         1823    .ARM.Collect$$_printf_percent$$00000014  c_w.l(_printf_s.o)
    0x080001f0   0x00000004   Code   RO         1896    .ARM.Collect$$_printf_percent$$00000017  c_w.l(_printf_percent_end.o)
    0x080001f4   0x00000002   Code   RO         1991    .ARM.Collect$$libinit$$00000000  c_w.l(libinit.o)
    0x080001f6   0x00000000   Code   RO         1936    .ARM.Collect$$libinit$$00000002  c_w.l(libinit2.o)
    0x080001f6   0x00000000   Code   RO         1939    .ARM.Collect$$libinit$$00000008  c_w.l(libinit2.o)
    0x080001f6   0x00000000   Code   RO         1941    .ARM.Collect$$libinit$$0000000A  c_w.l(libinit2.o)
    0x080001f6   0x00000000   Code   RO         1943    .ARM.Collect$$libinit$$0000000C  c_w.l(libinit2.o)
    0x080001f6   0x00000006   Code   RO         1944    .ARM.Collect$$libinit$$0000000D  c_w.l(libinit2.o)
    0x080001fc   0x00000000   Code   RO         1946    .ARM.Collect$$libinit$$0000000F  c_w.l(libinit2.o)
    0x080001fc   0x0000000c   Code   RO         1947    .ARM.Collect$$libinit$$00000010  c_w.l(libinit2.o)
    0x08000208   0x00000000   Code   RO         1948    .ARM.Collect$$libinit$$00000011  c_w.l(libinit2.o)
    0x08000208   0x00000000   Code   RO         1950    .ARM.Collect$$libinit$$00000013  c_w.l(libinit2.o)
    0x08000208   0x00000000   Code   RO         1952    .ARM.Collect$$libinit$$00000015  c_w.l(libinit2.o)
    0x08000208   0x00000000   Code   RO         1954    .ARM.Collect$$libinit$$00000017  c_w.l(libinit2.o)
    0x08000208   0x00000000   Code   RO         1956    .ARM.Collect$$libinit$$00000019  c_w.l(libinit2.o)
    0x08000208   0x00000000   Code   RO         1958    .ARM.Collect$$libinit$$0000001B  c_w.l(libinit2.o)
    0x08000208   0x00000000   Code   RO         1960    .ARM.Collect$$libinit$$0000001D  c_w.l(libinit2.o)
    0x08000208   0x00000000   Code   RO         1962    .ARM.Collect$$libinit$$0000001F  c_w.l(libinit2.o)
    0x08000208   0x00000000   Code   RO         1964    .ARM.Collect$$libinit$$00000021  c_w.l(libinit2.o)
    0x08000208   0x00000000   Code   RO         1966    .ARM.Collect$$libinit$$00000023  c_w.l(libinit2.o)
    0x08000208   0x00000000   Code   RO         1970    .ARM.Collect$$libinit$$0000002A  c_w.l(libinit2.o)
    0x08000208   0x00000000   Code   RO         1972    .ARM.Collect$$libinit$$0000002C  c_w.l(libinit2.o)
    0x08000208   0x00000000   Code   RO         1974    .ARM.Collect$$libinit$$0000002E  c_w.l(libinit2.o)
    0x08000208   0x00000000   Code   RO         1976    .ARM.Collect$$libinit$$00000030  c_w.l(libinit2.o)
    0x08000208   0x00000002   Code   RO         1977    .ARM.Collect$$libinit$$00000031  c_w.l(libinit2.o)
    0x0800020a   0x00000002   Code   RO         2024    .ARM.Collect$$libshutdown$$00000000  c_w.l(libshutdown.o)
    0x0800020c   0x00000000   Code   RO         2031    .ARM.Collect$$libshutdown$$00000003  c_w.l(libshutdown2.o)
    0x0800020c   0x00000000   Code   RO         2034    .ARM.Collect$$libshutdown$$00000006  c_w.l(libshutdown2.o)
    0x0800020c   0x00000000   Code   RO         2037    .ARM.Collect$$libshutdown$$00000009  c_w.l(libshutdown2.o)
    0x0800020c   0x00000000   Code   RO         2039    .ARM.Collect$$libshutdown$$0000000B  c_w.l(libshutdown2.o)
    0x0800020c   0x00000000   Code   RO         2042    .ARM.Collect$$libshutdown$$0000000E  c_w.l(libshutdown2.o)
    0x0800020c   0x00000002   Code   RO         2043    .ARM.Collect$$libshutdown$$0000000F  c_w.l(libshutdown2.o)
    0x0800020e   0x00000000   Code   RO         1884    .ARM.Collect$$rtentry$$00000000  c_w.l(rtentry.o)
    0x0800020e   0x00000000   Code   RO         1915    .ARM.Collect$$rtentry$$00000002  c_w.l(rtentry2.o)
    0x0800020e   0x00000006   Code   RO         1927    .ARM.Collect$$rtentry$$00000004  c_w.l(rtentry4.o)
    0x08000214   0x00000000   Code   RO         1917    .ARM.Collect$$rtentry$$00000009  c_w.l(rtentry2.o)
    0x08000214   0x00000004   Code   RO         1918    .ARM.Collect$$rtentry$$0000000A  c_w.l(rtentry2.o)
    0x08000218   0x00000000   Code   RO         1920    .ARM.Collect$$rtentry$$0000000C  c_w.l(rtentry2.o)
    0x08000218   0x00000008   Code   RO         1921    .ARM.Collect$$rtentry$$0000000D  c_w.l(rtentry2.o)
    0x08000220   0x00000002   Code   RO         1994    .ARM.Collect$$rtexit$$00000000  c_w.l(rtexit.o)
    0x08000222   0x00000000   Code   RO         2003    .ARM.Collect$$rtexit$$00000002  c_w.l(rtexit2.o)
    0x08000222   0x00000004   Code   RO         2004    .ARM.Collect$$rtexit$$00000003  c_w.l(rtexit2.o)
    0x08000226   0x00000006   Code   RO         2005    .ARM.Collect$$rtexit$$00000004  c_w.l(rtexit2.o)
    0x0800022c   0x000000dc   Code   RO          101    .text               misc.o
    0x08000308   0x0000011c   Code   RO          209    .text               stm32f10x_exti.o
    0x08000424   0x00000618   Code   RO          233    .text               stm32f10x_fsmc.o
    0x08000a3c   0x00000358   Code   RO          245    .text               stm32f10x_gpio.o
    0x08000d94   0x000003a4   Code   RO          293    .text               stm32f10x_rcc.o
    0x08001138   0x0000030c   Code   RO          331    .text               stm32f10x_spi.o
    0x08001444   0x00000e1a   Code   RO          343    .text               stm32f10x_tim.o
    0x0800225e   0x00000002   PAD
    0x08002260   0x000001dc   Code   RO          378    .text               system_stm32f10x.o
    0x0800243c   0x00000040   Code   RO          418    .text               startup_stm32f10x_hd.o
    0x0800247c   0x00000098   Code   RO          422    .text               main.o
    0x08002514   0x00000028   Code   RO          493    .text               stm32f10x_it.o
    0x0800253c   0x00000118   Code   RO          508    .text               sram.o
    0x08002654   0x000006ec   Code   RO          523    .text               enc28j60.o
    0x08002d40   0x00000084   Code   RO          545    .text               timerx.o
    0x08002dc4   0x000007c8   Code   RO          563    .text               os_core.o
    0x0800358c   0x000005f4   Code   RO          613    .text               os_q.o
    0x08003b80   0x000003b8   Code   RO          625    .text               os_sem.o
    0x08003f38   0x000003e0   Code   RO          637    .text               os_task.o
    0x08004318   0x000000a4   Code   RO          649    .text               os_time.o
    0x080043bc   0x000000aa   Code   RO          667    .text               os_cpu_c.o
    0x08004466   0x00000002   PAD
    0x08004468   0x000000a4   Code   RO          695    .text               os_cpu_a.o
    0x0800450c   0x00000090   Code   RO          698    .text               task_startup.o
    0x0800459c   0x000000c8   Code   RO          785    .text               task_udpserver.o
    0x08004664   0x000001f0   Code   RO          800    .text               lib_mem.o
    0x08004854   0x000008c0   Code   RO          824    .text               array.o
    0x08005114   0x00000046   Code   RO          839    .text               common.o
    0x0800515a   0x0000000c   Code   RO          998    .text               mysys.o
    0x08005166   0x00000002   PAD
    0x08005168   0x00000118   Code   RO         1013    .text               delay.o
    0x08005280   0x000001f8   Code   RO         1030    .text               lwip_comm.o
    0x08005478   0x00000e7c   Code   RO         1204    .text               etharp.o
    0x080062f4   0x000001b8   Code   RO         1230    .text               ethernetif.o
    0x080064ac   0x0000003e   Code   RO         1267    .text               def.o
    0x080064ea   0x00000024   Code   RO         1291    .text               init.o
    0x0800650e   0x00000002   PAD
    0x08006510   0x00000744   Code   RO         1328    .text               mem.o
    0x08006c54   0x000001d4   Code   RO         1343    .text               memp.o
    0x08006e28   0x00000338   Code   RO         1376    .text               netif.o
    0x08007160   0x00001142   Code   RO         1398    .text               pbuf.o
    0x080082a2   0x00000002   PAD
    0x080082a4   0x0000024c   Code   RO         1416    .text               raw.o
    0x080084f0   0x00001550   Code   RO         1436    .text               tcp.o
    0x08009a40   0x00001dd4   Code   RO         1460    .text               tcp_in.o
    0x0800b814   0x000013a2   Code   RO         1486    .text               tcp_out.o
    0x0800cbb6   0x00000002   PAD
    0x0800cbb8   0x000002dc   Code   RO         1499    .text               timers.o
    0x0800ce94   0x000005fc   Code   RO         1513    .text               udp.o
    0x0800d490   0x00000448   Code   RO         1537    .text               icmp.o
    0x0800d8d8   0x000002b4   Code   RO         1561    .text               inet_chksum.o
    0x0800db8c   0x00000458   Code   RO         1573    .text               ip.o
    0x0800dfe4   0x00000328   Code   RO         1594    .text               ip_addr.o
    0x0800e30c   0x00000a28   Code   RO         1623    .text               ip_frag.o
    0x0800ed34   0x000003dc   Code   RO         1637    .text               sys_arch.o
    0x0800f110   0x00000c00   Code   RO         1656    .text               api_lib.o
    0x0800fd10   0x000017bc   Code   RO         1687    .text               api_msg.o
    0x080114cc   0x000003c0   Code   RO         1714    .text               netbuf.o
    0x0801188c   0x00001c44   Code   RO         1744    .text               sockets.o
    0x080134d0   0x000003b8   Code   RO         1760    .text               tcpip.o
    0x08013888   0x00000002   Code   RO         1785    .text               c_w.l(use_no_semi_2.o)
    0x0801388a   0x00000002   PAD
    0x0801388c   0x00000010   Code   RO         1787    .text               c_w.l(rt_ctype_table.o)
    0x0801389c   0x00000018   Code   RO         1795    .text               c_w.l(noretval__2printf.o)
    0x080138b4   0x00000068   Code   RO         1797    .text               c_w.l(__printf.o)
    0x0801391c   0x00000052   Code   RO         1799    .text               c_w.l(_printf_str.o)
    0x0801396e   0x00000002   PAD
    0x08013970   0x00000078   Code   RO         1801    .text               c_w.l(_printf_dec.o)
    0x080139e8   0x00000264   Code   RO         1826    .text               c_w.l(qsortnoex.o)
    0x08013c4c   0x00000058   Code   RO         1832    .text               c_w.l(memcmp.o)
    0x08013ca4   0x0000003e   Code   RO         1834    .text               c_w.l(strlen.o)
    0x08013ce2   0x0000008a   Code   RO         1838    .text               c_w.l(rt_memcpy_v6.o)
    0x08013d6c   0x00000064   Code   RO         1840    .text               c_w.l(rt_memcpy_w.o)
    0x08013dd0   0x0000007a   Code   RO         1842    .text               c_w.l(rt_memmove_w.o)
    0x08013e4a   0x00000010   Code   RO         1844    .text               c_w.l(aeabi_memset.o)
    0x08013e5a   0x00000044   Code   RO         1846    .text               c_w.l(rt_memclr.o)
    0x08013e9e   0x0000004e   Code   RO         1848    .text               c_w.l(rt_memclr_w.o)
    0x08013eec   0x00000080   Code   RO         1850    .text               c_w.l(strcmpv7m.o)
    0x08013f6c   0x00000006   Code   RO         1852    .text               c_w.l(heapauxi.o)
    0x08013f72   0x00000002   Code   RO         1882    .text               c_w.l(use_no_semi.o)
    0x08013f74   0x00000008   Code   RO         1888    .text               c_w.l(rt_locale_intlibspace.o)
    0x08013f7c   0x000000b8   Code   RO         1890    .text               c_w.l(_printf_intcommon.o)
    0x08014034   0x0000002c   Code   RO         1892    .text               c_w.l(_printf_char.o)
    0x08014060   0x00000024   Code   RO         1894    .text               c_w.l(_printf_char_file.o)
    0x08014084   0x00000008   Code   RO         1911    .text               c_w.l(libspace.o)
    0x0801408c   0x00000030   Code   RO         1929    .text               c_w.l(_printf_char_common.o)
    0x080140bc   0x00000008   Code   RO         1931    .text               c_w.l(ferror.o)
    0x080140c4   0x0000004a   Code   RO         1978    .text               c_w.l(sys_stackheap_outer.o)
    0x0801410e   0x0000000c   Code   RO         1982    .text               c_w.l(exit.o)
    0x0801411a   0x00000002   PAD
    0x0801411c   0x0000002c   Code   RO         1898    locale$$code        c_w.l(lc_ctype_c.o)
    0x08014148   0x00000018   Code   RO         1904    x$fpl$fcmpinf       fz_ws.l(fcmpi.o)
    0x08014160   0x0000003e   Code   RO         1868    x$fpl$ffixu         fz_ws.l(ffixu.o)
    0x0801419e   0x00000002   PAD
    0x080141a0   0x00000026   Code   RO         1872    x$fpl$ffltu         fz_ws.l(fflt_clz.o)
    0x080141c6   0x00000002   PAD
    0x080141c8   0x00000068   Code   RO         1878    x$fpl$fleqf         fz_ws.l(fleqf.o)
    0x08014230   0x00000102   Code   RO         1880    x$fpl$fmul          fz_ws.l(fmul.o)
    0x08014332   0x0000008c   Code   RO         1906    x$fpl$fnaninf       fz_ws.l(fnaninf.o)
    0x080143be   0x0000000a   Code   RO         1908    x$fpl$fretinf       fz_ws.l(fretinf.o)
    0x080143c8   0x00000000   Code   RO         1910    x$fpl$usenofp       fz_ws.l(usenofp.o)
    0x080143c8   0x00000028   Data   RO          424    .constdata          main.o
    0x080143f0   0x00000100   Data   RO          565    .constdata          os_core.o
    0x080144f0   0x00000050   Data   RO         1206    .constdata          etharp.o
    0x08014540   0x00000038   Data   RO         1345    .constdata          memp.o
    0x08014578   0x00000050   Data   RO         1437    .constdata          tcp.o
    0x080145c8   0x00000055   Data   RO         1487    .constdata          tcp_out.o
    0x0801461d   0x00000003   PAD
    0x08014620   0x00000004   Data   RO         1638    .constdata          sys_arch.o
    0x08014624   0x00000040   Data   RO         1746    .constdata          sockets.o
    0x08014664   0x00000093   Data   RO         1346    .conststring        memp.o
    0x080146f7   0x00000061   Data   RO         1438    .conststring        tcp.o
    0x08014758   0x00000020   Data   RO         2064    Region$$Table       anon$$obj.o
    0x08014778   0x00000110   Data   RO         1897    locale$$data        c_w.l(lc_ctype_c.o)


    Execution Region RW_IRAM1 (Base: 0x20000000, Size: 0x000026f8, Max: 0x00010000, ABSOLUTE, COMPRESSED[0x00000058])

    Base Addr    Size         Type   Attr      Idx    E Section Name        Object

    0x20000000   0x00000014   Data   RW          294    .data               stm32f10x_rcc.o
    0x20000014   0x00000014   Data   RW          379    .data               system_stm32f10x.o
    0x20000028   0x00000004   Data   RW          425    .data               main.o
    0x2000002c   0x00000008   Data   RW          524    .data               enc28j60.o
    0x20000034   0x00000004   Data   RW          546    .data               timerx.o
    0x20000038   0x00000030   Data   RW          566    .data               os_core.o
    0x20000068   0x00000008   Data   RW          787    .data               task_udpserver.o
    0x20000070   0x00000014   Data   RW          802    .data               lib_mem.o
    0x20000084   0x00000004   Data   RW         1014    .data               delay.o
    0x20000088   0x00000014   Data   RW         1032    .data               lwip_comm.o
    0x2000009c   0x00000001   Data   RW         1207    .data               etharp.o
    0x2000009d   0x00000003   PAD
    0x200000a0   0x00000014   Data   RW         1329    .data               mem.o
    0x200000b4   0x0000003c   Data   RW         1347    .data               memp.o
    0x200000f0   0x00000009   Data   RW         1377    .data               netif.o
    0x200000f9   0x00000001   Data   RW         1399    .data               pbuf.o
    0x200000fa   0x00000002   PAD
    0x200000fc   0x00000004   Data   RW         1417    .data               raw.o
    0x20000100   0x00000023   Data   RW         1439    .data               tcp.o
    0x20000123   0x00000001   PAD
    0x20000124   0x00000020   Data   RW         1462    .data               tcp_in.o
    0x20000144   0x00000008   Data   RW         1500    .data               timers.o
    0x2000014c   0x00000008   Data   RW         1514    .data               udp.o
    0x20000154   0x00000012   Data   RW         1574    .data               ip.o
    0x20000166   0x00000002   PAD
    0x20000168   0x00000006   Data   RW         1624    .data               ip_frag.o
    0x2000016e   0x00000002   PAD
    0x20000170   0x00000008   Data   RW         1747    .data               sockets.o
    0x20000178   0x0000000c   Data   RW         1761    .data               tcpip.o
    0x20000184   0x00000140   Zero   RW          423    .bss                main.o
    0x200002c4   0x00000b04   Zero   RW          564    .bss                os_core.o
    0x20000dc8   0x00000800   Zero   RW          699    .bss                task_startup.o
    0x200015c8   0x00000100   Zero   RW          786    .bss                task_udpserver.o
    0x200016c8   0x00000048   Zero   RW         1031    .bss                lwip_comm.o
    0x20001710   0x000000c8   Zero   RW         1205    .bss                etharp.o
    0x200017d8   0x00000800   Zero   RW         1231    .bss                ethernetif.o
    0x20001fd8   0x00000038   Zero   RW         1344    .bss                memp.o
    0x20002010   0x00000014   Zero   RW         1461    .bss                tcp_in.o
    0x20002024   0x00000010   Zero   RW         1595    .bss                ip_addr.o
    0x20002034   0x00000060   Zero   RW         1745    .bss                sockets.o
    0x20002094   0x00000060   Zero   RW         1912    .bss                c_w.l(libspace.o)
    0x200020f4   0x00000004   PAD
    0x200020f8   0x00000200   Zero   RW          416    HEAP                startup_stm32f10x_hd.o
    0x200022f8   0x00000400   Zero   RW          415    STACK               startup_stm32f10x_hd.o



  Load Region LR$$.ARM.__AT_0x68000000 (Base: 0x68000000, Size: 0x00000000, Max: 0x000f4240, ABSOLUTE)

    Execution Region ER$$.ARM.__AT_0x68000000 (Base: 0x68000000, Size: 0x000f4240, Max: 0x000f4240, ABSOLUTE, UNINIT)

    Base Addr    Size         Type   Attr      Idx    E Section Name        Object

    0x68000000   0x000f4240   Zero   RW          801    .ARM.__AT_0x68000000  lib_mem.o


==============================================================================

Image component sizes


      Code (inc. data)   RO Data    RW Data    ZI Data      Debug   Object Name

      3072        816          0          0          0      17085   api_lib.o
      6076       1224          0          0          0      10003   api_msg.o
      2240         18          0          0          0      14166   array.o
        70          0          0          0          0       1076   common.o
         0          0          0          0          0         32   core_cm3.o
        62          0          0          0          0       1014   def.o
       280         24          0          4          0       1441   delay.o
      1772         62          0          8          0       5542   enc28j60.o
      3708        604         80          1        200       9515   etharp.o
       440        122          0          0       2048       4518   ethernetif.o
      1096        376          0          0          0       2486   icmp.o
       692        104          0          0          0       2817   inet_chksum.o
        36          0          0          0          0       5036   init.o
      1112        172          0         18          0       5879   ip.o
       808        112          0          0         16       8763   ip_addr.o
      2600        486          0          6          0       6440   ip_frag.o
       496         24          0         20    1000000       4641   lib_mem.o
       504         46          0         20         72      27167   lwip_comm.o
       152         12         40          4        320      13063   main.o
      1860        566          0         20          0       3866   mem.o
       468        198        203         60         56       2732   memp.o
       220         20          0          0          0       1601   misc.o
        12          0          0          0          0        373   mysys.o
       960        346          0          0          0       3749   netbuf.o
       824        128          0          9          0       5805   netif.o
      1992        148        256         48       2820      15201   os_core.o
       164         32          0          0          0        240   os_cpu_a.o
       170          0          0          0          0      10552   os_cpu_c.o
      1524         30          0          0          0       5305   os_q.o
       952         16          0          0          0       3714   os_sem.o
       992         40          0          0          0       3578   os_task.o
       164         20          0          0          0        888   os_time.o
      4418       1246          0          1          0      10107   pbuf.o
       588        134          0          4          0       3073   raw.o
      7236        664         64          8         96      17102   sockets.o
       280         16          0          0          0       1729   sram.o
        64         26        304          0       1536        736   startup_stm32f10x_hd.o
       284         10          0          0          0       2039   stm32f10x_exti.o
      1560         54          0          0          0       5147   stm32f10x_fsmc.o
       856         40          0          0          0       5449   stm32f10x_gpio.o
        40          0          0          0          0       1214   stm32f10x_it.o
       932         44          0         20          0       8528   stm32f10x_rcc.o
       780         14          0          0          0       6330   stm32f10x_spi.o
      3610         88          0          0          0      21936   stm32f10x_tim.o
         0          0          0          0          0     262880   stm32f10x_wwdg.o
       988        168          4          0          0       5906   sys_arch.o
       476         36          0         20          0       1595   system_stm32f10x.o
       144         16          0          0       2048      16282   task_startup.o
         0          0          0          0          0      12828   task_tcpserver.o
       200         14          0          8        256       1273   task_udpserver.o
      5456       1126        177         35          0      21484   tcp.o
      7636       1076          0         32         20      15655   tcp_in.o
      5026        956         85          0          0       9539   tcp_out.o
       952        194          0         12          0       9412   tcpip.o
       732        178          0          8          0       2991   timers.o
       132         10          0          4          0        845   timerx.o
      1532        202          0          8          0       6574   udp.o

    ----------------------------------------------------------------------
     79452      12058       1248        388    1009488     648942   Object Totals
         0          0         32          0          0          0   (incl. Generated)
        12          0          3         10          0          0   (incl. Padding)

    ----------------------------------------------------------------------

      Code (inc. data)   RO Data    RW Data    ZI Data      Debug   Library Member Name

        90          0          0          0          0          0   __dczerorl2.o
         8          0          0          0          0         68   __main.o
       104          0          0          0          0         84   __printf.o
        52          8          0          0          0          0   __scatter.o
        28          0          0          0          0          0   __scatter_zi.o
        44          0          0          0          0        108   _printf_char.o
        48          6          0          0          0         96   _printf_char_common.o
        36          4          0          0          0         80   _printf_char_file.o
         6          0          0          0          0          0   _printf_d.o
       120         18          0          0          0         92   _printf_dec.o
       184          0          0          0          0         88   _printf_intcommon.o
         0          0          0          0          0          0   _printf_percent.o
         4          0          0          0          0          0   _printf_percent_end.o
         6          0          0          0          0          0   _printf_s.o
        82          0          0          0          0         80   _printf_str.o
        16          0          0          0          0         68   aeabi_memset.o
        12          0          0          0          0         72   exit.o
         8          0          0          0          0         68   ferror.o
         6          0          0          0          0        152   heapauxi.o
        44         10        272          0          0         76   lc_ctype_c.o
         2          0          0          0          0          0   libinit.o
        20          0          0          0          0          0   libinit2.o
         2          0          0          0          0          0   libshutdown.o
         2          0          0          0          0          0   libshutdown2.o
         8          4          0          0         96         68   libspace.o
        88          0          0          0          0         76   memcmp.o
        24          4          0          0          0         84   noretval__2printf.o
       612          0          0          0          0        136   qsortnoex.o
        16          4          0          0          0         76   rt_ctype_table.o
         8          4          0          0          0         68   rt_locale_intlibspace.o
        68          0          0          0          0         68   rt_memclr.o
        78          0          0          0          0         80   rt_memclr_w.o
       138          0          0          0          0         68   rt_memcpy_v6.o
       100          0          0          0          0         80   rt_memcpy_w.o
       122          0          0          0          0         80   rt_memmove_w.o
         0          0          0          0          0          0   rtentry.o
        12          0          0          0          0          0   rtentry2.o
         6          0          0          0          0          0   rtentry4.o
         2          0          0          0          0          0   rtexit.o
        10          0          0          0          0          0   rtexit2.o
       128          0          0          0          0         68   strcmpv7m.o
        62          0          0          0          0         76   strlen.o
        74          0          0          0          0         80   sys_stackheap_outer.o
         2          0          0          0          0         68   use_no_semi.o
         2          0          0          0          0         68   use_no_semi_2.o
        24          0          0          0          0         68   fcmpi.o
        62          4          0          0          0         84   ffixu.o
        38          0          0          0          0         68   fflt_clz.o
       104          4          0          0          0         84   fleqf.o
       258          4          0          0          0         84   fmul.o
       140          4          0          0          0         84   fnaninf.o
        10          0          0          0          0         68   fretinf.o
         0          0          0          0          0          0   usenofp.o

    ----------------------------------------------------------------------
      3132         78        272          0        100       2916   Library Totals
        12          0          0          0          4          0   (incl. Padding)

    ----------------------------------------------------------------------

      Code (inc. data)   RO Data    RW Data    ZI Data      Debug   Library Name

      2484         62        272          0         96       2376   c_w.l
       636         16          0          0          0        540   fz_ws.l

    ----------------------------------------------------------------------
      3132         78        272          0        100       2916   Library Totals

    ----------------------------------------------------------------------

==============================================================================


      Code (inc. data)   RO Data    RW Data    ZI Data      Debug   

     82584      12136       1520        388    1009588     645202   Grand Totals
     82584      12136       1520         88    1009588     645202   ELF Image Totals (compressed)
     82584      12136       1520         88          0          0   ROM Totals

==============================================================================

    Total RO  Size (Code + RO Data)                84104 (  82.13kB)
    Total RW  Size (RW Data + ZI Data)           1009976 ( 986.30kB)
    Total ROM Size (Code + RO Data + RW Data)      84192 (  82.22kB)

==============================================================================

