ARM Linker, 5.03 [Build 76] [MDK-ARM Professional]

==============================================================================

Section Cross References

    stm32f10x_wwdg.o(.text) refers to stm32f10x_rcc.o(.text) for RCC_APB1PeriphResetCmd
    stm32f10x_adc.o(.text) refers to stm32f10x_rcc.o(.text) for RCC_APB2PeriphResetCmd
    stm32f10x_bkp.o(.text) refers to stm32f10x_rcc.o(.text) for RCC_BackupResetCmd
    stm32f10x_can.o(.text) refers to stm32f10x_rcc.o(.text) for RCC_APB1PeriphResetCmd
    stm32f10x_cec.o(.text) refers to stm32f10x_rcc.o(.text) for RCC_APB1PeriphResetCmd
    stm32f10x_dac.o(.text) refers to stm32f10x_rcc.o(.text) for RCC_APB1PeriphResetCmd
    stm32f10x_gpio.o(.text) refers to stm32f10x_rcc.o(.text) for RCC_APB2PeriphResetCmd
    stm32f10x_i2c.o(.text) refers to stm32f10x_rcc.o(.text) for RCC_APB1PeriphResetCmd
    stm32f10x_pwr.o(.text) refers to stm32f10x_rcc.o(.text) for RCC_APB1PeriphResetCmd
    stm32f10x_rcc.o(.text) refers to stm32f10x_rcc.o(.data) for APBAHBPrescTable
    stm32f10x_spi.o(.text) refers to stm32f10x_rcc.o(.text) for RCC_APB2PeriphResetCmd
    stm32f10x_tim.o(.text) refers to stm32f10x_rcc.o(.text) for RCC_APB2PeriphResetCmd
    stm32f10x_usart.o(.text) refers to stm32f10x_rcc.o(.text) for RCC_APB2PeriphResetCmd
    system_stm32f10x.o(.text) refers to system_stm32f10x.o(.data) for SystemCoreClock
    startup_stm32f10x_hd.o(STACK) refers (Special) to heapauxi.o(.text) for __use_two_region_memory
    startup_stm32f10x_hd.o(HEAP) refers (Special) to heapauxi.o(.text) for __use_two_region_memory
    startup_stm32f10x_hd.o(RESET) refers (Special) to heapauxi.o(.text) for __use_two_region_memory
    startup_stm32f10x_hd.o(RESET) refers to startup_stm32f10x_hd.o(STACK) for __initial_sp
    startup_stm32f10x_hd.o(RESET) refers to startup_stm32f10x_hd.o(.text) for Reset_Handler
    startup_stm32f10x_hd.o(RESET) refers to stm32f10x_it.o(.text) for NMI_Handler
    startup_stm32f10x_hd.o(RESET) refers to os_cpu_a.o(.text) for OS_CPU_PendSVHandler
    startup_stm32f10x_hd.o(.text) refers (Special) to heapauxi.o(.text) for __use_two_region_memory
    startup_stm32f10x_hd.o(.text) refers to system_stm32f10x.o(.text) for SystemInit
    startup_stm32f10x_hd.o(.text) refers to __main.o(!!!main) for __main
    startup_stm32f10x_hd.o(.text) refers to startup_stm32f10x_hd.o(HEAP) for Heap_Mem
    startup_stm32f10x_hd.o(.text) refers to startup_stm32f10x_hd.o(STACK) for Stack_Mem
    main.o(.text) refers to sram.o(.text) for FSMC_SRAM_Init
    main.o(.text) refers to rt_memcpy_w.o(.text) for __aeabi_memcpy4
    main.o(.text) refers to array.o(.text) for array_new
    main.o(.text) refers to os_core.o(.text) for OSInit
    main.o(.text) refers to os_task.o(.text) for OSTaskCreate
    main.o(.text) refers to main.o(.constdata) for .constdata
    main.o(.text) refers to main.o(.bss) for startup_task_stk
    main.o(.text) refers to task_startup.o(.text) for startup_task
    stm32f10x_it.o(.text) refers to os_core.o(.text) for OSIntEnter
    sram.o(.text) refers to stm32f10x_rcc.o(.text) for RCC_APB2PeriphClockCmd
    sram.o(.text) refers to stm32f10x_gpio.o(.text) for GPIO_Init
    sram.o(.text) refers to stm32f10x_fsmc.o(.text) for FSMC_NORSRAMInit
    os_core.o(.text) refers to os_cpu_a.o(.text) for OS_CPU_SR_Save
    os_core.o(.text) refers to os_cpu_c.o(.text) for OSTaskIdleHook
    os_core.o(.text) refers to os_task.o(.text) for OSTaskCreateExt
    os_core.o(.text) refers to os_core.o(.data) for OSIntNesting
    os_core.o(.text) refers to os_core.o(.bss) for OSTaskIdleStk
    os_core.o(.text) refers to os_core.o(.constdata) for OSUnMapTbl
    os_sem.o(.text) refers to os_cpu_a.o(.text) for OS_CPU_SR_Save
    os_sem.o(.text) refers to os_core.o(.text) for OS_EventWaitListInit
    os_sem.o(.text) refers to os_core.o(.data) for OSIntNesting
    os_task.o(.text) refers to os_cpu_a.o(.text) for OS_CPU_SR_Save
    os_task.o(.text) refers to os_cpu_c.o(.text) for OSTaskStkInit
    os_task.o(.text) refers to os_core.o(.text) for OS_TCBInit
    os_task.o(.text) refers to os_core.o(.data) for OSIntNesting
    os_task.o(.text) refers to os_core.o(.bss) for OSTCBPrioTbl
    os_time.o(.text) refers to os_cpu_a.o(.text) for OS_CPU_SR_Save
    os_time.o(.text) refers to os_core.o(.text) for OS_Sched
    os_time.o(.text) refers to os_core.o(.data) for OSIntNesting
    os_cpu_a.o(.text) refers to os_core.o(.data) for OSRunning
    os_cpu_a.o(.text) refers to os_cpu_c.o(.text) for OSTaskSwHook
    task_startup.o(.text) refers to stm32f10x_rcc.o(.text) for RCC_GetClocksFreq
    task_startup.o(.text) refers to os_time.o(.text) for OSTimeDly
    task_startup.o(.text) refers to os_task.o(.text) for OSTaskCreate
    task_startup.o(.text) refers to task_startup.o(.bss) for task1_stk
    lib_mem.o(.text) refers to rt_memclr.o(.text) for __aeabi_memclr
    lib_mem.o(.text) refers to lib_mem.o(.data) for xStart
    lib_mem.o(.text) refers to lib_mem.o(.ARM.__AT_0x68000000) for ucHeap
[...]
    rt_memclr.o(.text) refers to rt_memclr_w.o(.text) for _memset_w
    __main.o(!!!main) refers to rtentry.o(.ARM.Collect$$rtentry$$00000000) for __rt_entry
    ffixu.o(x$fpl$ffixu) refers (Special) to usenofp.o(x$fpl$usenofp) for __I$use$fp
    ffixu.o(x$fpl$ffixu) refers to fnaninf.o(x$fpl$fnaninf) for __fpl_fnaninf
    ffixu.o(x$fpl$ffixur) refers (Special) to usenofp.o(x$fpl$usenofp) for __I$use$fp
    ffixu.o(x$fpl$ffixur) refers to fnaninf.o(x$fpl$fnaninf) for __fpl_fnaninf
    fflt_clz.o(x$fpl$ffltu) refers (Special) to usenofp.o(x$fpl$usenofp) for __I$use$fp
    fflt_clz.o(x$fpl$fflt) refers (Special) to usenofp.o(x$fpl$usenofp) for __I$use$fp
    fflt_clz.o(x$fpl$ffltn) refers (Special) to usenofp.o(x$fpl$usenofp) for __I$use$fp
    fleqf.o(x$fpl$fleqf) refers (Special) to usenofp.o(x$fpl$usenofp) for __I$use$fp
    fleqf.o(x$fpl$fleqf) refers to fnaninf.o(x$fpl$fnaninf) for __fpl_fnaninf
    fleqf.o(x$fpl$fleqf) refers to fcmpi.o(x$fpl$fcmpinf) for __fpl_fcmp_Inf
    fmul.o(x$fpl$fmul) refers (Special) to usenofp.o(x$fpl$usenofp) for __I$use$fp
    fmul.o(x$fpl$fmul) refers to fretinf.o(x$fpl$fretinf) for __fpl_fretinf
    fmul.o(x$fpl$fmul) refers to fnaninf.o(x$fpl$fnaninf) for __fpl_fnaninf
    rtentry.o(.ARM.Collect$$rtentry$$00000000) refers (Special) to rtentry2.o(.ARM.Collect$$rtentry$$0000000A) for __rt_entry_li
    rtentry.o(.ARM.Collect$$rtentry$$00000000) refers (Special) to rtentry2.o(.ARM.Collect$$rtentry$$0000000D) for __rt_entry_main
    rtentry.o(.ARM.Collect$$rtentry$$00000000) refers (Special) to rtentry2.o(.ARM.Collect$$rtentry$$0000000C) for __rt_entry_postli_1
    rtentry.o(.ARM.Collect$$rtentry$$00000000) refers (Special) to rtentry2.o(.ARM.Collect$$rtentry$$00000009) for __rt_entry_postsh_1
    rtentry.o(.ARM.Collect$$rtentry$$00000000) refers (Special) to rtentry2.o(.ARM.Collect$$rtentry$$00000002) for __rt_entry_presh_1
    rtentry.o(.ARM.Collect$$rtentry$$00000000) refers (Special) to rtentry4.o(.ARM.Collect$$rtentry$$00000004) for __rt_entry_sh
    fcmpi.o(x$fpl$fcmpinf) refers (Special) to usenofp.o(x$fpl$usenofp) for __I$use$fp
    fnaninf.o(x$fpl$fnaninf) refers (Special) to usenofp.o(x$fpl$usenofp) for __I$use$fp
    fretinf.o(x$fpl$fretinf) refers (Special) to usenofp.o(x$fpl$usenofp) for __I$use$fp
    rtentry2.o(.ARM.Collect$$rtentry$$00000008) refers to boardinit2.o(.text) for _platform_post_stackheap_init
    rtentry2.o(.ARM.Collect$$rtentry$$0000000A) refers to libinit.o(.ARM.Collect$$libinit$$00000000) for __rt_lib_init
    rtentry2.o(.ARM.Collect$$rtentry$$0000000B) refers to boardinit3.o(.text) for _platform_post_lib_init
    rtentry2.o(.ARM.Collect$$rtentry$$0000000D) refers to main.o(.text) for main
    rtentry2.o(.ARM.Collect$$rtentry$$0000000D) refers to exit.o(.text) for exit
    rtentry2.o(.ARM.exidx) refers to rtentry2.o(.ARM.Collect$$rtentry$$00000001) for .ARM.Collect$$rtentry$$00000001
    rtentry2.o(.ARM.exidx) refers to rtentry2.o(.ARM.Collect$$rtentry$$00000008) for .ARM.Collect$$rtentry$$00000008
    rtentry2.o(.ARM.exidx) refers to rtentry2.o(.ARM.Collect$$rtentry$$0000000A) for .ARM.Collect$$rtentry$$0000000A
    rtentry2.o(.ARM.exidx) refers to rtentry2.o(.ARM.Collect$$rtentry$$0000000B) for .ARM.Collect$$rtentry$$0000000B
    rtentry2.o(.ARM.exidx) refers to rtentry2.o(.ARM.Collect$$rtentry$$0000000D) for .ARM.Collect$$rtentry$$0000000D
    rtentry4.o(.ARM.Collect$$rtentry$$00000004) refers to sys_stackheap_outer.o(.text) for __user_setup_stackheap
    rtentry4.o(.ARM.exidx) refers to rtentry4.o(.ARM.Collect$$rtentry$$00000004) for .ARM.Collect$$rtentry$$00000004
    sys_stackheap_outer.o(.text) refers to libspace.o(.text) for __user_perproc_libspace
    sys_stackheap_outer.o(.text) refers to startup_stm32f10x_hd.o(.text) for __user_initial_stackheap
    exit.o(.text) refers to rtexit.o(.ARM.Collect$$rtexit$$00000000) for __rt_exit
    libinit.o(.ARM.Collect$$libinit$$00000000) refers (Special) to libinit2.o(.ARM.Collect$$libinit$$0000002C) for __rt_lib_init_alloca_1
    libinit.o(.ARM.Collect$$libinit$$00000000) refers (Special) to libinit2.o(.ARM.Collect$$libinit$$0000002A) for __rt_lib_init_argv_1
    libinit.o(.ARM.Collect$$libinit$$00000000) refers (Special) to libinit2.o(.ARM.Collect$$libinit$$00000019) for __rt_lib_init_atexit_1
    libinit.o(.ARM.Collect$$libinit$$00000000) refers (Special) to libinit2.o(.ARM.Collect$$libinit$$0000001F) for __rt_lib_init_clock_1
    libinit.o(.ARM.Collect$$libinit$$00000000) refers (Special) to libinit2.o(.ARM.Collect$$libinit$$00000030) for __rt_lib_init_cpp_1
    libinit.o(.ARM.Collect$$libinit$$00000000) refers (Special) to libinit2.o(.ARM.Collect$$libinit$$0000002E) for __rt_lib_init_exceptions_1
    libinit.o(.ARM.Collect$$libinit$$00000000) refers (Special) to libinit2.o(.ARM.Collect$$libinit$$00000002) for __rt_lib_init_fp_1
    libinit.o(.ARM.Collect$$libinit$$00000000) refers (Special) to libinit2.o(.ARM.Collect$$libinit$$0000001D) for __rt_lib_init_fp_trap_1
    libinit.o(.ARM.Collect$$libinit$$00000000) refers (Special) to libinit2.o(.ARM.Collect$$libinit$$00000021) for __rt_lib_init_getenv_1
    libinit.o(.ARM.Collect$$libinit$$00000000) refers (Special) to libinit2.o(.ARM.Collect$$libinit$$00000008) for __rt_lib_init_heap_1
    libinit.o(.ARM.Collect$$libinit$$00000000) refers (Special) to libinit2.o(.ARM.Collect$$libinit$$0000000F) for __rt_lib_init_lc_collate_1
    libinit.o(.ARM.Collect$$libinit$$00000000) refers (Special) to libinit2.o(.ARM.Collect$$libinit$$00000011) for __rt_lib_init_lc_ctype_1
    libinit.o(.ARM.Collect$$libinit$$00000000) refers (Special) to libinit2.o(.ARM.Collect$$libinit$$00000013) for __rt_lib_init_lc_monetary_1
    libinit.o(.ARM.Collect$$libinit$$00000000) refers (Special) to libinit2.o(.ARM.Collect$$libinit$$00000015) for __rt_lib_init_lc_numeric_1
    libinit.o(.ARM.Collect$$libinit$$00000000) refers (Special) to libinit2.o(.ARM.Collect$$libinit$$00000017) for __rt_lib_init_lc_time_1
    libinit.o(.ARM.Collect$$libinit$$00000000) refers (Special) to libinit2.o(.ARM.Collect$$libinit$$0000000C) for __rt_lib_init_rand_1
    libinit.o(.ARM.Collect$$libinit$$00000000) refers (Special) to libinit2.o(.ARM.Collect$$libinit$$00000031) for __rt_lib_init_return
    libinit.o(.ARM.Collect$$libinit$$00000000) refers (Special) to libinit2.o(.ARM.Collect$$libinit$$0000001B) for __rt_lib_init_signal_1
    libinit.o(.ARM.Collect$$libinit$$00000000) refers (Special) to libinit2.o(.ARM.Collect$$libinit$$00000023) for __rt_lib_init_stdio_1
    libinit.o(.ARM.Collect$$libinit$$00000000) refers (Special) to libinit2.o(.ARM.Collect$$libinit$$0000000A) for __rt_lib_init_user_alloc_1
    libspace.o(.text) refers to libspace.o(.bss) for __libspace_start
    rtexit.o(.ARM.Collect$$rtexit$$00000000) refers (Special) to rtexit2.o(.ARM.Collect$$rtexit$$00000004) for __rt_exit_exit
    rtexit.o(.ARM.Collect$$rtexit$$00000000) refers (Special) to rtexit2.o(.ARM.Collect$$rtexit$$00000003) for __rt_exit_ls
    rtexit.o(.ARM.Collect$$rtexit$$00000000) refers (Special) to rtexit2.o(.ARM.Collect$$rtexit$$00000002) for __rt_exit_prels_1
    rtexit.o(.ARM.exidx) refers (Special) to rtexit2.o(.ARM.Collect$$rtexit$$00000004) for __rt_exit_exit
    rtexit.o(.ARM.exidx) refers (Special) to rtexit2.o(.ARM.Collect$$rtexit$$00000003) for __rt_exit_ls
    rtexit.o(.ARM.exidx) refers (Special) to rtexit2.o(.ARM.Collect$$rtexit$$00000002) for __rt_exit_prels_1
    rtexit.o(.ARM.exidx) refers to rtexit.o(.ARM.Collect$$rtexit$$00000000) for .ARM.Collect$$rtexit$$00000000
    libinit2.o(.ARM.Collect$$libinit$$0000000E) refers to libinit2.o(.ARM.Collect$$libinit$$0000000D) for .ARM.Collect$$libinit$$0000000D
    libinit2.o(.ARM.Collect$$libinit$$00000010) refers to libinit2.o(.ARM.Collect$$libinit$$0000000D) for .ARM.Collect$$libinit$$0000000D
    libinit2.o(.ARM.Collect$$libinit$$00000012) refers to libinit2.o(.ARM.Collect$$libinit$$0000000D) for .ARM.Collect$$libinit$$0000000D
    libinit2.o(.ARM.Collect$$libinit$$00000014) refers to libinit2.o(.ARM.Collect$$libinit$$0000000D) for .ARM.Collect$$libinit$$0000000D
    libinit2.o(.ARM.Collect$$libinit$$00000016) refers to libinit2.o(.ARM.Collect$$libinit$$0000000D) for .ARM.Collect$$libinit$$0000000D
    libinit2.o(.ARM.Collect$$libinit$$00000024) refers to argv_veneer.o(.emb_text) for __ARM_argv_veneer
    libinit2.o(.ARM.Collect$$libinit$$00000025) refers to argv_veneer.o(.emb_text) for __ARM_argv_veneer
    rtexit2.o(.ARM.Collect$$rtexit$$00000003) refers to libshutdown.o(.ARM.Collect$$libshutdown$$00000000) for __rt_lib_shutdown
    rtexit2.o(.ARM.Collect$$rtexit$$00000004) refers to sys_exit.o(.text) for _sys_exit
    rtexit2.o(.ARM.exidx) refers to rtexit2.o(.ARM.Collect$$rtexit$$00000001) for .ARM.Collect$$rtexit$$00000001
    rtexit2.o(.ARM.exidx) refers to rtexit2.o(.ARM.Collect$$rtexit$$00000003) for .ARM.Collect$$rtexit$$00000003
    rtexit2.o(.ARM.exidx) refers to rtexit2.o(.ARM.Collect$$rtexit$$00000004) for .ARM.Collect$$rtexit$$00000004
    argv_veneer.o(.emb_text) refers to no_argv.o(.text) for __ARM_get_argv
    sys_exit.o(.text) refers (Special) to use_no_semi.o(.text) for __I$use$semihosting
    sys_exit.o(.text) refers (Special) to indicate_semi.o(.text) for __semihosting_library_function
    _get_argv_nomalloc.o(.text) refers (Special) to hrguard.o(.text) for __heap_region$guard
    _get_argv_nomalloc.o(.text) refers to defsig_rtmem_outer.o(.text) for __rt_SIGRTMEM
    _get_argv_nomalloc.o(.text) refers to sys_command.o(.text) for _sys_command_string
    libshutdown.o(.ARM.Collect$$libshutdown$$00000000) refers (Special) to libshutdown2.o(.ARM.Collect$$libshutdown$$00000006) for __rt_lib_shutdown_fp_trap_1
    libshutdown.o(.ARM.Collect$$libshutdown$$00000000) refers (Special) to libshutdown2.o(.ARM.Collect$$libshutdown$$0000000E) for __rt_lib_shutdown_heap_1
    libshutdown.o(.ARM.Collect$$libshutdown$$00000000) refers (Special) to libshutdown2.o(.ARM.Collect$$libshutdown$$0000000F) for __rt_lib_shutdown_return
    libshutdown.o(.ARM.Collect$$libshutdown$$00000000) refers (Special) to libshutdown2.o(.ARM.Collect$$libshutdown$$00000009) for __rt_lib_shutdown_signal_1
    libshutdown.o(.ARM.Collect$$libshutdown$$00000000) refers (Special) to libshutdown2.o(.ARM.Collect$$libshutdown$$00000003) for __rt_lib_shutdown_stdio_1
    libshutdown.o(.ARM.Collect$$libshutdown$$00000000) refers (Special) to libshutdown2.o(.ARM.Collect$$libshutdown$$0000000B) for __rt_lib_shutdown_user_alloc_1
    sys_command.o(.text) refers (Special) to use_no_semi.o(.text) for __I$use$semihosting
    sys_command.o(.text) refers (Special) to indicate_semi.o(.text) for __semihosting_library_function
    defsig_rtmem_outer.o(.text) refers to defsig_rtmem_inner.o(.text) for __rt_SIGRTMEM_inner
    defsig_rtmem_outer.o(.text) refers to defsig_exit.o(.text) for __sig_exit
    defsig_rtmem_formal.o(.text) refers to rt_raise.o(.text) for __rt_raise
    rt_raise.o(.text) refers to __raise.o(.text) for __raise
    rt_raise.o(.text) refers to sys_exit.o(.text) for _sys_exit
    defsig_exit.o(.text) refers to sys_exit.o(.text) for _sys_exit
    defsig_rtmem_inner.o(.text) refers to defsig_general.o(.text) for __default_signal_display
    __raise.o(.text) refers to defsig.o(CL$$defsig) for __default_signal_handler
    defsig_general.o(.text) refers to sys_wrch.o(.text) for _ttywrch
    sys_wrch.o(.text) refers (Special) to use_no_semi.o(.text) for __I$use$semihosting
    sys_wrch.o(.text) refers (Special) to indicate_semi.o(.text) for __semihosting_library_function
    defsig.o(CL$$defsig) refers to defsig_rtmem_inner.o(.text) for __rt_SIGRTMEM_inner
    defsig_abrt_inner.o(.text) refers to defsig_general.o(.text) for __default_signal_display
    defsig_fpe_inner.o(.text) refers to defsig_general.o(.text) for __default_signal_display
    defsig_rtred_inner.o(.text) refers to defsig_general.o(.text) for __default_signal_display
    defsig_stak_inner.o(.text) refers to defsig_general.o(.text) for __default_signal_display
    defsig_pvfn_inner.o(.text) refers to defsig_general.o(.text) for __default_signal_display
    defsig_cppl_inner.o(.text) refers to defsig_general.o(.text) for __default_signal_display
    defsig_segv_inner.o(.text) refers to defsig_general.o(.text) for __default_signal_display
    defsig_other.o(.text) refers to defsig_general.o(.text) for __default_signal_display


==============================================================================

Removing Unused input sections from the image.

    Removing stm32f10x_wwdg.o(.text), (136 bytes).
    Removing misc.o(.text), (220 bytes).
    Removing stm32f10x_adc.o(.text), (1102 bytes).
    Removing stm32f10x_bkp.o(.text), (196 bytes).
    Removing stm32f10x_can.o(.text), (2540 bytes).
    Removing stm32f10x_cec.o(.text), (288 bytes).
    Removing stm32f10x_crc.o(.text), (72 bytes).
    Removing stm32f10x_dac.o(.text), (396 bytes).
    Removing stm32f10x_dbgmcu.o(.text), (48 bytes).
    Removing stm32f10x_dma.o(.text), (592 bytes).
    Removing stm32f10x_exti.o(.text), (284 bytes).
    Removing stm32f10x_flash.o(.text), (1468 bytes).
    Removing stm32f10x_i2c.o(.text), (1028 bytes).
    Removing stm32f10x_iwdg.o(.text), (64 bytes).
    Removing stm32f10x_pwr.o(.text), (204 bytes).
    Removing stm32f10x_rtc.o(.text), (324 bytes).
    Removing stm32f10x_sdio.o(.text), (472 bytes).
    Removing stm32f10x_spi.o(.text), (780 bytes).
    Removing stm32f10x_tim.o(.text), (3610 bytes).
    Removing stm32f10x_usart.o(.text), (1032 bytes).
    Removing core_cm3.o(.emb_text), (32 bytes).
    Removing os_sem.o(.text), (952 bytes).
    Removing os_dbg.o(.constdata), (2 bytes).
    Removing deque.o(.text), (2904 bytes).
    Removing hashset.o(.text), (300 bytes).
    Removing hashtable.o(.text), (2124 bytes).
    Removing list.o(.text), (3618 bytes).
    Removing queue.o(.text), (340 bytes).
    Removing slist.o(.text), (2756 bytes).
    Removing stack.o(.text), (348 bytes).
    Removing treeset.o(.text), (406 bytes).
    Removing treetable.o(.text), (2030 bytes).

32 unused section(s) (total 30668 bytes) removed from the image.

==============================================================================

Image Symbol Table

    Local Symbols

    Symbol Name                              Value     Ov Type        Size  Object(Section)

    ../clib/angel/boardlib.s                 0x00000000   Number         0  boardinit3.o ABSOLUTE
    ../clib/angel/boardlib.s                 0x00000000   Number         0  boardinit1.o ABSOLUTE
    ../clib/angel/boardlib.s                 0x00000000   Number         0  boardshut.o ABSOLUTE
    ../clib/angel/boardlib.s                 0x00000000   Number         0  boardinit2.o ABSOLUTE
    ../clib/angel/handlers.s                 0x00000000   Number         0  __scatter_copy.o ABSOLUTE
    ../clib/angel/handlers.s                 0x00000000   Number         0  __scatter_zi.o ABSOLUTE
    ../clib/angel/kernel.s                   0x00000000   Number         0  rtentry4.o ABSOLUTE
    ../clib/angel/kernel.s                   0x00000000   Number         0  rtentry2.o ABSOLUTE
    ../clib/angel/kernel.s                   0x00000000   Number         0  rtexit2.o ABSOLUTE
    ../clib/angel/kernel.s                   0x00000000   Number         0  rtentry.o ABSOLUTE
    ../clib/angel/kernel.s                   0x00000000   Number         0  rtexit.o ABSOLUTE
    ../clib/angel/rt.s                       0x00000000   Number         0  rt_raise.o ABSOLUTE
    ../clib/angel/scatter.s                  0x00000000   Number         0  __scatter.o ABSOLUTE
    ../clib/angel/startup.s                  0x00000000   Number         0  __main.o ABSOLUTE
    ../clib/angel/sys.s                      0x00000000   Number         0  libspace.o ABSOLUTE
    ../clib/angel/sys.s                      0x00000000   Number         0  indicate_semi.o ABSOLUTE
    ../clib/angel/sys.s                      0x00000000   Number         0  use_no_semi.o ABSOLUTE
    ../clib/angel/sys.s                      0x00000000   Number         0  sys_stackheap_outer.o ABSOLUTE
    ../clib/angel/sysapp.c                   0x00000000   Number         0  sys_wrch.o ABSOLUTE
    ../clib/angel/sysapp.c                   0x00000000   Number         0  sys_exit.o ABSOLUTE
    ../clib/angel/sysapp.c                   0x00000000   Number         0  sys_command.o ABSOLUTE
    ../clib/armsys.c                         0x00000000   Number         0  _get_argv_nomalloc.o ABSOLUTE
    ../clib/armsys.c                         0x00000000   Number         0  argv_veneer.o ABSOLUTE
    ../clib/armsys.c                         0x00000000   Number         0  no_argv.o ABSOLUTE
    ../clib/armsys.c                         0x00000000   Number         0  argv_veneer.o ABSOLUTE
    ../clib/heapalloc.c                      0x00000000   Number         0  hrguard.o ABSOLUTE
    ../clib/heapaux.c                        0x00000000   Number         0  heapauxi.o ABSOLUTE
    ../clib/libinit.s                        0x00000000   Number         0  libinit.o ABSOLUTE
    ../clib/libinit.s                        0x00000000   Number         0  libshutdown2.o ABSOLUTE
    ../clib/libinit.s                        0x00000000   Number         0  libinit2.o ABSOLUTE
    ../clib/libinit.s                        0x00000000   Number         0  libshutdown.o ABSOLUTE
    ../clib/longlong.s                       0x00000000   Number         0  llshl.o ABSOLUTE
    ../clib/longlong.s                       0x00000000   Number         0  llushr.o ABSOLUTE
    ../clib/memcpset.s                       0x00000000   Number         0  strcmpv7m.o ABSOLUTE
    ../clib/memcpset.s                       0x00000000   Number         0  rt_memcpy_w.o ABSOLUTE
    ../clib/memcpset.s                       0x00000000   Number         0  rt_memclr_w.o ABSOLUTE
    ../clib/memcpset.s                       0x00000000   Number         0  rt_memclr.o ABSOLUTE
    ../clib/memcpset.s                       0x00000000   Number         0  rt_memmove_w.o ABSOLUTE
    ../clib/signal.c                         0x00000000   Number         0  defsig_pvfn_inner.o ABSOLUTE
    ../clib/signal.c                         0x00000000   Number         0  defsig_stak_inner.o ABSOLUTE
    ../clib/signal.c                         0x00000000   Number         0  defsig_rtred_inner.o ABSOLUTE
    ../clib/signal.c                         0x00000000   Number         0  defsig_fpe_inner.o ABSOLUTE
    ../clib/signal.c                         0x00000000   Number         0  defsig_abrt_inner.o ABSOLUTE
    ../clib/signal.c                         0x00000000   Number         0  defsig_general.o ABSOLUTE
    ../clib/signal.c                         0x00000000   Number         0  __raise.o ABSOLUTE
    ../clib/signal.c                         0x00000000   Number         0  defsig_rtmem_inner.o ABSOLUTE
    ../clib/signal.c                         0x00000000   Number         0  defsig_exit.o ABSOLUTE
    ../clib/signal.c                         0x00000000   Number         0  defsig_rtmem_outer.o ABSOLUTE
    ../clib/signal.c                         0x00000000   Number         0  defsig_rtmem_formal.o ABSOLUTE
    ../clib/signal.c                         0x00000000   Number         0  defsig_other.o ABSOLUTE
    ../clib/signal.c                         0x00000000   Number         0  defsig_segv_inner.o ABSOLUTE
    ../clib/signal.c                         0x00000000   Number         0  defsig_cppl_inner.o ABSOLUTE
    ../clib/signal.s                         0x00000000   Number         0  defsig.o ABSOLUTE
    ../clib/stdlib.c                         0x00000000   Number         0  exit.o ABSOLUTE
    ../clib/stdlib.c                         0x00000000   Number         0  qsortnoex.o ABSOLUTE
    ../fplib/fcmpi.s                         0x00000000   Number         0  fcmpi.o ABSOLUTE
    ../fplib/ffixu.s                         0x00000000   Number         0  ffixu.o ABSOLUTE
    ../fplib/fflt.s                          0x00000000   Number         0  fflt_clz.o ABSOLUTE
    ../fplib/fleqf.s                         0x00000000   Number         0  fleqf.o ABSOLUTE
    ../fplib/fmul.s                          0x00000000   Number         0  fmul.o ABSOLUTE
    ../fplib/fnaninf.s                       0x00000000   Number         0  fnaninf.o ABSOLUTE
    ../fplib/fpinit.s                        0x00000000   Number         0  fpinit.o ABSOLUTE
    ../fplib/fretinf.s                       0x00000000   Number         0  fretinf.o ABSOLUTE
    ../fplib/usenofp.s                       0x00000000   Number         0  usenofp.o ABSOLUTE
    dc.s                                     0x00000000   Number         0  dc.o ABSOLUTE
    src\HARDWARE\SRAM\sram.c                 0x00000000   Number         0  sram.o ABSOLUTE
    src\\libstm32\\cmsis\\core_cm3.c         0x00000000   Number         0  core_cm3.o ABSOLUTE
    src\collect\array.c                      0x00000000   Number         0  array.o ABSOLUTE
    src\collect\common.c                     0x00000000   Number         0  common.o ABSOLUTE
    src\collect\deque.c                      0x00000000   Number         0  deque.o ABSOLUTE
    src\collect\hashset.c                    0x00000000   Number         0  hashset.o ABSOLUTE
    src\collect\hashtable.c                  0x00000000   Number         0  hashtable.o ABSOLUTE
    src\collect\list.c                       0x00000000   Number         0  list.o ABSOLUTE
    src\collect\queue.c                      0x00000000   Number         0  queue.o ABSOLUTE
    src\collect\slist.c                      0x00000000   Number         0  slist.o ABSOLUTE
    src\collect\stack.c                      0x00000000   Number         0  stack.o ABSOLUTE
    src\collect\treeset.c                    0x00000000   Number         0  treeset.o ABSOLUTE
    src\collect\treetable.c                  0x00000000   Number         0  treetable.o ABSOLUTE
    src\init\main.c                          0x00000000   Number         0  main.o ABSOLUTE
    src\init\stm32f10x_it.c                  0x00000000   Number         0  stm32f10x_it.o ABSOLUTE
    src\libstm32\cmsis\core_cm3.c            0x00000000   Number         0  core_cm3.o ABSOLUTE
    src\libstm32\cmsis\startup_stm32f10x_hd.s 0x00000000   Number         0  startup_stm32f10x_hd.o ABSOLUTE
    src\libstm32\cmsis\system_stm32f10x.c    0x00000000   Number         0  system_stm32f10x.o ABSOLUTE
    src\libstm32\src\misc.c                  0x00000000   Number         0  misc.o ABSOLUTE
    src\libstm32\src\stm32f10x_adc.c         0x00000000   Number         0  stm32f10x_adc.o ABSOLUTE
    src\libstm32\src\stm32f10x_bkp.c         0x00000000   Number         0  stm32f10x_bkp.o ABSOLUTE
    src\libstm32\src\stm32f10x_can.c         0x00000000   Number         0  stm32f10x_can.o ABSOLUTE
    src\libstm32\src\stm32f10x_cec.c         0x00000000   Number         0  stm32f10x_cec.o ABSOLUTE
    src\libstm32\src\stm32f10x_crc.c         0x00000000   Number         0  stm32f10x_crc.o ABSOLUTE
    src\libstm32\src\stm32f10x_dac.c         0x00000000   Number         0  stm32f10x_dac.o ABSOLUTE
    src\libstm32\src\stm32f10x_dbgmcu.c      0x00000000   Number         0  stm32f10x_dbgmcu.o ABSOLUTE
    src\libstm32\src\stm32f10x_dma.c         0x00000000   Number         0  stm32f10x_dma.o ABSOLUTE
    src\libstm32\src\stm32f10x_exti.c        0x00000000   Number         0  stm32f10x_exti.o ABSOLUTE
    src\libstm32\src\stm32f10x_flash.c       0x00000000   Number         0  stm32f10x_flash.o ABSOLUTE
    src\libstm32\src\stm32f10x_fsmc.c        0x00000000   Number         0  stm32f10x_fsmc.o ABSOLUTE
    src\libstm32\src\stm32f10x_gpio.c        0x00000000   Number         0  stm32f10x_gpio.o ABSOLUTE
    src\libstm32\src\stm32f10x_i2c.c         0x00000000   Number         0  stm32f10x_i2c.o ABSOLUTE
    src\libstm32\src\stm32f10x_iwdg.c        0x00000000   Number         0  stm32f10x_iwdg.o ABSOLUTE
    src\libstm32\src\stm32f10x_pwr.c         0x00000000   Number         0  stm32f10x_pwr.o ABSOLUTE
    src\libstm32\src\stm32f10x_rcc.c         0x00000000   Number         0  stm32f10x_rcc.o ABSOLUTE
    src\libstm32\src\stm32f10x_rtc.c         0x00000000   Number         0  stm32f10x_rtc.o ABSOLUTE
    src\libstm32\src\stm32f10x_sdio.c        0x00000000   Number         0  stm32f10x_sdio.o ABSOLUTE
    src\libstm32\src\stm32f10x_spi.c         0x00000000   Number         0  stm32f10x_spi.o ABSOLUTE
    src\libstm32\src\stm32f10x_tim.c         0x00000000   Number         0  stm32f10x_tim.o ABSOLUTE
    src\libstm32\src\stm32f10x_usart.c       0x00000000   Number         0  stm32f10x_usart.o ABSOLUTE
    src\libstm32\src\stm32f10x_wwdg.c        0x00000000   Number         0  stm32f10x_wwdg.o ABSOLUTE
    src\mem\lib_mem.c                        0x00000000   Number         0  lib_mem.o ABSOLUTE
    src\task\task_startup.c                  0x00000000   Number         0  task_startup.o ABSOLUTE
    src\ucosii\port\os_cpu_a.asm             0x00000000   Number         0  os_cpu_a.o ABSOLUTE
    src\ucosii\port\os_cpu_c.c               0x00000000   Number         0  os_cpu_c.o ABSOLUTE
    src\ucosii\port\os_dbg.c                 0x00000000   Number         0  os_dbg.o ABSOLUTE
    src\ucosii\src\os_core.c                 0x00000000   Number         0  os_core.o ABSOLUTE
    src\ucosii\src\os_flag.c                 0x00000000   Number         0  os_flag.o ABSOLUTE
    src\ucosii\src\os_mbox.c                 0x00000000   Number         0  os_mbox.o ABSOLUTE
    src\ucosii\src\os_mem.c                  0x00000000   Number         0  os_mem.o ABSOLUTE
    src\ucosii\src\os_mutex.c                0x00000000   Number         0  os_mutex.o ABSOLUTE
    src\ucosii\src\os_q.c                    0x00000000   Number         0  os_q.o ABSOLUTE
    src\ucosii\src\os_sem.c                  0x00000000   Number         0  os_sem.o ABSOLUTE
    src\ucosii\src\os_task.c                 0x00000000   Number         0  os_task.o ABSOLUTE
    src\ucosii\src\os_time.c                 0x00000000   Number         0  os_time.o ABSOLUTE
    src\ucosii\src\os_tmr.c                  0x00000000   Number         0  os_tmr.o ABSOLUTE
    RESET                                    0x08000000   Section      304  startup_stm32f10x_hd.o(RESET)
    !!!main                                  0x08000130   Section        8  __main.o(!!!main)
    !!!scatter                               0x08000138   Section       52  __scatter.o(!!!scatter)
    !!handler_copy                           0x0800016c   Section       26  __scatter_copy.o(!!handler_copy)
    !!handler_zi                             0x08000188   Section       28  __scatter_zi.o(!!handler_zi)
    .ARM.Collect$$libinit$$00000000          0x080001a4   Section        2  libinit.o(.ARM.Collect$$libinit$$00000000)
    .ARM.Collect$$libinit$$00000002          0x080001a6   Section        0  libinit2.o(.ARM.Collect$$libinit$$00000002)
    .ARM.Collect$$libinit$$00000008          0x080001a6   Section        0  libinit2.o(.ARM.Collect$$libinit$$00000008)
    .ARM.Collect$$libinit$$0000000A          0x080001a6   Section        0  libinit2.o(.ARM.Collect$$libinit$$0000000A)
    .ARM.Collect$$libinit$$0000000C          0x080001a6   Section        0  libinit2.o(.ARM.Collect$$libinit$$0000000C)
    .ARM.Collect$$libinit$$0000000F          0x080001a6   Section        0  libinit2.o(.ARM.Collect$$libinit$$0000000F)
    .ARM.Collect$$libinit$$00000011          0x080001a6   Section        0  libinit2.o(.ARM.Collect$$libinit$$00000011)
    .ARM.Collect$$libinit$$00000013          0x080001a6   Section        0  libinit2.o(.ARM.Collect$$libinit$$00000013)
    .ARM.Collect$$libinit$$00000015          0x080001a6   Section        0  libinit2.o(.ARM.Collect$$libinit$$00000015)
    .ARM.Collect$$libinit$$00000017          0x080001a6   Section        0  libinit2.o(.ARM.Collect$$libinit$$00000017)
    .ARM.Collect$$libinit$$00000019          0x080001a6   Section        0  libinit2.o(.ARM.Collect$$libinit$$00000019)
    .ARM.Collect$$libinit$$0000001B          0x080001a6   Section        0  libinit2.o(.ARM.Collect$$libinit$$0000001B)
    .ARM.Collect$$libinit$$0000001D          0x080001a6   Section        0  libinit2.o(.ARM.Collect$$libinit$$0000001D)
    .ARM.Collect$$libinit$$0000001F          0x080001a6   Section        0  libinit2.o(.ARM.Collect$$libinit$$0000001F)
    .ARM.Collect$$libinit$$00000021          0x080001a6   Section        0  libinit2.o(.ARM.Collect$$libinit$$00000021)
    .ARM.Collect$$libinit$$00000023          0x080001a6   Section        0  libinit2.o(.ARM.Collect$$libinit$$00000023)
    .ARM.Collect$$libinit$$0000002A          0x080001a6   Section        0  libinit2.o(.ARM.Collect$$libinit$$0000002A)
    .ARM.Collect$$libinit$$0000002C          0x080001a6   Section        0  libinit2.o(.ARM.Collect$$libinit$$0000002C)
    .ARM.Collect$$libinit$$0000002E          0x080001a6   Section        0  libinit2.o(.ARM.Collect$$libinit$$0000002E)
    .ARM.Collect$$libinit$$00000030          0x080001a6   Section        0  libinit2.o(.ARM.Collect$$libinit$$00000030)
    .ARM.Collect$$libinit$$00000031          0x080001a6   Section        2  libinit2.o(.ARM.Collect$$libinit$$00000031)
    .ARM.Collect$$libshutdown$$00000000      0x080001a8   Section        2  libshutdown.o(.ARM.Collect$$libshutdown$$00000000)
    .ARM.Collect$$libshutdown$$00000003      0x080001aa   Section        0  libshutdown2.o(.ARM.Collect$$libshutdown$$00000003)
    .ARM.Collect$$libshutdown$$00000006      0x080001aa   Section        0  libshutdown2.o(.ARM.Collect$$libshutdown$$00000006)
    .ARM.Collect$$libshutdown$$00000009      0x080001aa   Section        0  libshutdown2.o(.ARM.Collect$$libshutdown$$00000009)
    .ARM.Collect$$libshutdown$$0000000B      0x080001aa   Section        0  libshutdown2.o(.ARM.Collect$$libshutdown$$0000000B)
    .ARM.Collect$$libshutdown$$0000000E      0x080001aa   Section        0  libshutdown2.o(.ARM.Collect$$libshutdown$$0000000E)
    .ARM.Collect$$libshutdown$$0000000F      0x080001aa   Section        2  libshutdown2.o(.ARM.Collect$$libshutdown$$0000000F)
    .ARM.Collect$$rtentry$$00000000          0x080001ac   Section        0  rtentry.o(.ARM.Collect$$rtentry$$00000000)
    .ARM.Collect$$rtentry$$00000002          0x080001ac   Section        0  rtentry2.o(.ARM.Collect$$rtentry$$00000002)
    .ARM.Collect$$rtentry$$00000004          0x080001ac   Section        6  rtentry4.o(.ARM.Collect$$rtentry$$00000004)
    .ARM.Collect$$rtentry$$00000009          0x080001b2   Section        0  rtentry2.o(.ARM.Collect$$rtentry$$00000009)
    .ARM.Collect$$rtentry$$0000000A          0x080001b2   Section        4  rtentry2.o(.ARM.Collect$$rtentry$$0000000A)
    .ARM.Collect$$rtentry$$0000000C          0x080001b6   Section        0  rtentry2.o(.ARM.Collect$$rtentry$$0000000C)
    .ARM.Collect$$rtentry$$0000000D          0x080001b6   Section        8  rtentry2.o(.ARM.Collect$$rtentry$$0000000D)
    .ARM.Collect$$rtexit$$00000000           0x080001be   Section        2  rtexit.o(.ARM.Collect$$rtexit$$00000000)
    .ARM.Collect$$rtexit$$00000002           0x080001c0   Section        0  rtexit2.o(.ARM.Collect$$rtexit$$00000002)
    .ARM.Collect$$rtexit$$00000003           0x080001c0   Section        4  rtexit2.o(.ARM.Collect$$rtexit$$00000003)
    .ARM.Collect$$rtexit$$00000004           0x080001c4   Section        6  rtexit2.o(.ARM.Collect$$rtexit$$00000004)
    .text                                    0x080001cc   Section        0  stm32f10x_fsmc.o(.text)
    .text                                    0x080007e4   Section        0  stm32f10x_gpio.o(.text)
    .text                                    0x08000b3c   Section        0  stm32f10x_rcc.o(.text)
    .text                                    0x08000ee0   Section        0  system_stm32f10x.o(.text)
    SetSysClockTo36                          0x08000ee1   Thumb Code   208  system_stm32f10x.o(.text)
    SetSysClock                              0x08000fb1   Thumb Code     8  system_stm32f10x.o(.text)
    .text                                    0x080010b8   Section       64  startup_stm32f10x_hd.o(.text)
    .text                                    0x080010f8   Section        0  main.o(.text)
    .text                                    0x08001180   Section        0  stm32f10x_it.o(.text)
    .text                                    0x080011a8   Section        0  sram.o(.text)
    .text                                    0x080012c0   Section        0  os_core.o(.text)
    OS_InitTaskIdle                          0x080013ed   Thumb Code    52  os_core.o(.text)
    OS_InitEventList                         0x08001433   Thumb Code    70  os_core.o(.text)
    OS_InitTCBList                           0x08001479   Thumb Code    86  os_core.o(.text)
    OS_InitRdyList                           0x080014cf   Thumb Code    46  os_core.o(.text)
    OS_InitMisc                              0x080014fd   Thumb Code    28  os_core.o(.text)
    OS_SchedNew                              0x08001555   Thumb Code    26  os_core.o(.text)
    .text                                    0x080019e8   Section        0  os_task.o(.text)
    .text                                    0x08001dc8   Section        0  os_time.o(.text)
    .text                                    0x08001e38   Section        0  os_cpu_c.o(.text)
    .text                                    0x08001ee4   Section      164  os_cpu_a.o(.text)
    .text                                    0x08001f88   Section        0  task_startup.o(.text)
    systick_init                             0x08001f89   Thumb Code    92  task_startup.o(.text)
    task1                                    0x08001fe5   Thumb Code    20  task_startup.o(.text)
    task2                                    0x08001ff9   Thumb Code    20  task_startup.o(.text)
    .text                                    0x08002058   Section        0  lib_mem.o(.text)
    prvInsertBlockIntoFreeList               0x08002075   Thumb Code    96  lib_mem.o(.text)
    prvHeapInit                              0x080020d5   Thumb Code    96  lib_mem.o(.text)
    .text                                    0x08002248   Section        0  array.o(.text)
    expand_capacity                          0x08002337   Thumb Code    96  array.o(.text)
    .text                                    0x08002b08   Section        0  common.o(.text)
    .text                                    0x08002b4e   Section        0  qsortnoex.o(.text)
    _partition_sort                          0x08002b4f   Thumb Code   478  qsortnoex.o(.text)
    .text                                    0x08002db2   Section      100  rt_memcpy_w.o(.text)
    .text                                    0x08002e16   Section      122  rt_memmove_w.o(.text)
    .text                                    0x08002e90   Section       68  rt_memclr.o(.text)
    .text                                    0x08002ed4   Section      128  strcmpv7m.o(.text)
    .text                                    0x08002f54   Section        0  heapauxi.o(.text)
    .text                                    0x08002f5a   Section       78  rt_memclr_w.o(.text)
    .text                                    0x08002fa8   Section       74  sys_stackheap_outer.o(.text)
    .text                                    0x08002ff2   Section        0  exit.o(.text)
    .text                                    0x08003000   Section        8  libspace.o(.text)
    .text                                    0x08003008   Section        0  sys_exit.o(.text)
    .text                                    0x08003014   Section        2  use_no_semi.o(.text)
    .text                                    0x08003016   Section        0  indicate_semi.o(.text)
    x$fpl$fcmpinf                            0x08003016   Section       24  fcmpi.o(x$fpl$fcmpinf)
    x$fpl$ffixu                              0x08003030   Section       62  ffixu.o(x$fpl$ffixu)
    x$fpl$ffltu                              0x08003070   Section       38  fflt_clz.o(x$fpl$ffltu)
    x$fpl$fleqf                              0x08003098   Section      104  fleqf.o(x$fpl$fleqf)
    x$fpl$fmul                               0x08003100   Section      258  fmul.o(x$fpl$fmul)
    x$fpl$fnaninf                            0x08003202   Section      140  fnaninf.o(x$fpl$fnaninf)
    x$fpl$fretinf                            0x0800328e   Section       10  fretinf.o(x$fpl$fretinf)
    .constdata                               0x08003298   Section       40  main.o(.constdata)
    x$fpl$usenofp                            0x08003298   Section        0  usenofp.o(x$fpl$usenofp)
    .constdata                               0x080032c0   Section      256  os_core.o(.constdata)
    .data                                    0x20000000   Section       20  stm32f10x_rcc.o(.data)
    APBAHBPrescTable                         0x20000000   Data          16  stm32f10x_rcc.o(.data)
    ADCPrescTable                            0x20000010   Data           4  stm32f10x_rcc.o(.data)
    .data                                    0x20000014   Section       20  system_stm32f10x.o(.data)
    .data                                    0x20000028   Section       40  os_core.o(.data)
    .data                                    0x20000050   Section       20  lib_mem.o(.data)
    pxEnd                                    0x20000050   Data           4  lib_mem.o(.data)
    xFreeBytesRemaining                      0x20000054   Data           4  lib_mem.o(.data)
    xBlockAllocatedBit                       0x20000058   Data           4  lib_mem.o(.data)
    xStart                                   0x2000005c   Data           8  lib_mem.o(.data)
    .bss                                     0x20000064   Section      320  main.o(.bss)
    startup_task_stk                         0x20000064   Data         320  main.o(.bss)
    .bss                                     0x200001a4   Section     2640  os_core.o(.bss)
    .bss                                     0x20000bf4   Section     1024  task_startup.o(.bss)
    task1_stk                                0x20000bf4   Data         512  task_startup.o(.bss)
    task2_stk                                0x20000df4   Data         512  task_startup.o(.bss)
    .bss                                     0x20000ff4   Section       96  libspace.o(.bss)
    HEAP                                     0x20001058   Section      512  startup_stm32f10x_hd.o(HEAP)
    Heap_Mem                                 0x20001058   Data         512  startup_stm32f10x_hd.o(HEAP)
    STACK                                    0x20001258   Section     1024  startup_stm32f10x_hd.o(STACK)
    Stack_Mem                                0x20001258   Data        1024  startup_stm32f10x_hd.o(STACK)
    __initial_sp                             0x20001658   Data           0  startup_stm32f10x_hd.o(STACK)
    .ARM.__AT_0x68000000                     0x68000000   Section    1000000  lib_mem.o(.ARM.__AT_0x68000000)
    ucHeap                                   0x68000000   Data       1000000  lib_mem.o(.ARM.__AT_0x68000000)

    Global Symbols

    Symbol Name                              Value     Ov Type        Size  Object(Section)

    BuildAttributes$$THM_ISAv4$P$D$K$B$S$PE$A:L22UL41UL21$X:L11$S22US41US21$IEEE1$IW$USESV6$~STKCKD$USESV7$~SHL$OSPACE$ROPI$EBA8$UX$STANDARDLIB$REQ8$PRES8$EABIv2 0x00000000   Number         0  anon$$obj.o ABSOLUTE
    __ARM_use_no_argv                        0x00000000   Number         0  main.o ABSOLUTE
    __ARM_exceptions_init                     - Undefined Weak Reference
    __alloca_initialize                       - Undefined Weak Reference
    __cpp_initialize__aeabi_                  - Undefined Weak Reference
    __cxa_finalize                            - Undefined Weak Reference
    __rt_locale                               - Undefined Weak Reference
    __sigvec_lookup                           - Undefined Weak Reference
    _atexit_init                              - Undefined Weak Reference
    _call_atexit_fns                          - Undefined Weak Reference
    _clock_init                               - Undefined Weak Reference
    _fp_trap_init                             - Undefined Weak Reference
    _fp_trap_shutdown                         - Undefined Weak Reference
    _get_lc_collate                           - Undefined Weak Reference
    _get_lc_ctype                             - Undefined Weak Reference
    _get_lc_monetary                          - Undefined Weak Reference
    _get_lc_numeric                           - Undefined Weak Reference
    _get_lc_time                              - Undefined Weak Reference
    _getenv_init                              - Undefined Weak Reference
    _handle_redirection                       - Undefined Weak Reference
    _init_alloc                               - Undefined Weak Reference
    _init_user_alloc                          - Undefined Weak Reference
    _initio                                   - Undefined Weak Reference
    _rand_init                                - Undefined Weak Reference
    _signal_finish                            - Undefined Weak Reference
    _signal_init                              - Undefined Weak Reference
    _terminate_alloc                          - Undefined Weak Reference
    _terminate_user_alloc                     - Undefined Weak Reference
    _terminateio                              - Undefined Weak Reference
    __Vectors_Size                           0x00000130   Number         0  startup_stm32f10x_hd.o ABSOLUTE
    __Vectors                                0x08000000   Data           4  startup_stm32f10x_hd.o(RESET)
    __Vectors_End                            0x08000130   Data           0  startup_stm32f10x_hd.o(RESET)
    __main                                   0x08000131   Thumb Code     8  __main.o(!!!main)
    __scatterload                            0x08000139   Thumb Code     0  __scatter.o(!!!scatter)
    __scatterload_rt2                        0x08000139   Thumb Code    44  __scatter.o(!!!scatter)
    __scatterload_rt2_thumb_only             0x08000139   Thumb Code     0  __scatter.o(!!!scatter)
    __scatterload_null                       0x08000147   Thumb Code     0  __scatter.o(!!!scatter)
    __scatterload_copy                       0x0800016d   Thumb Code    26  __scatter_copy.o(!!handler_copy)
    __scatterload_zeroinit                   0x08000189   Thumb Code    28  __scatter_zi.o(!!handler_zi)
    __rt_lib_init                            0x080001a5   Thumb Code     0  libinit.o(.ARM.Collect$$libinit$$00000000)
    __rt_lib_init_alloca_1                   0x080001a7   Thumb Code     0  libinit2.o(.ARM.Collect$$libinit$$0000002C)
    __rt_lib_init_argv_1                     0x080001a7   Thumb Code     0  libinit2.o(.ARM.Collect$$libinit$$0000002A)
    __rt_lib_init_atexit_1                   0x080001a7   Thumb Code     0  libinit2.o(.ARM.Collect$$libinit$$00000019)
    __rt_lib_init_clock_1                    0x080001a7   Thumb Code     0  libinit2.o(.ARM.Collect$$libinit$$0000001F)
    __rt_lib_init_cpp_1                      0x080001a7   Thumb Code     0  libinit2.o(.ARM.Collect$$libinit$$00000030)
    __rt_lib_init_exceptions_1               0x080001a7   Thumb Code     0  libinit2.o(.ARM.Collect$$libinit$$0000002E)
    __rt_lib_init_fp_1                       0x080001a7   Thumb Code     0  libinit2.o(.ARM.Collect$$libinit$$00000002)
    __rt_lib_init_fp_trap_1                  0x080001a7   Thumb Code     0  libinit2.o(.ARM.Collect$$libinit$$0000001D)
    __rt_lib_init_getenv_1                   0x080001a7   Thumb Code     0  libinit2.o(.ARM.Collect$$libinit$$00000021)
    __rt_lib_init_heap_1                     0x080001a7   Thumb Code     0  libinit2.o(.ARM.Collect$$libinit$$00000008)
    __rt_lib_init_lc_collate_1               0x080001a7   Thumb Code     0  libinit2.o(.ARM.Collect$$libinit$$0000000F)
    __rt_lib_init_lc_ctype_1                 0x080001a7   Thumb Code     0  libinit2.o(.ARM.Collect$$libinit$$00000011)
    __rt_lib_init_lc_monetary_1              0x080001a7   Thumb Code     0  libinit2.o(.ARM.Collect$$libinit$$00000013)
    __rt_lib_init_lc_numeric_1               0x080001a7   Thumb Code     0  libinit2.o(.ARM.Collect$$libinit$$00000015)
    __rt_lib_init_lc_time_1                  0x080001a7   Thumb Code     0  libinit2.o(.ARM.Collect$$libinit$$00000017)
    __rt_lib_init_rand_1                     0x080001a7   Thumb Code     0  libinit2.o(.ARM.Collect$$libinit$$0000000C)
    __rt_lib_init_return                     0x080001a7   Thumb Code     0  libinit2.o(.ARM.Collect$$libinit$$00000031)
    __rt_lib_init_signal_1                   0x080001a7   Thumb Code     0  libinit2.o(.ARM.Collect$$libinit$$0000001B)
    __rt_lib_init_stdio_1                    0x080001a7   Thumb Code     0  libinit2.o(.ARM.Collect$$libinit$$00000023)
    __rt_lib_init_user_alloc_1               0x080001a7   Thumb Code     0  libinit2.o(.ARM.Collect$$libinit$$0000000A)
    __rt_lib_shutdown                        0x080001a9   Thumb Code     0  libshutdown.o(.ARM.Collect$$libshutdown$$00000000)
    __rt_lib_shutdown_fp_trap_1              0x080001ab   Thumb Code     0  libshutdown2.o(.ARM.Collect$$libshutdown$$00000006)
    __rt_lib_shutdown_heap_1                 0x080001ab   Thumb Code     0  libshutdown2.o(.ARM.Collect$$libshutdown$$0000000E)
    __rt_lib_shutdown_return                 0x080001ab   Thumb Code     0  libshutdown2.o(.ARM.Collect$$libshutdown$$0000000F)
    __rt_lib_shutdown_signal_1               0x080001ab   Thumb Code     0  libshutdown2.o(.ARM.Collect$$libshutdown$$00000009)
    __rt_lib_shutdown_stdio_1                0x080001ab   Thumb Code     0  libshutdown2.o(.ARM.Collect$$libshutdown$$00000003)
    __rt_lib_shutdown_user_alloc_1           0x080001ab   Thumb Code     0  libshutdown2.o(.ARM.Collect$$libshutdown$$0000000B)
    __rt_entry                               0x080001ad   Thumb Code     0  rtentry.o(.ARM.Collect$$rtentry$$00000000)
    __rt_entry_presh_1                       0x080001ad   Thumb Code     0  rtentry2.o(.ARM.Collect$$rtentry$$00000002)
    __rt_entry_sh                            0x080001ad   Thumb Code     0  rtentry4.o(.ARM.Collect$$rtentry$$00000004)
    __rt_entry_li                            0x080001b3   Thumb Code     0  rtentry2.o(.ARM.Collect$$rtentry$$0000000A)
    __rt_entry_postsh_1                      0x080001b3   Thumb Code     0  rtentry2.o(.ARM.Collect$$rtentry$$00000009)
    __rt_entry_main                          0x080001b7   Thumb Code     0  rtentry2.o(.ARM.Collect$$rtentry$$0000000D)
    __rt_entry_postli_1                      0x080001b7   Thumb Code     0  rtentry2.o(.ARM.Collect$$rtentry$$0000000C)
    __rt_exit                                0x080001bf   Thumb Code     0  rtexit.o(.ARM.Collect$$rtexit$$00000000)
    __rt_exit_ls                             0x080001c1   Thumb Code     0  rtexit2.o(.ARM.Collect$$rtexit$$00000003)
    __rt_exit_prels_1                        0x080001c1   Thumb Code     0  rtexit2.o(.ARM.Collect$$rtexit$$00000002)
    __rt_exit_exit                           0x080001c5   Thumb Code     0  rtexit2.o(.ARM.Collect$$rtexit$$00000004)
    FSMC_NORSRAMDeInit                       0x080001cd   Thumb Code    56  stm32f10x_fsmc.o(.text)
    FSMC_NANDDeInit                          0x08000205   Thumb Code    62  stm32f10x_fsmc.o(.text)
    FSMC_PCCARDDeInit                        0x08000243   Thumb Code    40  stm32f10x_fsmc.o(.text)
    FSMC_NORSRAMInit                         0x0800026b   Thumb Code   224  stm32f10x_fsmc.o(.text)
    FSMC_NANDInit                            0x0800034b   Thumb Code   130  stm32f10x_fsmc.o(.text)
    FSMC_PCCARDInit                          0x080003cd   Thumb Code   124  stm32f10x_fsmc.o(.text)
    FSMC_NORSRAMStructInit                   0x08000449   Thumb Code   114  stm32f10x_fsmc.o(.text)
    FSMC_NANDStructInit                      0x080004bb   Thumb Code    54  stm32f10x_fsmc.o(.text)
    FSMC_PCCARDStructInit                    0x080004f1   Thumb Code    60  stm32f10x_fsmc.o(.text)
    FSMC_NORSRAMCmd                          0x0800052d   Thumb Code    46  stm32f10x_fsmc.o(.text)
    FSMC_NANDCmd                             0x0800055b   Thumb Code    86  stm32f10x_fsmc.o(.text)
    FSMC_PCCARDCmd                           0x080005b1   Thumb Code    40  stm32f10x_fsmc.o(.text)
    FSMC_NANDECCCmd                          0x080005d9   Thumb Code   118  stm32f10x_fsmc.o(.text)
    FSMC_GetECC                              0x0800064f   Thumb Code    22  stm32f10x_fsmc.o(.text)
    FSMC_ITConfig                            0x08000665   Thumb Code   128  stm32f10x_fsmc.o(.text)
    FSMC_GetFlagStatus                       0x080006e5   Thumb Code    48  stm32f10x_fsmc.o(.text)
    FSMC_ClearFlag                           0x08000715   Thumb Code    62  stm32f10x_fsmc.o(.text)
    FSMC_GetITStatus                         0x08000753   Thumb Code    60  stm32f10x_fsmc.o(.text)
    FSMC_ClearITPendingBit                   0x0800078f   Thumb Code    64  stm32f10x_fsmc.o(.text)
    GPIO_DeInit                              0x080007e5   Thumb Code   172  stm32f10x_gpio.o(.text)
    GPIO_AFIODeInit                          0x08000891   Thumb Code    20  stm32f10x_gpio.o(.text)
    GPIO_Init                                0x080008a5   Thumb Code   274  stm32f10x_gpio.o(.text)
    GPIO_StructInit                          0x080009b7   Thumb Code    16  stm32f10x_gpio.o(.text)
    GPIO_ReadInputDataBit                    0x080009c7   Thumb Code    18  stm32f10x_gpio.o(.text)
    GPIO_ReadInputData                       0x080009d9   Thumb Code     8  stm32f10x_gpio.o(.text)
    GPIO_ReadOutputDataBit                   0x080009e1   Thumb Code    18  stm32f10x_gpio.o(.text)
    GPIO_ReadOutputData                      0x080009f3   Thumb Code     8  stm32f10x_gpio.o(.text)
    GPIO_SetBits                             0x080009fb   Thumb Code     4  stm32f10x_gpio.o(.text)
    GPIO_ResetBits                           0x080009ff   Thumb Code     4  stm32f10x_gpio.o(.text)
    GPIO_WriteBit                            0x08000a03   Thumb Code    10  stm32f10x_gpio.o(.text)
    GPIO_Write                               0x08000a0d   Thumb Code     4  stm32f10x_gpio.o(.text)
    GPIO_PinLockConfig                       0x08000a11   Thumb Code    18  stm32f10x_gpio.o(.text)
    GPIO_EventOutputConfig                   0x08000a23   Thumb Code    26  stm32f10x_gpio.o(.text)
    GPIO_EventOutputCmd                      0x08000a3d   Thumb Code     6  stm32f10x_gpio.o(.text)
    GPIO_PinRemapConfig                      0x08000a43   Thumb Code   138  stm32f10x_gpio.o(.text)
    GPIO_EXTILineConfig                      0x08000acd   Thumb Code    66  stm32f10x_gpio.o(.text)
    GPIO_ETH_MediaInterfaceConfig            0x08000b0f   Thumb Code     6  stm32f10x_gpio.o(.text)
    RCC_DeInit                               0x08000b3d   Thumb Code    64  stm32f10x_rcc.o(.text)
    RCC_HSEConfig                            0x08000b7d   Thumb Code    70  stm32f10x_rcc.o(.text)
    RCC_GetFlagStatus                        0x08000bc3   Thumb Code    56  stm32f10x_rcc.o(.text)
    RCC_WaitForHSEStartUp                    0x08000bfb   Thumb Code    56  stm32f10x_rcc.o(.text)
    RCC_AdjustHSICalibrationValue            0x08000c33   Thumb Code    20  stm32f10x_rcc.o(.text)
    RCC_HSICmd                               0x08000c47   Thumb Code     6  stm32f10x_rcc.o(.text)
    RCC_PLLConfig                            0x08000c4d   Thumb Code    24  stm32f10x_rcc.o(.text)
    RCC_PLLCmd                               0x08000c65   Thumb Code     6  stm32f10x_rcc.o(.text)
    RCC_SYSCLKConfig                         0x08000c6b   Thumb Code    18  stm32f10x_rcc.o(.text)
    RCC_GetSYSCLKSource                      0x08000c7d   Thumb Code    10  stm32f10x_rcc.o(.text)
    RCC_HCLKConfig                           0x08000c87   Thumb Code    18  stm32f10x_rcc.o(.text)
    RCC_PCLK1Config                          0x08000c99   Thumb Code    18  stm32f10x_rcc.o(.text)
    RCC_PCLK2Config                          0x08000cab   Thumb Code    20  stm32f10x_rcc.o(.text)
    RCC_ITConfig                             0x08000cbf   Thumb Code    26  stm32f10x_rcc.o(.text)
    RCC_USBCLKConfig                         0x08000cd9   Thumb Code     6  stm32f10x_rcc.o(.text)
    RCC_ADCCLKConfig                         0x08000cdf   Thumb Code    18  stm32f10x_rcc.o(.text)
    RCC_LSEConfig                            0x08000cf1   Thumb Code    44  stm32f10x_rcc.o(.text)
    RCC_LSICmd                               0x08000d1d   Thumb Code     6  stm32f10x_rcc.o(.text)
    RCC_RTCCLKConfig                         0x08000d23   Thumb Code    12  stm32f10x_rcc.o(.text)
    RCC_RTCCLKCmd                            0x08000d2f   Thumb Code     8  stm32f10x_rcc.o(.text)
    RCC_GetClocksFreq                        0x08000d37   Thumb Code   192  stm32f10x_rcc.o(.text)
    RCC_AHBPeriphClockCmd                    0x08000df7   Thumb Code    26  stm32f10x_rcc.o(.text)
    RCC_APB2PeriphClockCmd                   0x08000e11   Thumb Code    26  stm32f10x_rcc.o(.text)
    RCC_APB1PeriphClockCmd                   0x08000e2b   Thumb Code    26  stm32f10x_rcc.o(.text)
    RCC_APB2PeriphResetCmd                   0x08000e45   Thumb Code    26  stm32f10x_rcc.o(.text)
    RCC_APB1PeriphResetCmd                   0x08000e5f   Thumb Code    26  stm32f10x_rcc.o(.text)
    RCC_BackupResetCmd                       0x08000e79   Thumb Code     8  stm32f10x_rcc.o(.text)
    RCC_ClockSecuritySystemCmd               0x08000e81   Thumb Code     6  stm32f10x_rcc.o(.text)
    RCC_MCOConfig                            0x08000e87   Thumb Code     6  stm32f10x_rcc.o(.text)
    RCC_ClearFlag                            0x08000e8d   Thumb Code    14  stm32f10x_rcc.o(.text)
    RCC_GetITStatus                          0x08000e9b   Thumb Code    20  stm32f10x_rcc.o(.text)
    RCC_ClearITPendingBit                    0x08000eaf   Thumb Code     6  stm32f10x_rcc.o(.text)
    SystemInit                               0x08000fb9   Thumb Code    78  system_stm32f10x.o(.text)
    SystemCoreClockUpdate                    0x08001007   Thumb Code   142  system_stm32f10x.o(.text)
    Reset_Handler                            0x080010b9   Thumb Code     8  startup_stm32f10x_hd.o(.text)
    ADC1_2_IRQHandler                        0x080010d3   Thumb Code     0  startup_stm32f10x_hd.o(.text)
    ADC3_IRQHandler                          0x080010d3   Thumb Code     0  startup_stm32f10x_hd.o(.text)
    CAN1_RX1_IRQHandler                      0x080010d3   Thumb Code     0  startup_stm32f10x_hd.o(.text)
    CAN1_SCE_IRQHandler                      0x080010d3   Thumb Code     0  startup_stm32f10x_hd.o(.text)
    DMA1_Channel1_IRQHandler                 0x080010d3   Thumb Code     0  startup_stm32f10x_hd.o(.text)
    DMA1_Channel2_IRQHandler                 0x080010d3   Thumb Code     0  startup_stm32f10x_hd.o(.text)
    DMA1_Channel3_IRQHandler                 0x080010d3   Thumb Code     0  startup_stm32f10x_hd.o(.text)
    DMA1_Channel4_IRQHandler                 0x080010d3   Thumb Code     0  startup_stm32f10x_hd.o(.text)
    DMA1_Channel5_IRQHandler                 0x080010d3   Thumb Code     0  startup_stm32f10x_hd.o(.text)
    DMA1_Channel6_IRQHandler                 0x080010d3   Thumb Code     0  startup_stm32f10x_hd.o(.text)
    DMA1_Channel7_IRQHandler                 0x080010d3   Thumb Code     0  startup_stm32f10x_hd.o(.text)
    DMA2_Channel1_IRQHandler                 0x080010d3   Thumb Code     0  startup_stm32f10x_hd.o(.text)
    DMA2_Channel2_IRQHandler                 0x080010d3   Thumb Code     0  startup_stm32f10x_hd.o(.text)
    DMA2_Channel3_IRQHandler                 0x080010d3   Thumb Code     0  startup_stm32f10x_hd.o(.text)
    DMA2_Channel4_5_IRQHandler               0x080010d3   Thumb Code     0  startup_stm32f10x_hd.o(.text)
    EXTI0_IRQHandler                         0x080010d3   Thumb Code     0  startup_stm32f10x_hd.o(.text)
    EXTI15_10_IRQHandler                     0x080010d3   Thumb Code     0  startup_stm32f10x_hd.o(.text)
    EXTI1_IRQHandler                         0x080010d3   Thumb Code     0  startup_stm32f10x_hd.o(.text)
    EXTI2_IRQHandler                         0x080010d3   Thumb Code     0  startup_stm32f10x_hd.o(.text)
    EXTI3_IRQHandler                         0x080010d3   Thumb Code     0  startup_stm32f10x_hd.o(.text)
    EXTI4_IRQHandler                         0x080010d3   Thumb Code     0  startup_stm32f10x_hd.o(.text)
    EXTI9_5_IRQHandler                       0x080010d3   Thumb Code     0  startup_stm32f10x_hd.o(.text)
    FLASH_IRQHandler                         0x080010d3   Thumb Code     0  startup_stm32f10x_hd.o(.text)
    FSMC_IRQHandler                          0x080010d3   Thumb Code     0  startup_stm32f10x_hd.o(.text)
    I2C1_ER_IRQHandler                       0x080010d3   Thumb Code     0  startup_stm32f10x_hd.o(.text)
    I2C1_EV_IRQHandler                       0x080010d3   Thumb Code     0  startup_stm32f10x_hd.o(.text)
    I2C2_ER_IRQHandler                       0x080010d3   Thumb Code     0  startup_stm32f10x_hd.o(.text)
    I2C2_EV_IRQHandler                       0x080010d3   Thumb Code     0  startup_stm32f10x_hd.o(.text)
    PVD_IRQHandler                           0x080010d3   Thumb Code     0  startup_stm32f10x_hd.o(.text)
    RCC_IRQHandler                           0x080010d3   Thumb Code     0  startup_stm32f10x_hd.o(.text)
    RTCAlarm_IRQHandler                      0x080010d3   Thumb Code     0  startup_stm32f10x_hd.o(.text)
    RTC_IRQHandler                           0x080010d3   Thumb Code     0  startup_stm32f10x_hd.o(.text)
    SDIO_IRQHandler                          0x080010d3   Thumb Code     0  startup_stm32f10x_hd.o(.text)
    SPI1_IRQHandler                          0x080010d3   Thumb Code     0  startup_stm32f10x_hd.o(.text)
    SPI2_IRQHandler                          0x080010d3   Thumb Code     0  startup_stm32f10x_hd.o(.text)
    SPI3_IRQHandler                          0x080010d3   Thumb Code     0  startup_stm32f10x_hd.o(.text)
    TAMPER_IRQHandler                        0x080010d3   Thumb Code     0  startup_stm32f10x_hd.o(.text)
    TIM1_BRK_IRQHandler                      0x080010d3   Thumb Code     0  startup_stm32f10x_hd.o(.text)
    TIM1_CC_IRQHandler                       0x080010d3   Thumb Code     0  startup_stm32f10x_hd.o(.text)
    TIM1_TRG_COM_IRQHandler                  0x080010d3   Thumb Code     0  startup_stm32f10x_hd.o(.text)
    TIM1_UP_IRQHandler                       0x080010d3   Thumb Code     0  startup_stm32f10x_hd.o(.text)
    TIM2_IRQHandler                          0x080010d3   Thumb Code     0  startup_stm32f10x_hd.o(.text)
    TIM3_IRQHandler                          0x080010d3   Thumb Code     0  startup_stm32f10x_hd.o(.text)
    TIM4_IRQHandler                          0x080010d3   Thumb Code     0  startup_stm32f10x_hd.o(.text)
    TIM5_IRQHandler                          0x080010d3   Thumb Code     0  startup_stm32f10x_hd.o(.text)
    TIM6_IRQHandler                          0x080010d3   Thumb Code     0  startup_stm32f10x_hd.o(.text)
    TIM7_IRQHandler                          0x080010d3   Thumb Code     0  startup_stm32f10x_hd.o(.text)
    TIM8_BRK_IRQHandler                      0x080010d3   Thumb Code     0  startup_stm32f10x_hd.o(.text)
    TIM8_CC_IRQHandler                       0x080010d3   Thumb Code     0  startup_stm32f10x_hd.o(.text)
    TIM8_TRG_COM_IRQHandler                  0x080010d3   Thumb Code     0  startup_stm32f10x_hd.o(.text)
    TIM8_UP_IRQHandler                       0x080010d3   Thumb Code     0  startup_stm32f10x_hd.o(.text)
    UART4_IRQHandler                         0x080010d3   Thumb Code     0  startup_stm32f10x_hd.o(.text)
    UART5_IRQHandler                         0x080010d3   Thumb Code     0  startup_stm32f10x_hd.o(.text)
    USART1_IRQHandler                        0x080010d3   Thumb Code     0  startup_stm32f10x_hd.o(.text)
    USART2_IRQHandler                        0x080010d3   Thumb Code     0  startup_stm32f10x_hd.o(.text)
    USART3_IRQHandler                        0x080010d3   Thumb Code     0  startup_stm32f10x_hd.o(.text)
    USBWakeUp_IRQHandler                     0x080010d3   Thumb Code     0  startup_stm32f10x_hd.o(.text)
    USB_HP_CAN1_TX_IRQHandler                0x080010d3   Thumb Code     0  startup_stm32f10x_hd.o(.text)
    USB_LP_CAN1_RX0_IRQHandler               0x080010d3   Thumb Code     0  startup_stm32f10x_hd.o(.text)
    WWDG_IRQHandler                          0x080010d3   Thumb Code     0  startup_stm32f10x_hd.o(.text)
    __user_initial_stackheap                 0x080010d5   Thumb Code     0  startup_stm32f10x_hd.o(.text)
    bsp_init                                 0x080010f9   Thumb Code     8  main.o(.text)
    array_test                               0x08001101   Thumb Code    82  main.o(.text)
    main                                     0x08001153   Thumb Code    34  main.o(.text)
    NMI_Handler                              0x08001181   Thumb Code     2  stm32f10x_it.o(.text)
    HardFault_Handler                        0x08001183   Thumb Code     4  stm32f10x_it.o(.text)
    MemManage_Handler                        0x08001187   Thumb Code     4  stm32f10x_it.o(.text)
    BusFault_Handler                         0x0800118b   Thumb Code     4  stm32f10x_it.o(.text)
    UsageFault_Handler                       0x0800118f   Thumb Code     4  stm32f10x_it.o(.text)
    SVC_Handler                              0x08001193   Thumb Code     2  stm32f10x_it.o(.text)
    DebugMon_Handler                         0x08001195   Thumb Code     2  stm32f10x_it.o(.text)
    PendSV_Handler                           0x08001197   Thumb Code     2  stm32f10x_it.o(.text)
    SysTick_Handler                          0x08001199   Thumb Code    16  stm32f10x_it.o(.text)
    FSMC_SRAM_Init                           0x080011a9   Thumb Code   182  sram.o(.text)
    FSMC_SRAM_WriteBuffer                    0x0800125f   Thumb Code    24  sram.o(.text)
    FSMC_SRAM_ReadBuffer                     0x08001277   Thumb Code    22  sram.o(.text)
    fsmc_sram_test_write                     0x0800128d   Thumb Code    16  sram.o(.text)
    fsmc_sram_test_read                      0x0800129d   Thumb Code    20  sram.o(.text)
    OS_StrCopy                               0x080012c1   Thumb Code    28  os_core.o(.text)
    OSEventNameGet                           0x080012dd   Thumb Code   100  os_core.o(.text)
    OS_StrLen                                0x08001341   Thumb Code    20  os_core.o(.text)
    OSEventNameSet                           0x08001355   Thumb Code   120  os_core.o(.text)
    OS_TaskIdle                              0x080013cd   Thumb Code    32  os_core.o(.text)
    OS_MemClr                                0x08001421   Thumb Code    18  os_core.o(.text)
    OSInit                                   0x08001519   Thumb Code    32  os_core.o(.text)
    OSIntEnter                               0x08001539   Thumb Code    28  os_core.o(.text)
    OSIntExit                                0x0800156f   Thumb Code   112  os_core.o(.text)
    OSStart                                  0x080015df   Thumb Code    48  os_core.o(.text)
    OSTimeTick                               0x0800160f   Thumb Code   142  os_core.o(.text)
    OSVersion                                0x0800169d   Thumb Code     6  os_core.o(.text)
    OS_Dummy                                 0x080016a3   Thumb Code     2  os_core.o(.text)
    OS_EventTaskRemove                       0x080016a5   Thumb Code   144  os_core.o(.text)
    OS_EventTaskRdy                          0x08001735   Thumb Code   116  os_core.o(.text)
    OS_EventTaskWait                         0x080017a9   Thumb Code   112  os_core.o(.text)
    OS_EventWaitListInit                     0x08001819   Thumb Code    28  os_core.o(.text)
    OS_MemCopy                               0x08001835   Thumb Code    20  os_core.o(.text)
    OS_Sched                                 0x08001849   Thumb Code    86  os_core.o(.text)
    OS_TCBInit                               0x0800189f   Thumb Code   272  os_core.o(.text)
    OSTaskCreate                             0x080019e9   Thumb Code   150  os_task.o(.text)
    OSTaskCreateExt                          0x08001a7f   Thumb Code   162  os_task.o(.text)
    OSTaskDel                                0x08001b21   Thumb Code   292  os_task.o(.text)
    OSTaskDelReq                             0x08001c45   Thumb Code   100  os_task.o(.text)
    OSTaskNameGet                            0x08001ca9   Thumb Code   116  os_task.o(.text)
    OSTaskNameSet                            0x08001d1d   Thumb Code   132  os_task.o(.text)
    OSTimeDly                                0x08001dc9   Thumb Code    96  os_time.o(.text)
    OSInitHookBegin                          0x08001e39   Thumb Code     2  os_cpu_c.o(.text)
    OSInitHookEnd                            0x08001e3b   Thumb Code     2  os_cpu_c.o(.text)
    OSTaskCreateHook                         0x08001e3d   Thumb Code     2  os_cpu_c.o(.text)
    OSTaskDelHook                            0x08001e3f   Thumb Code     2  os_cpu_c.o(.text)
    OSTaskIdleHook                           0x08001e41   Thumb Code     2  os_cpu_c.o(.text)
    OSTaskStatHook                           0x08001e43   Thumb Code     2  os_cpu_c.o(.text)
    OSTaskStkInit                            0x08001e45   Thumb Code   154  os_cpu_c.o(.text)
    OSTaskSwHook                             0x08001edf   Thumb Code     2  os_cpu_c.o(.text)
    OSTCBInitHook                            0x08001ee1   Thumb Code     2  os_cpu_c.o(.text)
    OS_CPU_SR_Save                           0x08001ee5   Thumb Code     0  os_cpu_a.o(.text)
    OS_CPU_SR_Restore                        0x08001eed   Thumb Code     0  os_cpu_a.o(.text)
    OSStartHighRdy                           0x08001ef3   Thumb Code     0  os_cpu_a.o(.text)
    OSCtxSw                                  0x08001f13   Thumb Code     0  os_cpu_a.o(.text)
    OSIntCtxSw                               0x08001f1d   Thumb Code     0  os_cpu_a.o(.text)
    OS_CPU_PendSVHandler                     0x08001f27   Thumb Code     0  os_cpu_a.o(.text)
    startup_task                             0x0800200d   Thumb Code    50  task_startup.o(.text)
    pvPortMemDeinit                          0x08002059   Thumb Code    28  lib_mem.o(.text)
    pvPortMalloc                             0x08002135   Thumb Code   156  lib_mem.o(.text)
    pvPortCalloc                             0x080021d1   Thumb Code    32  lib_mem.o(.text)
    vPortFree                                0x080021f1   Thumb Code    56  lib_mem.o(.text)
    xPortGetFreeHeapSize                     0x08002229   Thumb Code     6  lib_mem.o(.text)
    vPortInitialiseBlocks                    0x0800222f   Thumb Code     2  lib_mem.o(.text)
    array_new_conf                           0x08002249   Thumb Code   138  array.o(.text)
    array_conf_init                          0x080022d3   Thumb Code    24  array.o(.text)
    array_new                                0x080022eb   Thumb Code    24  array.o(.text)
    array_destroy                            0x08002303   Thumb Code    18  array.o(.text)
    array_destroy_free                       0x08002315   Thumb Code    34  array.o(.text)
    array_add                                0x08002397   Thumb Code    48  array.o(.text)
    array_add_at                             0x080023c7   Thumb Code   116  array.o(.text)
    array_replace_at                         0x0800243b   Thumb Code    34  array.o(.text)
    array_index_of                           0x0800245d   Thumb Code    38  array.o(.text)
    array_remove                             0x08002483   Thumb Code    92  array.o(.text)
    array_remove_at                          0x080024df   Thumb Code    76  array.o(.text)
    array_remove_last                        0x0800252b   Thumb Code    20  array.o(.text)
    array_remove_all                         0x0800253f   Thumb Code     6  array.o(.text)
    array_remove_all_free                    0x08002545   Thumb Code    34  array.o(.text)
    array_get_at                             0x08002567   Thumb Code    24  array.o(.text)
    array_get_last                           0x0800257f   Thumb Code    28  array.o(.text)
    array_get_buffer                         0x0800259b   Thumb Code     6  array.o(.text)
    array_subarray                           0x080025a1   Thumb Code   114  array.o(.text)
    array_copy_shallow                       0x08002613   Thumb Code    86  array.o(.text)
    array_copy_deep                          0x08002669   Thumb Code   120  array.o(.text)
    array_filter_mut                         0x080026e1   Thumb Code   122  array.o(.text)
    array_filter                             0x0800275b   Thumb Code   142  array.o(.text)
    array_reverse                            0x080027e9   Thumb Code    50  array.o(.text)
    array_trim_capacity                      0x0800281b   Thumb Code    74  array.o(.text)
    array_contains_value                     0x08002865   Thumb Code    48  array.o(.text)
    array_contains                           0x08002895   Thumb Code    18  array.o(.text)
    array_size                               0x080028a7   Thumb Code     6  array.o(.text)
    array_capacity                           0x080028ad   Thumb Code     6  array.o(.text)
    array_sort                               0x080028b3   Thumb Code    20  array.o(.text)
    array_map                                0x080028c7   Thumb Code    28  array.o(.text)
    array_reduce                             0x080028e3   Thumb Code    74  array.o(.text)
    array_iter_init                          0x0800292d   Thumb Code    10  array.o(.text)
    array_iter_next                          0x08002937   Thumb Code    42  array.o(.text)
    array_iter_remove                        0x08002961   Thumb Code    36  array.o(.text)
    array_iter_add                           0x08002985   Thumb Code    24  array.o(.text)
    array_iter_replace                       0x0800299d   Thumb Code    24  array.o(.text)
    array_iter_index                         0x080029b5   Thumb Code     8  array.o(.text)
    array_zip_iter_init                      0x080029bd   Thumb Code    12  array.o(.text)
    array_zip_iter_next                      0x080029c9   Thumb Code    66  array.o(.text)
    array_zip_iter_remove                    0x08002a0b   Thumb Code    76  array.o(.text)
    array_zip_iter_add                       0x08002a57   Thumb Code    86  array.o(.text)
    array_zip_iter_replace                   0x08002aad   Thumb Code    78  array.o(.text)
    array_zip_iter_index                     0x08002afb   Thumb Code     8  array.o(.text)
    cc_common_cmp_str                        0x08002b09   Thumb Code    16  common.o(.text)
    cc_common_cmp_ptr                        0x08002b19   Thumb Code    24  common.o(.text)
    cc_common_cmp_ref                        0x08002b31   Thumb Code    30  common.o(.text)
    qsort                                    0x08002d2d   Thumb Code   134  qsortnoex.o(.text)
    __aeabi_memcpy4                          0x08002db3   Thumb Code     0  rt_memcpy_w.o(.text)
    __aeabi_memcpy8                          0x08002db3   Thumb Code     0  rt_memcpy_w.o(.text)
    __rt_memcpy_w                            0x08002db3   Thumb Code   100  rt_memcpy_w.o(.text)
    _memcpy_lastbytes_aligned                0x08002dfb   Thumb Code     0  rt_memcpy_w.o(.text)
    __aeabi_memmove4                         0x08002e17   Thumb Code     0  rt_memmove_w.o(.text)
    __aeabi_memmove8                         0x08002e17   Thumb Code     0  rt_memmove_w.o(.text)
    __rt_memmove_w                           0x08002e17   Thumb Code   122  rt_memmove_w.o(.text)
    __memmove_aligned                        0x08002e3d   Thumb Code     0  rt_memmove_w.o(.text)
    __memmove_lastfew_aligned                0x08002e75   Thumb Code     0  rt_memmove_w.o(.text)
    __aeabi_memclr                           0x08002e91   Thumb Code     0  rt_memclr.o(.text)
    __rt_memclr                              0x08002e91   Thumb Code    68  rt_memclr.o(.text)
    _memset                                  0x08002e95   Thumb Code     0  rt_memclr.o(.text)
    strcmp                                   0x08002ed5   Thumb Code   128  strcmpv7m.o(.text)
    __use_two_region_memory                  0x08002f55   Thumb Code     2  heapauxi.o(.text)
    __rt_heap_escrow$2region                 0x08002f57   Thumb Code     2  heapauxi.o(.text)
    __rt_heap_expand$2region                 0x08002f59   Thumb Code     2  heapauxi.o(.text)
    __aeabi_memclr4                          0x08002f5b   Thumb Code     0  rt_memclr_w.o(.text)
    __aeabi_memclr8                          0x08002f5b   Thumb Code     0  rt_memclr_w.o(.text)
    __rt_memclr_w                            0x08002f5b   Thumb Code    78  rt_memclr_w.o(.text)
    _memset_w                                0x08002f5f   Thumb Code     0  rt_memclr_w.o(.text)
    __user_setup_stackheap                   0x08002fa9   Thumb Code    74  sys_stackheap_outer.o(.text)
    exit                                     0x08002ff3   Thumb Code    12  exit.o(.text)
    __user_libspace                          0x08003001   Thumb Code     8  libspace.o(.text)
    __user_perproc_libspace                  0x08003001   Thumb Code     0  libspace.o(.text)
    __user_perthread_libspace                0x08003001   Thumb Code     0  libspace.o(.text)
    _sys_exit                                0x08003009   Thumb Code     8  sys_exit.o(.text)
    __I$use$semihosting                      0x08003015   Thumb Code     0  use_no_semi.o(.text)
    __use_no_semihosting_swi                 0x08003015   Thumb Code     2  use_no_semi.o(.text)
    __fpl_fcmp_Inf                           0x08003017   Thumb Code    24  fcmpi.o(x$fpl$fcmpinf)
    __semihosting_library_function           0x08003017   Thumb Code     0  indicate_semi.o(.text)
    __aeabi_f2uiz                            0x08003031   Thumb Code     0  ffixu.o(x$fpl$ffixu)
    _ffixu                                   0x08003031   Thumb Code    62  ffixu.o(x$fpl$ffixu)
    __aeabi_ui2f                             0x08003071   Thumb Code     0  fflt_clz.o(x$fpl$ffltu)
    _ffltu                                   0x08003071   Thumb Code    38  fflt_clz.o(x$fpl$ffltu)
    __aeabi_cfcmple                          0x08003099   Thumb Code     0  fleqf.o(x$fpl$fleqf)
    _fcmple                                  0x08003099   Thumb Code   104  fleqf.o(x$fpl$fleqf)
    __fpl_fcmple_InfNaN                      0x080030eb   Thumb Code     0  fleqf.o(x$fpl$fleqf)
    __aeabi_fmul                             0x08003101   Thumb Code     0  fmul.o(x$fpl$fmul)
    _fmul                                    0x08003101   Thumb Code   258  fmul.o(x$fpl$fmul)
    __fpl_fnaninf                            0x08003203   Thumb Code   140  fnaninf.o(x$fpl$fnaninf)
    __fpl_fretinf                            0x0800328f   Thumb Code    10  fretinf.o(x$fpl$fretinf)
    __I$use$fp                               0x08003298   Number         0  usenofp.o(x$fpl$usenofp)
    OSUnMapTbl                               0x080032c0   Data         256  os_core.o(.constdata)
    Region$$Table$$Base                      0x080033c0   Number         0  anon$$obj.o(Region$$Table)
    Region$$Table$$Limit                     0x080033e0   Number         0  anon$$obj.o(Region$$Table)
    SystemCoreClock                          0x20000014   Data           4  system_stm32f10x.o(.data)
    AHBPrescTable                            0x20000018   Data          16  system_stm32f10x.o(.data)
    OSCtxSwCtr                               0x20000028   Data           4  os_core.o(.data)
    OSEventFreeList                          0x2000002c   Data           4  os_core.o(.data)
    OSIntNesting                             0x20000030   Data           1  os_core.o(.data)
    OSLockNesting                            0x20000031   Data           1  os_core.o(.data)
    OSPrioCur                                0x20000032   Data           1  os_core.o(.data)
    OSPrioHighRdy                            0x20000033   Data           1  os_core.o(.data)
    OSRdyGrp                                 0x20000034   Data           1  os_core.o(.data)
    OSRdyTbl                                 0x20000035   Data           4  os_core.o(.data)
    OSRunning                                0x20000039   Data           1  os_core.o(.data)
    OSTaskCtr                                0x2000003a   Data           1  os_core.o(.data)
    OSIdleCtr                                0x2000003c   Data           4  os_core.o(.data)
    OSTCBCur                                 0x20000040   Data           4  os_core.o(.data)
    OSTCBFreeList                            0x20000044   Data           4  os_core.o(.data)
    OSTCBHighRdy                             0x20000048   Data           4  os_core.o(.data)
    OSTCBList                                0x2000004c   Data           4  os_core.o(.data)
    OSEventTbl                               0x200001a4   Data         320  os_core.o(.bss)
    OSTaskIdleStk                            0x200002e4   Data         512  os_core.o(.bss)
    OSTCBPrioTbl                             0x200004e4   Data         128  os_core.o(.bss)
    OSTCBTbl                                 0x20000564   Data        1680  os_core.o(.bss)
    __libspace_start                         0x20000ff4   Data          96  libspace.o(.bss)
    __temporary_stack_top$libspace           0x20001054   Data           0  libspace.o(.bss)



==============================================================================

Memory Map of the image

  Image Entry point : 0x08000131

  Load Region LR_IROM1 (Base: 0x08000000, Size: 0x00003444, Max: 0x00080000, ABSOLUTE)

    Execution Region ER_IROM1 (Base: 0x08000000, Size: 0x000033e0, Max: 0x00080000, ABSOLUTE)

    Base Addr    Size         Type   Attr      Idx    E Section Name        Object

    0x08000000   0x00000130   Data   RO          417    RESET               startup_stm32f10x_hd.o
    0x08000130   0x00000008   Code   RO          868  * !!!main             c_w.l(__main.o)
    0x08000138   0x00000034   Code   RO         1045    !!!scatter          c_w.l(__scatter.o)
    0x0800016c   0x0000001a   Code   RO         1047    !!handler_copy      c_w.l(__scatter_copy.o)
    0x08000186   0x00000002   PAD
    0x08000188   0x0000001c   Code   RO         1049    !!handler_zi        c_w.l(__scatter_zi.o)
    0x080001a4   0x00000002   Code   RO          918    .ARM.Collect$$libinit$$00000000  c_w.l(libinit.o)
    0x080001a6   0x00000000   Code   RO          925    .ARM.Collect$$libinit$$00000002  c_w.l(libinit2.o)
    0x080001a6   0x00000000   Code   RO          928    .ARM.Collect$$libinit$$00000008  c_w.l(libinit2.o)
    0x080001a6   0x00000000   Code   RO          930    .ARM.Collect$$libinit$$0000000A  c_w.l(libinit2.o)
    0x080001a6   0x00000000   Code   RO          932    .ARM.Collect$$libinit$$0000000C  c_w.l(libinit2.o)
    0x080001a6   0x00000000   Code   RO          935    .ARM.Collect$$libinit$$0000000F  c_w.l(libinit2.o)
    0x080001a6   0x00000000   Code   RO          937    .ARM.Collect$$libinit$$00000011  c_w.l(libinit2.o)
    0x080001a6   0x00000000   Code   RO          939    .ARM.Collect$$libinit$$00000013  c_w.l(libinit2.o)
    0x080001a6   0x00000000   Code   RO          941    .ARM.Collect$$libinit$$00000015  c_w.l(libinit2.o)
    0x080001a6   0x00000000   Code   RO          943    .ARM.Collect$$libinit$$00000017  c_w.l(libinit2.o)
    0x080001a6   0x00000000   Code   RO          945    .ARM.Collect$$libinit$$00000019  c_w.l(libinit2.o)
    0x080001a6   0x00000000   Code   RO          947    .ARM.Collect$$libinit$$0000001B  c_w.l(libinit2.o)
    0x080001a6   0x00000000   Code   RO          949    .ARM.Collect$$libinit$$0000001D  c_w.l(libinit2.o)
    0x080001a6   0x00000000   Code   RO          951    .ARM.Collect$$libinit$$0000001F  c_w.l(libinit2.o)
    0x080001a6   0x00000000   Code   RO          953    .ARM.Collect$$libinit$$00000021  c_w.l(libinit2.o)
    0x080001a6   0x00000000   Code   RO          955    .ARM.Collect$$libinit$$00000023  c_w.l(libinit2.o)
    0x080001a6   0x00000000   Code   RO          959    .ARM.Collect$$libinit$$0000002A  c_w.l(libinit2.o)
    0x080001a6   0x00000000   Code   RO          961    .ARM.Collect$$libinit$$0000002C  c_w.l(libinit2.o)
    0x080001a6   0x00000000   Code   RO          963    .ARM.Collect$$libinit$$0000002E  c_w.l(libinit2.o)
    0x080001a6   0x00000000   Code   RO          965    .ARM.Collect$$libinit$$00000030  c_w.l(libinit2.o)
    0x080001a6   0x00000002   Code   RO          966    .ARM.Collect$$libinit$$00000031  c_w.l(libinit2.o)
    0x080001a8   0x00000002   Code   RO          986    .ARM.Collect$$libshutdown$$00000000  c_w.l(libshutdown.o)
    0x080001aa   0x00000000   Code   RO         1000    .ARM.Collect$$libshutdown$$00000003  c_w.l(libshutdown2.o)
    0x080001aa   0x00000000   Code   RO         1003    .ARM.Collect$$libshutdown$$00000006  c_w.l(libshutdown2.o)
    0x080001aa   0x00000000   Code   RO         1006    .ARM.Collect$$libshutdown$$00000009  c_w.l(libshutdown2.o)
    0x080001aa   0x00000000   Code   RO         1008    .ARM.Collect$$libshutdown$$0000000B  c_w.l(libshutdown2.o)
    0x080001aa   0x00000000   Code   RO         1011    .ARM.Collect$$libshutdown$$0000000E  c_w.l(libshutdown2.o)
    0x080001aa   0x00000002   Code   RO         1012    .ARM.Collect$$libshutdown$$0000000F  c_w.l(libshutdown2.o)
    0x080001ac   0x00000000   Code   RO          884    .ARM.Collect$$rtentry$$00000000  c_w.l(rtentry.o)
    0x080001ac   0x00000000   Code   RO          895    .ARM.Collect$$rtentry$$00000002  c_w.l(rtentry2.o)
    0x080001ac   0x00000006   Code   RO          907    .ARM.Collect$$rtentry$$00000004  c_w.l(rtentry4.o)
    0x080001b2   0x00000000   Code   RO          897    .ARM.Collect$$rtentry$$00000009  c_w.l(rtentry2.o)
    0x080001b2   0x00000004   Code   RO          898    .ARM.Collect$$rtentry$$0000000A  c_w.l(rtentry2.o)
    0x080001b6   0x00000000   Code   RO          900    .ARM.Collect$$rtentry$$0000000C  c_w.l(rtentry2.o)
    0x080001b6   0x00000008   Code   RO          901    .ARM.Collect$$rtentry$$0000000D  c_w.l(rtentry2.o)
    0x080001be   0x00000002   Code   RO          922    .ARM.Collect$$rtexit$$00000000  c_w.l(rtexit.o)
    0x080001c0   0x00000000   Code   RO          968    .ARM.Collect$$rtexit$$00000002  c_w.l(rtexit2.o)
    0x080001c0   0x00000004   Code   RO          969    .ARM.Collect$$rtexit$$00000003  c_w.l(rtexit2.o)
    0x080001c4   0x00000006   Code   RO          970    .ARM.Collect$$rtexit$$00000004  c_w.l(rtexit2.o)
    0x080001ca   0x00000002   PAD
    0x080001cc   0x00000618   Code   RO          233    .text               stm32f10x_fsmc.o
    0x080007e4   0x00000358   Code   RO          245    .text               stm32f10x_gpio.o
    0x08000b3c   0x000003a4   Code   RO          293    .text               stm32f10x_rcc.o
    0x08000ee0   0x000001d8   Code   RO          378    .text               system_stm32f10x.o
    0x080010b8   0x00000040   Code   RO          418    .text               startup_stm32f10x_hd.o
    0x080010f8   0x00000088   Code   RO          422    .text               main.o
    0x08001180   0x00000028   Code   RO          478    .text               stm32f10x_it.o
    0x080011a8   0x00000118   Code   RO          493    .text               sram.o
    0x080012c0   0x00000728   Code   RO          508    .text               os_core.o
    0x080019e8   0x000003e0   Code   RO          570    .text               os_task.o
    0x08001dc8   0x00000070   Code   RO          582    .text               os_time.o
    0x08001e38   0x000000aa   Code   RO          600    .text               os_cpu_c.o
    0x08001ee2   0x00000002   PAD
    0x08001ee4   0x000000a4   Code   RO          628    .text               os_cpu_a.o
    0x08001f88   0x000000d0   Code   RO          631    .text               task_startup.o
    0x08002058   0x000001f0   Code   RO          652    .text               lib_mem.o
    0x08002248   0x000008c0   Code   RO          676    .text               array.o
    0x08002b08   0x00000046   Code   RO          691    .text               common.o
    0x08002b4e   0x00000264   Code   RO          856    .text               c_w.l(qsortnoex.o)
    0x08002db2   0x00000064   Code   RO          858    .text               c_w.l(rt_memcpy_w.o)
    0x08002e16   0x0000007a   Code   RO          860    .text               c_w.l(rt_memmove_w.o)
    0x08002e90   0x00000044   Code   RO          862    .text               c_w.l(rt_memclr.o)
    0x08002ed4   0x00000080   Code   RO          864    .text               c_w.l(strcmpv7m.o)
    0x08002f54   0x00000006   Code   RO          866    .text               c_w.l(heapauxi.o)
    0x08002f5a   0x0000004e   Code   RO          885    .text               c_w.l(rt_memclr_w.o)
    0x08002fa8   0x0000004a   Code   RO          909    .text               c_w.l(sys_stackheap_outer.o)
    0x08002ff2   0x0000000c   Code   RO          911    .text               c_w.l(exit.o)
    0x08002ffe   0x00000002   PAD
    0x08003000   0x00000008   Code   RO          919    .text               c_w.l(libspace.o)
    0x08003008   0x0000000c   Code   RO          978    .text               c_w.l(sys_exit.o)
    0x08003014   0x00000002   Code   RO          989    .text               c_w.l(use_no_semi.o)
    0x08003016   0x00000000   Code   RO          991    .text               c_w.l(indicate_semi.o)
    0x08003016   0x00000018   Code   RO          887    x$fpl$fcmpinf       fz_ws.l(fcmpi.o)
    0x0800302e   0x00000002   PAD
    0x08003030   0x0000003e   Code   RO          870    x$fpl$ffixu         fz_ws.l(ffixu.o)
    0x0800306e   0x00000002   PAD
    0x08003070   0x00000026   Code   RO          874    x$fpl$ffltu         fz_ws.l(fflt_clz.o)
    0x08003096   0x00000002   PAD
    0x08003098   0x00000068   Code   RO          880    x$fpl$fleqf         fz_ws.l(fleqf.o)
    0x08003100   0x00000102   Code   RO          882    x$fpl$fmul          fz_ws.l(fmul.o)
    0x08003202   0x0000008c   Code   RO          889    x$fpl$fnaninf       fz_ws.l(fnaninf.o)
    0x0800328e   0x0000000a   Code   RO          891    x$fpl$fretinf       fz_ws.l(fretinf.o)
    0x08003298   0x00000000   Code   RO          893    x$fpl$usenofp       fz_ws.l(usenofp.o)
    0x08003298   0x00000028   Data   RO          424    .constdata          main.o
    0x080032c0   0x00000100   Data   RO          510    .constdata          os_core.o
    0x080033c0   0x00000020   Data   RO         1043    Region$$Table       anon$$obj.o


    Execution Region RW_IRAM1 (Base: 0x20000000, Size: 0x00001658, Max: 0x00010000, ABSOLUTE)

    Base Addr    Size         Type   Attr      Idx    E Section Name        Object

    0x20000000   0x00000014   Data   RW          294    .data               stm32f10x_rcc.o
    0x20000014   0x00000014   Data   RW          379    .data               system_stm32f10x.o
    0x20000028   0x00000028   Data   RW          511    .data               os_core.o
    0x20000050   0x00000014   Data   RW          654    .data               lib_mem.o
    0x20000064   0x00000140   Zero   RW          423    .bss                main.o
    0x200001a4   0x00000a50   Zero   RW          509    .bss                os_core.o
    0x20000bf4   0x00000400   Zero   RW          632    .bss                task_startup.o
    0x20000ff4   0x00000060   Zero   RW          920    .bss                c_w.l(libspace.o)
    0x20001054   0x00000004   PAD
    0x20001058   0x00000200   Zero   RW          416    HEAP                startup_stm32f10x_hd.o
    0x20001258   0x00000400   Zero   RW          415    STACK               startup_stm32f10x_hd.o



  Load Region LR$$.ARM.__AT_0x68000000 (Base: 0x68000000, Size: 0x00000000, Max: 0x000f4240, ABSOLUTE)

    Execution Region ER$$.ARM.__AT_0x68000000 (Base: 0x68000000, Size: 0x000f4240, Max: 0x000f4240, ABSOLUTE, UNINIT)

    Base Addr    Size         Type   Attr      Idx    E Section Name        Object

    0x68000000   0x000f4240   Zero   RW          653    .ARM.__AT_0x68000000  lib_mem.o


==============================================================================

Image component sizes


      Code (inc. data)   RO Data    RW Data    ZI Data      Debug   Object Name

      2240         18          0          0          0      14198   array.o
        70          0          0          0          0       1076   common.o
         0          0          0          0          0         32   core_cm3.o
       496         24          0         20    1000000       4645   lib_mem.o
       136         12         40          0        320      12075   main.o
      1832        160        256         40       2640      14245   os_core.o
       164         32          0          0          0        248   os_cpu_a.o
       170          0          0          0          0      10038   os_cpu_c.o
       992         40          0          0          0       3586   os_task.o
       112         16          0          0          0        524   os_time.o
       280         16          0          0          0       1737   sram.o
        64         26        304          0       1536        744   startup_stm32f10x_hd.o
      1560         54          0          0          0       5147   stm32f10x_fsmc.o
       856         40          0          0          0       5453   stm32f10x_gpio.o
        40          0          0          0          0       1214   stm32f10x_it.o
       932         44          0         20          0       8528   stm32f10x_rcc.o
         0          0          0          0          0     232092   stm32f10x_wwdg.o
       472         36          0         20          0       1603   system_stm32f10x.o
       208         26          0          0       1024      16454   task_startup.o

    ----------------------------------------------------------------------
     10626        544        632        100    1005520     333639   Object Totals
         0          0         32          0          0          0   (incl. Generated)
         2          0          0          0          0          0   (incl. Padding)

    ----------------------------------------------------------------------

      Code (inc. data)   RO Data    RW Data    ZI Data      Debug   Library Member Name

         8          0          0          0          0         68   __main.o
        52          8          0          0          0          0   __scatter.o
        26          0          0          0          0          0   __scatter_copy.o
        28          0          0          0          0          0   __scatter_zi.o
        12          0          0          0          0         72   exit.o
         6          0          0          0          0        152   heapauxi.o
         0          0          0          0          0          0   indicate_semi.o
         2          0          0          0          0          0   libinit.o
         2          0          0          0          0          0   libinit2.o
         2          0          0          0          0          0   libshutdown.o
         2          0          0          0          0          0   libshutdown2.o
         8          4          0          0         96         68   libspace.o
       612          0          0          0          0        136   qsortnoex.o
        68          0          0          0          0         68   rt_memclr.o
        78          0          0          0          0         80   rt_memclr_w.o
       100          0          0          0          0         80   rt_memcpy_w.o
       122          0          0          0          0         80   rt_memmove_w.o
         0          0          0          0          0          0   rtentry.o
        12          0          0          0          0          0   rtentry2.o
         6          0          0          0          0          0   rtentry4.o
         2          0          0          0          0          0   rtexit.o
        10          0          0          0          0          0   rtexit2.o
       128          0          0          0          0         68   strcmpv7m.o
        12          4          0          0          0         68   sys_exit.o
        74          0          0          0          0         80   sys_stackheap_outer.o
         2          0          0          0          0         68   use_no_semi.o
        24          0          0          0          0         68   fcmpi.o
        62          4          0          0          0         84   ffixu.o
        38          0          0          0          0         68   fflt_clz.o
       104          4          0          0          0         84   fleqf.o
       258          4          0          0          0         84   fmul.o
       140          4          0          0          0         84   fnaninf.o
        10          0          0          0          0         68   fretinf.o
         0          0          0          0          0          0   usenofp.o

    ----------------------------------------------------------------------
      2022         32          0          0        100       1628   Library Totals
        12          0          0          0          4          0   (incl. Padding)

    ----------------------------------------------------------------------

      Code (inc. data)   RO Data    RW Data    ZI Data      Debug   Library Name

      1374         16          0          0         96       1088   c_w.l
       636         16          0          0          0        540   fz_ws.l

    ----------------------------------------------------------------------
      2022         32          0          0        100       1628   Library Totals

    ----------------------------------------------------------------------

==============================================================================


      Code (inc. data)   RO Data    RW Data    ZI Data      Debug   

     12648        576        632        100    1005620     332667   Grand Totals
     12648        576        632        100    1005620     332667   ELF Image Totals
     12648        576        632        100          0          0   ROM Totals

==============================================================================

    Total RO  Size (Code + RO Data)                13280 (  12.97kB)
    Total RW  Size (RW Data + ZI Data)           1005720 ( 982.15kB)
    Total ROM Size (Code + RO Data + RW Data)      13380 (  13.07kB)

==============================================================================

